Archive member included because of file (symbol)

c:/program files (x86)/gnu tools arm embedded/4.8 2013q4/bin/../lib/gcc/arm-none-eabi/4.8.3/armv6-m\libgcc.a(_udivsi3.o)
                              main.o (__aeabi_uidiv)
c:/program files (x86)/gnu tools arm embedded/4.8 2013q4/bin/../lib/gcc/arm-none-eabi/4.8.3/armv6-m\libgcc.a(_divsi3.o)
                              main.o (__aeabi_idiv)
c:/program files (x86)/gnu tools arm embedded/4.8 2013q4/bin/../lib/gcc/arm-none-eabi/4.8.3/armv6-m\libgcc.a(_dvmd_tls.o)
                              c:/program files (x86)/gnu tools arm embedded/4.8 2013q4/bin/../lib/gcc/arm-none-eabi/4.8.3/armv6-m\libgcc.a(_udivsi3.o) (__aeabi_idiv0)

Allocating common symbols
Common symbol       size              file

__dso_handle        0x4               cortex_startup.o

Discarded input sections

 .group         0x00000000        0x8 main.o
 .group         0x00000000        0x8 main.o
 .group         0x00000000        0x8 main.o
 .group         0x00000000        0x8 main.o
 .group         0x00000000        0x8 main.o
 .group         0x00000000        0x8 main.o
 .group         0x00000000        0x8 main.o
 .group         0x00000000        0x8 main.o
 .group         0x00000000        0x8 main.o
 .group         0x00000000        0x8 main.o
 .group         0x00000000        0x8 main.o
 .group         0x00000000        0x8 main.o
 .group         0x00000000        0x8 main.o
 .group         0x00000000        0x8 main.o
 .group         0x00000000        0x8 main.o
 .group         0x00000000        0x8 main.o
 .group         0x00000000        0x8 main.o
 .group         0x00000000        0x8 main.o
 .group         0x00000000        0x8 main.o
 .group         0x00000000        0x8 main.o
 .group         0x00000000        0x8 main.o
 .group         0x00000000        0x8 main.o
 .text          0x00000000        0x0 main.o
 .data          0x00000000        0x0 main.o
 .bss           0x00000000        0x0 main.o
 .text          0x00000000        0x0 cortex_startup.o
 .data          0x00000000        0x0 cortex_startup.o
 .bss           0x00000000        0x0 cortex_startup.o
 COMMON         0x00000000        0x4 cortex_startup.o
 .data          0x00000000        0x0 c:/program files (x86)/gnu tools arm embedded/4.8 2013q4/bin/../lib/gcc/arm-none-eabi/4.8.3/armv6-m\libgcc.a(_udivsi3.o)
 .bss           0x00000000        0x0 c:/program files (x86)/gnu tools arm embedded/4.8 2013q4/bin/../lib/gcc/arm-none-eabi/4.8.3/armv6-m\libgcc.a(_udivsi3.o)
 .data          0x00000000        0x0 c:/program files (x86)/gnu tools arm embedded/4.8 2013q4/bin/../lib/gcc/arm-none-eabi/4.8.3/armv6-m\libgcc.a(_divsi3.o)
 .bss           0x00000000        0x0 c:/program files (x86)/gnu tools arm embedded/4.8 2013q4/bin/../lib/gcc/arm-none-eabi/4.8.3/armv6-m\libgcc.a(_divsi3.o)
 .data          0x00000000        0x0 c:/program files (x86)/gnu tools arm embedded/4.8 2013q4/bin/../lib/gcc/arm-none-eabi/4.8.3/armv6-m\libgcc.a(_dvmd_tls.o)
 .bss           0x00000000        0x0 c:/program files (x86)/gnu tools arm embedded/4.8 2013q4/bin/../lib/gcc/arm-none-eabi/4.8.3/armv6-m\libgcc.a(_dvmd_tls.o)

Memory Configuration

Name             Origin             Length             Attributes
rom              0x00000000         0x00008000         xr
ram              0x10000000         0x00001000         xrw
nul              0x20000000         0x00000000         xrw
*default*        0x00000000         0xffffffff

Linker script and memory map

LOAD main.o
LOAD cortex_startup.o
LOAD c:/program files (x86)/gnu tools arm embedded/4.8 2013q4/bin/../lib/gcc/arm-none-eabi/4.8.3/../../../../arm-none-eabi/lib/armv6-m\libstdc++.a
LOAD c:/program files (x86)/gnu tools arm embedded/4.8 2013q4/bin/../lib/gcc/arm-none-eabi/4.8.3/../../../../arm-none-eabi/lib/armv6-m\libm.a
START GROUP
LOAD c:/program files (x86)/gnu tools arm embedded/4.8 2013q4/bin/../lib/gcc/arm-none-eabi/4.8.3/armv6-m\libgcc.a
LOAD c:/program files (x86)/gnu tools arm embedded/4.8 2013q4/bin/../lib/gcc/arm-none-eabi/4.8.3/../../../../arm-none-eabi/lib/armv6-m\libc.a
END GROUP
                0x00000400                __main_stack_size = 0x400
                0x00000000                __process_stack_size = 0x0
                [0x00000400]                PROVIDE (__main_stack_size, __main_stack_size)
                [0x00000000]                PROVIDE (__process_stack_size, __process_stack_size)
                0x00000000                __rom_start = ORIGIN (rom)
                0x00008000                __rom_size = 0x8000
                0x00008000                __rom_end = (__rom_start + __rom_size)
                0x10000000                __ram_start = ORIGIN (ram)
                0x00001000                __ram_size = 0x1000
                0x10001000                __ram_end = (__ram_start + __ram_size)
                [0x00000000]                PROVIDE (__rom_start, __rom_start)
                [0x00008000]                PROVIDE (__rom_size, __rom_size)
                [0x00008000]                PROVIDE (__rom_end, __rom_end)
                [0x10000000]                PROVIDE (__ram_start, __ram_start)
                [0x00001000]                PROVIDE (__ram_size, __ram_size)
                [0x10001000]                PROVIDE (__ram_end, __ram_end)

.text           0x00000000      0x744
                0x00000000                . = ALIGN (0x4)
                0x00000000                __text_start = .
                [0x00000000]                PROVIDE (__text_start, __text_start)
                0x00000000                . = ALIGN (0x4)
 *(.vectors)
 .vectors       0x00000000       0x20 cortex_startup.o
                0x00000000                __vectors
                0x00000020                . = ALIGN (0x4)
 *(.text .text.* .gnu.linkonce.t.*)
 .text._ZN5hwcpp12lpc1114_baseILi4096ELi32768ELi48000000EE4uartILj38400EE3putEc
                0x00000020       0x10 main.o
                0x00000020                hwcpp::lpc1114_base<4096, 32768, 48000000>::uart<38400u>::put(char)
 .text._ZN5hwcpp12lpc1114_baseILi4096ELi32768ELi48000000EE16initialize_clockEv.part.8
                0x00000030       0x44 main.o
 .text._ZNSt7ostream6fillerEi
                0x00000074       0x1a main.o
                0x00000074                std::ostream::filler(int)
 .text._ZStlsRSt7ostreamPKc
                0x0000008e       0x5e main.o
                0x0000008e                std::operator<<(std::ostream&, char const*)
 .text._ZStlsRSt7ostreami
                0x000000ec       0xd2 main.o
                0x000000ec                std::operator<<(std::ostream&, int)
 *fill*         0x000001be        0x2 
 .text._ZN5hwcpp12lpc1114_baseILi4096ELi32768ELi48000000EE4uartILj38400EE4initEv
                0x000001c0       0xb8 main.o
                0x000001c0                hwcpp::lpc1114_base<4096, 32768, 48000000>::uart<38400u>::init()
 .text._ZN5hwcpp13timing_waiterINS_12lpc1114_baseILi4096ELi32768ELi48000000EE8timer_64EE3nowEv
                0x00000278       0x50 main.o
                0x00000278                hwcpp::timing_waiter<hwcpp::lpc1114_base<4096, 32768, 48000000>::timer_64>::now()
 .text._ZN5hwcpp20add_timing_templatesINS_13timing_waiterINS_12lpc1114_baseILi4096ELi32768ELi48000000EE8timer_64EEEE2nsILy1000ELy18446744073709550616EE4waitEv
                0x000002c8       0x2a main.o
                0x000002c8                hwcpp::add_timing_templates<hwcpp::timing_waiter<hwcpp::lpc1114_base<4096, 32768, 48000000>::timer_64> >::ns<1000ull, 18446744073709550616ull>::wait()
 *fill*         0x000002f2        0x2 
 .text._ZN5hwcpp12lpc1114_baseILi4096ELi32768ELi48000000EE6pin_ocILi0ELi4EE3setEb
                0x000002f4       0x24 main.o
                0x000002f4                hwcpp::lpc1114_base<4096, 32768, 48000000>::pin_oc<0, 4>::set(bool)
 .text._ZN5hwcpp12lpc1114_baseILi4096ELi32768ELi48000000EE6pin_ocILi0ELi5EE3setEb
                0x00000318       0x24 main.o
                0x00000318                hwcpp::lpc1114_base<4096, 32768, 48000000>::pin_oc<0, 5>::set(bool)
 .text._ZN5hwcpp25i2c_bus_master_bb_scl_sdaINS_12lpc1114_baseILi4096ELi32768ELi48000000EE6pin_ocILi0ELi4EEENS3_ILi0ELi5EEEXadL_ZNS_20add_timing_templatesINS_13timing_waiterINS2_8timer_64EEEE2nsILy1000ELy18446744073709550616EE4waitEvEEE11write_startEv
                0x0000033c       0x18 main.o
                0x0000033c                hwcpp::i2c_bus_master_bb_scl_sda<hwcpp::lpc1114_base<4096, 32768, 48000000>::pin_oc<0, 4>, hwcpp::lpc1114_base<4096, 32768, 48000000>::pin_oc<0, 5>, &hwcpp::add_timing_templates<hwcpp::timing_waiter<hwcpp::lpc1114_base<4096, 32768, 48000000>::timer_64> >::ns<1000ull, 18446744073709550616ull>::wait>::write_start()
 .text._ZN5hwcpp25i2c_bus_master_bb_scl_sdaINS_12lpc1114_baseILi4096ELi32768ELi48000000EE6pin_ocILi0ELi4EEENS3_ILi0ELi5EEEXadL_ZNS_20add_timing_templatesINS_13timing_waiterINS2_8timer_64EEEE2nsILy1000ELy18446744073709550616EE4waitEvEEE10write_stopEv
                0x00000354       0x2c main.o
                0x00000354                hwcpp::i2c_bus_master_bb_scl_sda<hwcpp::lpc1114_base<4096, 32768, 48000000>::pin_oc<0, 4>, hwcpp::lpc1114_base<4096, 32768, 48000000>::pin_oc<0, 5>, &hwcpp::add_timing_templates<hwcpp::timing_waiter<hwcpp::lpc1114_base<4096, 32768, 48000000>::timer_64> >::ns<1000ull, 18446744073709550616ull>::wait>::write_stop()
 .text._ZN5hwcpp25i2c_bus_master_bb_scl_sdaINS_12lpc1114_baseILi4096ELi32768ELi48000000EE6pin_ocILi0ELi4EEENS3_ILi0ELi5EEEXadL_ZNS_20add_timing_templatesINS_13timing_waiterINS2_8timer_64EEEE2nsILy1000ELy18446744073709550616EE4waitEvEEE4initEv
                0x00000380       0x58 main.o
                0x00000380                hwcpp::i2c_bus_master_bb_scl_sda<hwcpp::lpc1114_base<4096, 32768, 48000000>::pin_oc<0, 4>, hwcpp::lpc1114_base<4096, 32768, 48000000>::pin_oc<0, 5>, &hwcpp::add_timing_templates<hwcpp::timing_waiter<hwcpp::lpc1114_base<4096, 32768, 48000000>::timer_64> >::ns<1000ull, 18446744073709550616ull>::wait>::init()
 .text._ZN5hwcpp25i2c_bus_master_bb_scl_sdaINS_12lpc1114_baseILi4096ELi32768ELi48000000EE6pin_ocILi0ELi4EEENS3_ILi0ELi5EEEXadL_ZNS_20add_timing_templatesINS_13timing_waiterINS2_8timer_64EEEE2nsILy1000ELy18446744073709550616EE4waitEvEEE9write_bitEb
                0x000003d8       0x20 main.o
                0x000003d8                hwcpp::i2c_bus_master_bb_scl_sda<hwcpp::lpc1114_base<4096, 32768, 48000000>::pin_oc<0, 4>, hwcpp::lpc1114_base<4096, 32768, 48000000>::pin_oc<0, 5>, &hwcpp::add_timing_templates<hwcpp::timing_waiter<hwcpp::lpc1114_base<4096, 32768, 48000000>::timer_64> >::ns<1000ull, 18446744073709550616ull>::wait>::write_bit(bool)
 .text._ZN5hwcpp25i2c_bus_master_bb_scl_sdaINS_12lpc1114_baseILi4096ELi32768ELi48000000EE6pin_ocILi0ELi4EEENS3_ILi0ELi5EEEXadL_ZNS_20add_timing_templatesINS_13timing_waiterINS2_8timer_64EEEE2nsILy1000ELy18446744073709550616EE4waitEvEEE10write_byteEh
                0x000003f8       0x18 main.o
                0x000003f8                hwcpp::i2c_bus_master_bb_scl_sda<hwcpp::lpc1114_base<4096, 32768, 48000000>::pin_oc<0, 4>, hwcpp::lpc1114_base<4096, 32768, 48000000>::pin_oc<0, 5>, &hwcpp::add_timing_templates<hwcpp::timing_waiter<hwcpp::lpc1114_base<4096, 32768, 48000000>::timer_64> >::ns<1000ull, 18446744073709550616ull>::wait>::write_byte(unsigned char)
 .text._ZN5hwcpp25i2c_bus_master_bb_scl_sdaINS_12lpc1114_baseILi4096ELi32768ELi48000000EE6pin_ocILi0ELi4EEENS3_ILi0ELi5EEEXadL_ZNS_20add_timing_templatesINS_13timing_waiterINS2_8timer_64EEEE2nsILy1000ELy18446744073709550616EE4waitEvEEE8read_bitEv
                0x00000410       0x30 main.o
                0x00000410                hwcpp::i2c_bus_master_bb_scl_sda<hwcpp::lpc1114_base<4096, 32768, 48000000>::pin_oc<0, 4>, hwcpp::lpc1114_base<4096, 32768, 48000000>::pin_oc<0, 5>, &hwcpp::add_timing_templates<hwcpp::timing_waiter<hwcpp::lpc1114_base<4096, 32768, 48000000>::timer_64> >::ns<1000ull, 18446744073709550616ull>::wait>::read_bit()
 .text._ZN5hwcpp25i2c_bus_master_bb_scl_sdaINS_12lpc1114_baseILi4096ELi32768ELi48000000EE6pin_ocILi0ELi4EEENS3_ILi0ELi5EEEXadL_ZNS_20add_timing_templatesINS_13timing_waiterINS2_8timer_64EEEE2nsILy1000ELy18446744073709550616EE4waitEvEEE8read_ackEv
                0x00000440        0xe main.o
                0x00000440                hwcpp::i2c_bus_master_bb_scl_sda<hwcpp::lpc1114_base<4096, 32768, 48000000>::pin_oc<0, 4>, hwcpp::lpc1114_base<4096, 32768, 48000000>::pin_oc<0, 5>, &hwcpp::add_timing_templates<hwcpp::timing_waiter<hwcpp::lpc1114_base<4096, 32768, 48000000>::timer_64> >::ns<1000ull, 18446744073709550616ull>::wait>::read_ack()
 .text._ZN5hwcpp25i2c_bus_master_bb_scl_sdaINS_12lpc1114_baseILi4096ELi32768ELi48000000EE6pin_ocILi0ELi4EEENS3_ILi0ELi5EEEXadL_ZNS_20add_timing_templatesINS_13timing_waiterINS2_8timer_64EEEE2nsILy1000ELy18446744073709550616EE4waitEvEEE5writeEhPKhi
                0x0000044e       0x34 main.o
                0x0000044e                hwcpp::i2c_bus_master_bb_scl_sda<hwcpp::lpc1114_base<4096, 32768, 48000000>::pin_oc<0, 4>, hwcpp::lpc1114_base<4096, 32768, 48000000>::pin_oc<0, 5>, &hwcpp::add_timing_templates<hwcpp::timing_waiter<hwcpp::lpc1114_base<4096, 32768, 48000000>::timer_64> >::ns<1000ull, 18446744073709550616ull>::wait>::write(unsigned char, unsigned char const*, int)
 *fill*         0x00000482        0x2 
 .text.startup.main
                0x00000484       0xec main.o
                0x00000484                main
 .text.__startup
                0x00000570       0x54 cortex_startup.o
                0x00000570                __startup
 .text          0x000005c4       0x9c c:/program files (x86)/gnu tools arm embedded/4.8 2013q4/bin/../lib/gcc/arm-none-eabi/4.8.3/armv6-m\libgcc.a(_udivsi3.o)
                0x000005c4                __aeabi_uidiv
                0x000005c4                __udivsi3
                0x0000064c                __aeabi_uidivmod
 .text          0x00000660       0xc0 c:/program files (x86)/gnu tools arm embedded/4.8 2013q4/bin/../lib/gcc/arm-none-eabi/4.8.3/armv6-m\libgcc.a(_divsi3.o)
                0x00000660                __divsi3
                0x00000660                __aeabi_idiv
                0x0000070c                __aeabi_idivmod
 .text          0x00000720        0x4 c:/program files (x86)/gnu tools arm embedded/4.8 2013q4/bin/../lib/gcc/arm-none-eabi/4.8.3/armv6-m\libgcc.a(_dvmd_tls.o)
                0x00000720                __aeabi_idiv0
                0x00000720                __aeabi_ldiv0
                0x00000724                . = ALIGN (0x4)
 *(.glue_7t .glue_7)
 .glue_7        0x00000000        0x0 linker stubs
 .glue_7t       0x00000000        0x0 linker stubs
                0x00000724                . = ALIGN (0x4)
 *(.rodata .rodata.* .gnu.linkonce.r.*)
 .rodata.str1.1
                0x00000724       0x1e main.o
                                 0x20 (size before relaxing)
                0x00000744                . = ALIGN (0x4)
 *fill*         0x00000742        0x2 
 *(.ARM.extab* .gnu.linkonce.armextab.*)
                0x00000744                . = ALIGN (0x4)
 *(.gcc_except_table)
                0x00000744                . = ALIGN (0x4)
 *(.eh_frame_hdr)
                0x00000744                . = ALIGN (0x4)
 *(.eh_frame)
                0x00000744                . = ALIGN (0x4)
                0x00000744                __text_end = .
                [0x00000744]                PROVIDE (__text_end, __text_end)

.vfp11_veneer   0x00000744        0x0
 .vfp11_veneer  0x00000000        0x0 linker stubs

.v4_bx          0x00000744        0x0
 .v4_bx         0x00000000        0x0 linker stubs

.iplt           0x00000744        0x0
 .iplt          0x00000000        0x0 main.o

.rel.dyn        0x00000744        0x0
 .rel.iplt      0x00000000        0x0 main.o

.IF_YOU_SEE_THIS_YOU_HAVE_ONE_OR_MORE_GLOBAL_OBJECT_CONSTRUCTORS
 *(.init)
 *(.preinit_array)
 *(SORT(.init_array.*))
 *(.init_array)
                0x00000744                . = ALIGN (0x4)
                0x00000744                __exidx_start = .
                [0x00000744]                PROVIDE (__exidx_start, __exidx_start)

.ARM.exidx
 *(.ARM.exidx* .gnu.linkonce.armexidx.*)
                0x00000744                . = ALIGN (0x4)
                0x00000744                __exidx_end = .
                [0x00000744]                PROVIDE (__exidx_end, __exidx_end)

.data           0x10000000       0x14 load address 0x00000744
                0x10000000                . = ALIGN (0x4)
                0x00000744                __data_init_start = LOADADDR (.data)
                [0x00000744]                PROVIDE (__data_init_start, __data_init_start)
                0x10000000                __data_start = .
                [0x10000000]                PROVIDE (__data_start, __data_start)
                0x10000000                . = ALIGN (0x4)
 *(.data .data.* .gnu.linkonce.d.*)
 .data._ZSt4cout
                0x10000000       0x14 main.o
                0x10000000                std::cout
                0x10000014                . = ALIGN (0x4)
                0x10000014                __data_end = .
                [0x10000014]                PROVIDE (__data_end, __data_end)

.igot.plt       0x10000014        0x0 load address 0x00000758
 .igot.plt      0x00000000        0x0 main.o

.bss            0x10000018       0x10
                0x10000018                . = ALIGN (0x4)
                0x10000018                __bss_start = .
                [0x10000018]                PROVIDE (__bss_start, __bss_start)
                0x10000018                . = ALIGN (0x4)
 *(.bss .bss.* .gnu.linkonce.b.*)
 .bss._ZZN5hwcpp12lpc1114_baseILi4096ELi32768ELi48000000EE8timer_643nowEvE4high
                0x10000018        0x8 main.o
                0x10000018                hwcpp::lpc1114_base<4096, 32768, 48000000>::timer_64::now()::high
 .bss._ZZN5hwcpp12lpc1114_baseILi4096ELi32768ELi48000000EE8timer_643nowEvE8last_low
                0x10000020        0x4 main.o
                0x10000020                hwcpp::lpc1114_base<4096, 32768, 48000000>::timer_64::now()::last_low
 .bss._ZZN5hwcpp12lpc1114_baseILi4096ELi32768ELi48000000EE16initialize_clockEvE4done
                0x10000024        0x1 main.o
                0x10000024                hwcpp::lpc1114_base<4096, 32768, 48000000>::initialize_clock()::done
 .bss._ZN5hwcpp8mcp_gpioINS_9mcp23_i2cINS_25i2c_bus_master_bb_scl_sdaINS_12lpc1114_baseILi4096ELi32768ELi48000000EE6pin_ocILi0ELi4EEENS5_ILi0ELi5EEEXadL_ZNS_20add_timing_templatesINS_13timing_waiterINS4_8timer_64EEEE2nsILy1000ELy18446744073709550616EE4waitEvEEEELi39EEELi0EE7pullupsE
                0x10000025        0x1 main.o
                0x10000025                hwcpp::mcp_gpio<hwcpp::mcp23_i2c<hwcpp::i2c_bus_master_bb_scl_sda<hwcpp::lpc1114_base<4096, 32768, 48000000>::pin_oc<0, 4>, hwcpp::lpc1114_base<4096, 32768, 48000000>::pin_oc<0, 5>, &hwcpp::add_timing_templates<hwcpp::timing_waiter<hwcpp::lpc1114_base<4096, 32768, 48000000>::timer_64> >::ns<1000ull, 18446744073709550616ull>::wait>, 39>, 0>::pullups
 .bss._ZN5hwcpp8mcp_gpioINS_9mcp23_i2cINS_25i2c_bus_master_bb_scl_sdaINS_12lpc1114_baseILi4096ELi32768ELi48000000EE6pin_ocILi0ELi4EEENS5_ILi0ELi5EEEXadL_ZNS_20add_timing_templatesINS_13timing_waiterINS4_8timer_64EEEE2nsILy1000ELy18446744073709550616EE4waitEvEEEELi39EEELi0EE9directionE
                0x10000026        0x1 main.o
                0x10000026                hwcpp::mcp_gpio<hwcpp::mcp23_i2c<hwcpp::i2c_bus_master_bb_scl_sda<hwcpp::lpc1114_base<4096, 32768, 48000000>::pin_oc<0, 4>, hwcpp::lpc1114_base<4096, 32768, 48000000>::pin_oc<0, 5>, &hwcpp::add_timing_templates<hwcpp::timing_waiter<hwcpp::lpc1114_base<4096, 32768, 48000000>::timer_64> >::ns<1000ull, 18446744073709550616ull>::wait>, 39>, 0>::direction
                0x10000028                . = ALIGN (0x4)
 *fill*         0x10000027        0x1 
 *(COMMON)
                0x10000028                . = ALIGN (0x4)
                0x10000028                __bss_end = .
                [0x10000028]                PROVIDE (__bss_end, __bss_end)

.stack          0x10000028      0x400
                0x10000028                . = ALIGN (0x8)
                0x10000028                __stack_start = .
                [0x10000028]                PROVIDE (__stack_start, __stack_start)
                0x10000028                . = ALIGN (0x8)
                0x10000028                __main_stack_start = .
                [0x10000028]                PROVIDE (__main_stack_start, __main_stack_start)
                0x10000428                . = (. + __main_stack_size)
 *fill*         0x10000028      0x400 
                0x10000428                . = ALIGN (0x8)
                0x10000428                __main_stack_end = .
                [0x10000428]                PROVIDE (__main_stack_end, __main_stack_end)
                0x10000428                . = ALIGN (0x8)
                0x10000428                __process_stack_start = .
                [0x10000428]                PROVIDE (__process_stack_start, __process_stack_start)
                0x10000428                . = (. + __process_stack_size)
                0x10000428                . = ALIGN (0x8)
                0x10000428                __process_stack_end = .
                [0x10000428]                PROVIDE (__process_stack_end, __process_stack_end)
                0x10000428                . = ALIGN (0x8)
                0x10000428                __stack_end = .
                [0x10000428]                PROVIDE (__stack_end, __stack_end)
                0x10000428                . = ALIGN (0x4)
                0x10000428                __heap_start = .
                [0x10000428]                PROVIDE (__heap_start, __heap_start)
                0x10000428                . = ALIGN (0x4)
                0x10001000                __heap_end = __ram_end
                [0x10001000]                PROVIDE (__heap_end, __heap_end)

.stab
 *(.stab)

.stabstr
 *(.stabstr)

.debug
 *(.debug)

.line
 *(.line)

.debug_srcinfo
 *(.debug_srcinfo)

.debug_sfnames
 *(.debug_sfnames)

.debug_aranges
 *(.debug_aranges)

.debug_pubnames
 *(.debug_pubnames)

.debug_info
 *(.debug_info .gnu.linkonce.wi.*)

.debug_abbrev
 *(.debug_abbrev)

.debug_line
 *(.debug_line)

.debug_frame    0x00000000       0x40
 *(.debug_frame)
 .debug_frame   0x00000000       0x20 c:/program files (x86)/gnu tools arm embedded/4.8 2013q4/bin/../lib/gcc/arm-none-eabi/4.8.3/armv6-m\libgcc.a(_udivsi3.o)
 .debug_frame   0x00000020       0x20 c:/program files (x86)/gnu tools arm embedded/4.8 2013q4/bin/../lib/gcc/arm-none-eabi/4.8.3/armv6-m\libgcc.a(_divsi3.o)

.comment        0x00000000       0x70
 .comment       0x00000000       0x70 main.o
                                 0x71 (size before relaxing)
 .comment       0x00000000       0x71 cortex_startup.o

.debug_str
 *(.debug_str)

.debug_loc
 *(.debug_loc)

.debug_macinfo
 *(.debug_macinfo)

.debug_weaknames
 *(.debug_weaknames)

.debug_funcnames
 *(.debug_funcnames)

.debug_typenames
 *(.debug_typenames)

.debug_varnames
 *(.debug_varnames)

.note.gnu.arm.ident
 *(.note.gnu.arm.ident)

.ARM.attributes
                0x00000000       0x31
 *(.ARM.attributes)
 .ARM.attributes
                0x00000000       0x31 main.o
 .ARM.attributes
                0x00000031       0x31 cortex_startup.o
 .ARM.attributes
                0x00000062       0x1e c:/program files (x86)/gnu tools arm embedded/4.8 2013q4/bin/../lib/gcc/arm-none-eabi/4.8.3/armv6-m\libgcc.a(_udivsi3.o)
 .ARM.attributes
                0x00000080       0x1e c:/program files (x86)/gnu tools arm embedded/4.8 2013q4/bin/../lib/gcc/arm-none-eabi/4.8.3/armv6-m\libgcc.a(_divsi3.o)
 .ARM.attributes
                0x0000009e       0x1e c:/program files (x86)/gnu tools arm embedded/4.8 2013q4/bin/../lib/gcc/arm-none-eabi/4.8.3/armv6-m\libgcc.a(_dvmd_tls.o)

/DISCARD/
 *(.note.GNU-stack)
                0x00000744                PROVIDE (__text_size, (__text_end - __text_start))
                0x00000000                PROVIDE (__exidx_size, (__exidx_end - __exidx_start))
                0x00000014                PROVIDE (__data_size, (__data_end - __data_start))
                0x00000010                PROVIDE (__bss_size, (__bss_end - __bss_start))
                0x00000400                PROVIDE (__stack_size, (__stack_end - __stack_start))
                0x00000bd8                PROVIDE (__heap_size, (__heap_end - __heap_start))
OUTPUT(main.elf elf32-littlearm)
