Archive member included because of file (symbol)

c:/program files (x86)/gnu tools arm embedded/4.8 2013q4/bin/../lib/gcc/arm-none-eabi/4.8.3/../../../../arm-none-eabi/lib/armv6-m\libstdc++.a(atexit_arm.o)
                              main.o (__aeabi_atexit)
c:/program files (x86)/gnu tools arm embedded/4.8 2013q4/bin/../lib/gcc/arm-none-eabi/4.8.3/armv6-m\libgcc.a(_udivsi3.o)
                              main.o (__aeabi_uidiv)
c:/program files (x86)/gnu tools arm embedded/4.8 2013q4/bin/../lib/gcc/arm-none-eabi/4.8.3/armv6-m\libgcc.a(_divsi3.o)
                              main.o (__aeabi_idiv)
c:/program files (x86)/gnu tools arm embedded/4.8 2013q4/bin/../lib/gcc/arm-none-eabi/4.8.3/armv6-m\libgcc.a(_dvmd_tls.o)
                              c:/program files (x86)/gnu tools arm embedded/4.8 2013q4/bin/../lib/gcc/arm-none-eabi/4.8.3/armv6-m\libgcc.a(_udivsi3.o) (__aeabi_idiv0)
c:/program files (x86)/gnu tools arm embedded/4.8 2013q4/bin/../lib/gcc/arm-none-eabi/4.8.3/../../../../arm-none-eabi/lib/armv6-m\libc.a(lib_a-cxa_atexit.o)
                              c:/program files (x86)/gnu tools arm embedded/4.8 2013q4/bin/../lib/gcc/arm-none-eabi/4.8.3/../../../../arm-none-eabi/lib/armv6-m\libstdc++.a(atexit_arm.o) (__cxa_atexit)
c:/program files (x86)/gnu tools arm embedded/4.8 2013q4/bin/../lib/gcc/arm-none-eabi/4.8.3/../../../../arm-none-eabi/lib/armv6-m\libc.a(lib_a-__atexit.o)
                              c:/program files (x86)/gnu tools arm embedded/4.8 2013q4/bin/../lib/gcc/arm-none-eabi/4.8.3/../../../../arm-none-eabi/lib/armv6-m\libc.a(lib_a-cxa_atexit.o) (__register_exitproc)
c:/program files (x86)/gnu tools arm embedded/4.8 2013q4/bin/../lib/gcc/arm-none-eabi/4.8.3/../../../../arm-none-eabi/lib/armv6-m\libc.a(lib_a-impure.o)
                              c:/program files (x86)/gnu tools arm embedded/4.8 2013q4/bin/../lib/gcc/arm-none-eabi/4.8.3/../../../../arm-none-eabi/lib/armv6-m\libc.a(lib_a-__atexit.o) (_global_impure_ptr)

Allocating common symbols
Common symbol       size              file

__dso_handle        0x4               cortex_startup.o

Discarded input sections

 .group         0x00000000        0x8 main.o
 .group         0x00000000        0x8 main.o
 .group         0x00000000        0x8 main.o
 .group         0x00000000        0x8 main.o
 .group         0x00000000        0x8 main.o
 .group         0x00000000        0x8 main.o
 .group         0x00000000        0x8 main.o
 .group         0x00000000        0x8 main.o
 .group         0x00000000        0x8 main.o
 .group         0x00000000        0x8 main.o
 .group         0x00000000        0x8 main.o
 .group         0x00000000        0x8 main.o
 .group         0x00000000        0x8 main.o
 .group         0x00000000        0x8 main.o
 .group         0x00000000        0x8 main.o
 .group         0x00000000        0x8 main.o
 .group         0x00000000        0x8 main.o
 .group         0x00000000        0x8 main.o
 .group         0x00000000        0x8 main.o
 .group         0x00000000        0x8 main.o
 .group         0x00000000        0x8 main.o
 .group         0x00000000        0x8 main.o
 .group         0x00000000        0x8 main.o
 .group         0x00000000        0x8 main.o
 .group         0x00000000        0x8 main.o
 .group         0x00000000        0x8 main.o
 .group         0x00000000        0x8 main.o
 .group         0x00000000        0x8 main.o
 .group         0x00000000        0x8 main.o
 .group         0x00000000        0x8 main.o
 .group         0x00000000        0x8 main.o
 .group         0x00000000        0x8 main.o
 .group         0x00000000        0x8 main.o
 .group         0x00000000        0x8 main.o
 .group         0x00000000        0x8 main.o
 .group         0x00000000        0x8 main.o
 .text          0x00000000        0x0 main.o
 .data          0x00000000        0x0 main.o
 .bss           0x00000000        0x0 main.o
 .rodata._ZTVN5hwcpp37callback_administration_double_linkedINS_21timing_implementationINS_12lpc1114_baseILi4096ELi32768ELi48000000EE8timer_64EEEE5clockINS_20add_timing_templatesIS6_E2msILy10ELy18446744073709551615EEEvEE
                0x00000000       0x10 main.o
 .data._ZSt4cout
                0x00000000       0x14 main.o
 .text          0x00000000        0x0 cortex_startup.o
 .data          0x00000000        0x0 cortex_startup.o
 .bss           0x00000000        0x0 cortex_startup.o
 .text          0x00000000        0x0 c:/program files (x86)/gnu tools arm embedded/4.8 2013q4/bin/../lib/gcc/arm-none-eabi/4.8.3/../../../../arm-none-eabi/lib/armv6-m\libstdc++.a(atexit_arm.o)
 .data          0x00000000        0x0 c:/program files (x86)/gnu tools arm embedded/4.8 2013q4/bin/../lib/gcc/arm-none-eabi/4.8.3/../../../../arm-none-eabi/lib/armv6-m\libstdc++.a(atexit_arm.o)
 .bss           0x00000000        0x0 c:/program files (x86)/gnu tools arm embedded/4.8 2013q4/bin/../lib/gcc/arm-none-eabi/4.8.3/../../../../arm-none-eabi/lib/armv6-m\libstdc++.a(atexit_arm.o)
 .ARM.extab.text.__aeabi_atexit
                0x00000000        0x0 c:/program files (x86)/gnu tools arm embedded/4.8 2013q4/bin/../lib/gcc/arm-none-eabi/4.8.3/../../../../arm-none-eabi/lib/armv6-m\libstdc++.a(atexit_arm.o)
 .data          0x00000000        0x0 c:/program files (x86)/gnu tools arm embedded/4.8 2013q4/bin/../lib/gcc/arm-none-eabi/4.8.3/armv6-m\libgcc.a(_udivsi3.o)
 .bss           0x00000000        0x0 c:/program files (x86)/gnu tools arm embedded/4.8 2013q4/bin/../lib/gcc/arm-none-eabi/4.8.3/armv6-m\libgcc.a(_udivsi3.o)
 .data          0x00000000        0x0 c:/program files (x86)/gnu tools arm embedded/4.8 2013q4/bin/../lib/gcc/arm-none-eabi/4.8.3/armv6-m\libgcc.a(_divsi3.o)
 .bss           0x00000000        0x0 c:/program files (x86)/gnu tools arm embedded/4.8 2013q4/bin/../lib/gcc/arm-none-eabi/4.8.3/armv6-m\libgcc.a(_divsi3.o)
 .data          0x00000000        0x0 c:/program files (x86)/gnu tools arm embedded/4.8 2013q4/bin/../lib/gcc/arm-none-eabi/4.8.3/armv6-m\libgcc.a(_dvmd_tls.o)
 .bss           0x00000000        0x0 c:/program files (x86)/gnu tools arm embedded/4.8 2013q4/bin/../lib/gcc/arm-none-eabi/4.8.3/armv6-m\libgcc.a(_dvmd_tls.o)
 .text          0x00000000        0x0 c:/program files (x86)/gnu tools arm embedded/4.8 2013q4/bin/../lib/gcc/arm-none-eabi/4.8.3/../../../../arm-none-eabi/lib/armv6-m\libc.a(lib_a-cxa_atexit.o)
 .data          0x00000000        0x0 c:/program files (x86)/gnu tools arm embedded/4.8 2013q4/bin/../lib/gcc/arm-none-eabi/4.8.3/../../../../arm-none-eabi/lib/armv6-m\libc.a(lib_a-cxa_atexit.o)
 .bss           0x00000000        0x0 c:/program files (x86)/gnu tools arm embedded/4.8 2013q4/bin/../lib/gcc/arm-none-eabi/4.8.3/../../../../arm-none-eabi/lib/armv6-m\libc.a(lib_a-cxa_atexit.o)
 .text          0x00000000        0x0 c:/program files (x86)/gnu tools arm embedded/4.8 2013q4/bin/../lib/gcc/arm-none-eabi/4.8.3/../../../../arm-none-eabi/lib/armv6-m\libc.a(lib_a-__atexit.o)
 .data          0x00000000        0x0 c:/program files (x86)/gnu tools arm embedded/4.8 2013q4/bin/../lib/gcc/arm-none-eabi/4.8.3/../../../../arm-none-eabi/lib/armv6-m\libc.a(lib_a-__atexit.o)
 .bss           0x00000000        0x0 c:/program files (x86)/gnu tools arm embedded/4.8 2013q4/bin/../lib/gcc/arm-none-eabi/4.8.3/../../../../arm-none-eabi/lib/armv6-m\libc.a(lib_a-__atexit.o)
 .text          0x00000000        0x0 c:/program files (x86)/gnu tools arm embedded/4.8 2013q4/bin/../lib/gcc/arm-none-eabi/4.8.3/../../../../arm-none-eabi/lib/armv6-m\libc.a(lib_a-impure.o)
 .data          0x00000000        0x0 c:/program files (x86)/gnu tools arm embedded/4.8 2013q4/bin/../lib/gcc/arm-none-eabi/4.8.3/../../../../arm-none-eabi/lib/armv6-m\libc.a(lib_a-impure.o)
 .bss           0x00000000        0x0 c:/program files (x86)/gnu tools arm embedded/4.8 2013q4/bin/../lib/gcc/arm-none-eabi/4.8.3/../../../../arm-none-eabi/lib/armv6-m\libc.a(lib_a-impure.o)
 .data._impure_ptr
                0x00000000        0x4 c:/program files (x86)/gnu tools arm embedded/4.8 2013q4/bin/../lib/gcc/arm-none-eabi/4.8.3/../../../../arm-none-eabi/lib/armv6-m\libc.a(lib_a-impure.o)

Memory Configuration

Name             Origin             Length             Attributes
rom              0x00000000         0x00008000         xr
ram              0x10000000         0x00001000         xrw
nul              0x20000000         0x00000000         xrw
*default*        0x00000000         0xffffffff

Linker script and memory map

LOAD main.o
LOAD cortex_startup.o
LOAD c:/program files (x86)/gnu tools arm embedded/4.8 2013q4/bin/../lib/gcc/arm-none-eabi/4.8.3/../../../../arm-none-eabi/lib/armv6-m\libstdc++.a
LOAD c:/program files (x86)/gnu tools arm embedded/4.8 2013q4/bin/../lib/gcc/arm-none-eabi/4.8.3/../../../../arm-none-eabi/lib/armv6-m\libm.a
START GROUP
LOAD c:/program files (x86)/gnu tools arm embedded/4.8 2013q4/bin/../lib/gcc/arm-none-eabi/4.8.3/armv6-m\libgcc.a
LOAD c:/program files (x86)/gnu tools arm embedded/4.8 2013q4/bin/../lib/gcc/arm-none-eabi/4.8.3/../../../../arm-none-eabi/lib/armv6-m\libc.a
END GROUP
                0x00000400                __main_stack_size = 0x400
                0x00000000                __process_stack_size = 0x0
                [0x00000400]                PROVIDE (__main_stack_size, __main_stack_size)
                [0x00000000]                PROVIDE (__process_stack_size, __process_stack_size)
                0x00000000                __rom_start = ORIGIN (rom)
                0x00008000                __rom_size = 0x8000
                0x00008000                __rom_end = (__rom_start + __rom_size)
                0x10000000                __ram_start = ORIGIN (ram)
                0x00001000                __ram_size = 0x1000
                0x10001000                __ram_end = (__ram_start + __ram_size)
                [0x00000000]                PROVIDE (__rom_start, __rom_start)
                [0x00008000]                PROVIDE (__rom_size, __rom_size)
                [0x00008000]                PROVIDE (__rom_end, __rom_end)
                [0x10000000]                PROVIDE (__ram_start, __ram_start)
                [0x00001000]                PROVIDE (__ram_size, __ram_size)
                [0x10001000]                PROVIDE (__ram_end, __ram_end)

.text           0x00000000      0xa28
                0x00000000                . = ALIGN (0x4)
                0x00000000                __text_start = .
                [0x00000000]                PROVIDE (__text_start, __text_start)
                0x00000000                . = ALIGN (0x4)
 *(.vectors)
 .vectors       0x00000000       0x20 cortex_startup.o
                0x00000000                __vectors
                0x00000020                . = ALIGN (0x4)
 *(.text .text.* .gnu.linkonce.t.*)
 .text._ZN5hwcpp37callback_administration_double_linkedINS_21timing_implementationINS_12lpc1114_baseILi4096ELi32768ELi48000000EE8timer_64EEEE5clockIvvE5visitENS_15moment_durationIxLx24EE6momentE
                0x00000020       0x1a main.o
                0x00000020                hwcpp::callback_administration_double_linked<hwcpp::timing_implementation<hwcpp::lpc1114_base<4096, 32768, 48000000>::timer_64> >::clock<void, void>::visit(hwcpp::moment_duration<long long, 24ll>::moment)
 .text._ZN5hwcpp37callback_administration_double_linkedINS_21timing_implementationINS_12lpc1114_baseILi4096ELi32768ELi48000000EE8timer_64EEEE4node8functionEv
                0x0000003a        0x2 main.o
                0x0000003a                hwcpp::callback_administration_double_linked<hwcpp::timing_implementation<hwcpp::lpc1114_base<4096, 32768, 48000000>::timer_64> >::node::function()
 .text._ZN5hwcpp37callback_administration_double_linkedINS_21timing_implementationINS_12lpc1114_baseILi4096ELi32768ELi48000000EE8timer_64EEEE5_node5visitENS_15moment_durationIxLx24EE6momentE
                0x0000003c        0x2 main.o
                0x0000003c                hwcpp::callback_administration_double_linked<hwcpp::timing_implementation<hwcpp::lpc1114_base<4096, 32768, 48000000>::timer_64> >::_node::visit(hwcpp::moment_duration<long long, 24ll>::moment)
 *fill*         0x0000003e        0x2 
 .text._ZN5hwcpp21seven_segment_displayINS_23callback_implementationINS_12lpc1114_baseILi4096ELi32768ELi48000000EE8timer_64ENS_37callback_administration_double_linkedEEENS_6invertINS_18port_out_from_pinsIINS3_17pin_in_out_pullupILi0ELi2EEENS9_ILi0ELi3EEENS3_6pin_ocILi0ELi4EEENSC_ILi0ELi5EEENS9_ILi0ELi6EEENS9_ILi0ELi7EEENS9_ILi0ELi8EEENS9_ILi0ELi9EEEEEEvEENS8_IINS9_ILi1ELi9EEENS9_ILi1ELi8EEENS9_ILi1ELi5EEENS3_20pin_in_out_ad_pullupILi1ELi4ELi5EEEEEENS_28seven_segments_table_defaultIvEEE12multiplexingD2Ev
                0x00000040       0x18 main.o
                0x00000040                hwcpp::seven_segment_display<hwcpp::callback_implementation<hwcpp::lpc1114_base<4096, 32768, 48000000>::timer_64, hwcpp::callback_administration_double_linked>, hwcpp::invert<hwcpp::port_out_from_pins<hwcpp::lpc1114_base<4096, 32768, 48000000>::pin_in_out_pullup<0, 2>, hwcpp::lpc1114_base<4096, 32768, 48000000>::pin_in_out_pullup<0, 3>, hwcpp::lpc1114_base<4096, 32768, 48000000>::pin_oc<0, 4>, hwcpp::lpc1114_base<4096, 32768, 48000000>::pin_oc<0, 5>, hwcpp::lpc1114_base<4096, 32768, 48000000>::pin_in_out_pullup<0, 6>, hwcpp::lpc1114_base<4096, 32768, 48000000>::pin_in_out_pullup<0, 7>, hwcpp::lpc1114_base<4096, 32768, 48000000>::pin_in_out_pullup<0, 8>, hwcpp::lpc1114_base<4096, 32768, 48000000>::pin_in_out_pullup<0, 9> >, void>, hwcpp::port_out_from_pins<hwcpp::lpc1114_base<4096, 32768, 48000000>::pin_in_out_pullup<1, 9>, hwcpp::lpc1114_base<4096, 32768, 48000000>::pin_in_out_pullup<1, 8>, hwcpp::lpc1114_base<4096, 32768, 48000000>::pin_in_out_pullup<1, 5>, hwcpp::lpc1114_base<4096, 32768, 48000000>::pin_in_out_ad_pullup<1, 4, 5> >, hwcpp::seven_segments_table_default<void> >::multiplexing::~multiplexing()
                0x00000040                hwcpp::seven_segment_display<hwcpp::callback_implementation<hwcpp::lpc1114_base<4096, 32768, 48000000>::timer_64, hwcpp::callback_administration_double_linked>, hwcpp::invert<hwcpp::port_out_from_pins<hwcpp::lpc1114_base<4096, 32768, 48000000>::pin_in_out_pullup<0, 2>, hwcpp::lpc1114_base<4096, 32768, 48000000>::pin_in_out_pullup<0, 3>, hwcpp::lpc1114_base<4096, 32768, 48000000>::pin_oc<0, 4>, hwcpp::lpc1114_base<4096, 32768, 48000000>::pin_oc<0, 5>, hwcpp::lpc1114_base<4096, 32768, 48000000>::pin_in_out_pullup<0, 6>, hwcpp::lpc1114_base<4096, 32768, 48000000>::pin_in_out_pullup<0, 7>, hwcpp::lpc1114_base<4096, 32768, 48000000>::pin_in_out_pullup<0, 8>, hwcpp::lpc1114_base<4096, 32768, 48000000>::pin_in_out_pullup<0, 9> >, void>, hwcpp::port_out_from_pins<hwcpp::lpc1114_base<4096, 32768, 48000000>::pin_in_out_pullup<1, 9>, hwcpp::lpc1114_base<4096, 32768, 48000000>::pin_in_out_pullup<1, 8>, hwcpp::lpc1114_base<4096, 32768, 48000000>::pin_in_out_pullup<1, 5>, hwcpp::lpc1114_base<4096, 32768, 48000000>::pin_in_out_ad_pullup<1, 4, 5> >, hwcpp::seven_segments_table_default<void> >::multiplexing::~multiplexing()
                0x00000040                hwcpp::seven_segment_display<hwcpp::callback_implementation<hwcpp::lpc1114_base<4096, 32768, 48000000>::timer_64, hwcpp::callback_administration_double_linked>, hwcpp::invert<hwcpp::port_out_from_pins<hwcpp::lpc1114_base<4096, 32768, 48000000>::pin_in_out_pullup<0, 2>, hwcpp::lpc1114_base<4096, 32768, 48000000>::pin_in_out_pullup<0, 3>, hwcpp::lpc1114_base<4096, 32768, 48000000>::pin_oc<0, 4>, hwcpp::lpc1114_base<4096, 32768, 48000000>::pin_oc<0, 5>, hwcpp::lpc1114_base<4096, 32768, 48000000>::pin_in_out_pullup<0, 6>, hwcpp::lpc1114_base<4096, 32768, 48000000>::pin_in_out_pullup<0, 7>, hwcpp::lpc1114_base<4096, 32768, 48000000>::pin_in_out_pullup<0, 8>, hwcpp::lpc1114_base<4096, 32768, 48000000>::pin_in_out_pullup<0, 9> >, void>, hwcpp::port_out_from_pins<hwcpp::lpc1114_base<4096, 32768, 48000000>::pin_in_out_pullup<1, 9>, hwcpp::lpc1114_base<4096, 32768, 48000000>::pin_in_out_pullup<1, 8>, hwcpp::lpc1114_base<4096, 32768, 48000000>::pin_in_out_pullup<1, 5>, hwcpp::lpc1114_base<4096, 32768, 48000000>::pin_in_out_ad_pullup<1, 4, 5> >, hwcpp::seven_segments_table_default<void> >::multiplexing::~multiplexing()
                0x00000040                hwcpp::seven_segment_display<hwcpp::callback_implementation<hwcpp::lpc1114_base<4096, 32768, 48000000>::timer_64, hwcpp::callback_administration_double_linked>, hwcpp::invert<hwcpp::port_out_from_pins<hwcpp::lpc1114_base<4096, 32768, 48000000>::pin_in_out_pullup<0, 2>, hwcpp::lpc1114_base<4096, 32768, 48000000>::pin_in_out_pullup<0, 3>, hwcpp::lpc1114_base<4096, 32768, 48000000>::pin_oc<0, 4>, hwcpp::lpc1114_base<4096, 32768, 48000000>::pin_oc<0, 5>, hwcpp::lpc1114_base<4096, 32768, 48000000>::pin_in_out_pullup<0, 6>, hwcpp::lpc1114_base<4096, 32768, 48000000>::pin_in_out_pullup<0, 7>, hwcpp::lpc1114_base<4096, 32768, 48000000>::pin_in_out_pullup<0, 8>, hwcpp::lpc1114_base<4096, 32768, 48000000>::pin_in_out_pullup<0, 9> >, void>, hwcpp::port_out_from_pins<hwcpp::lpc1114_base<4096, 32768, 48000000>::pin_in_out_pullup<1, 9>, hwcpp::lpc1114_base<4096, 32768, 48000000>::pin_in_out_pullup<1, 8>, hwcpp::lpc1114_base<4096, 32768, 48000000>::pin_in_out_pullup<1, 5>, hwcpp::lpc1114_base<4096, 32768, 48000000>::pin_in_out_ad_pullup<1, 4, 5> >, hwcpp::seven_segments_table_default<void> >::multiplexing::~multiplexing()
 .text._ZN5hwcpp13timing_waiterINS_12lpc1114_baseILi4096ELi32768ELi48000000EE8timer_64EE3nowEv
                0x00000058       0x50 main.o
                0x00000058                hwcpp::timing_waiter<hwcpp::lpc1114_base<4096, 32768, 48000000>::timer_64>::now()
 .text._ZN5hwcpp21seven_segment_displayINS_23callback_implementationINS_12lpc1114_baseILi4096ELi32768ELi48000000EE8timer_64ENS_37callback_administration_double_linkedEEENS_6invertINS_18port_out_from_pinsIINS3_17pin_in_out_pullupILi0ELi2EEENS9_ILi0ELi3EEENS3_6pin_ocILi0ELi4EEENSC_ILi0ELi5EEENS9_ILi0ELi6EEENS9_ILi0ELi7EEENS9_ILi0ELi8EEENS9_ILi0ELi9EEEEEEvEENS8_IINS9_ILi1ELi9EEENS9_ILi1ELi8EEENS9_ILi1ELi5EEENS3_20pin_in_out_ad_pullupILi1ELi4ELi5EEEEEENS_28seven_segments_table_defaultIvEEE17set_decimal_valueEjjb
                0x000000a8       0x58 main.o
                0x000000a8                hwcpp::seven_segment_display<hwcpp::callback_implementation<hwcpp::lpc1114_base<4096, 32768, 48000000>::timer_64, hwcpp::callback_administration_double_linked>, hwcpp::invert<hwcpp::port_out_from_pins<hwcpp::lpc1114_base<4096, 32768, 48000000>::pin_in_out_pullup<0, 2>, hwcpp::lpc1114_base<4096, 32768, 48000000>::pin_in_out_pullup<0, 3>, hwcpp::lpc1114_base<4096, 32768, 48000000>::pin_oc<0, 4>, hwcpp::lpc1114_base<4096, 32768, 48000000>::pin_oc<0, 5>, hwcpp::lpc1114_base<4096, 32768, 48000000>::pin_in_out_pullup<0, 6>, hwcpp::lpc1114_base<4096, 32768, 48000000>::pin_in_out_pullup<0, 7>, hwcpp::lpc1114_base<4096, 32768, 48000000>::pin_in_out_pullup<0, 8>, hwcpp::lpc1114_base<4096, 32768, 48000000>::pin_in_out_pullup<0, 9> >, void>, hwcpp::port_out_from_pins<hwcpp::lpc1114_base<4096, 32768, 48000000>::pin_in_out_pullup<1, 9>, hwcpp::lpc1114_base<4096, 32768, 48000000>::pin_in_out_pullup<1, 8>, hwcpp::lpc1114_base<4096, 32768, 48000000>::pin_in_out_pullup<1, 5>, hwcpp::lpc1114_base<4096, 32768, 48000000>::pin_in_out_ad_pullup<1, 4, 5> >, hwcpp::seven_segments_table_default<void> >::set_decimal_value(unsigned int, unsigned int, bool)
                0x000000a8                hwcpp::seven_segment_display<hwcpp::callback_implementation<hwcpp::lpc1114_base<4096, 32768, 48000000>::timer_64, hwcpp::callback_administration_double_linked>, hwcpp::invert<hwcpp::port_out_from_pins<hwcpp::lpc1114_base<4096, 32768, 48000000>::pin_in_out_pullup<0, 2>, hwcpp::lpc1114_base<4096, 32768, 48000000>::pin_in_out_pullup<0, 3>, hwcpp::lpc1114_base<4096, 32768, 48000000>::pin_oc<0, 4>, hwcpp::lpc1114_base<4096, 32768, 48000000>::pin_oc<0, 5>, hwcpp::lpc1114_base<4096, 32768, 48000000>::pin_in_out_pullup<0, 6>, hwcpp::lpc1114_base<4096, 32768, 48000000>::pin_in_out_pullup<0, 7>, hwcpp::lpc1114_base<4096, 32768, 48000000>::pin_in_out_pullup<0, 8>, hwcpp::lpc1114_base<4096, 32768, 48000000>::pin_in_out_pullup<0, 9> >, void>, hwcpp::port_out_from_pins<hwcpp::lpc1114_base<4096, 32768, 48000000>::pin_in_out_pullup<1, 9>, hwcpp::lpc1114_base<4096, 32768, 48000000>::pin_in_out_pullup<1, 8>, hwcpp::lpc1114_base<4096, 32768, 48000000>::pin_in_out_pullup<1, 5>, hwcpp::lpc1114_base<4096, 32768, 48000000>::pin_in_out_ad_pullup<1, 4, 5> >, hwcpp::seven_segments_table_default<void> >::set_decimal_value(unsigned int, unsigned int, bool)
 .text._ZN5hwcpp20add_timing_templatesINS_37callback_administration_double_linkedINS_21timing_implementationINS_12lpc1114_baseILi4096ELi32768ELi48000000EE8timer_64EEEEEE2nsILy1000000ELy18446744073708551616EE4waitEv
                0x00000100       0x38 main.o
                0x00000100                hwcpp::add_timing_templates<hwcpp::callback_administration_double_linked<hwcpp::timing_implementation<hwcpp::lpc1114_base<4096, 32768, 48000000>::timer_64> > >::ns<1000000ull, 18446744073708551616ull>::wait()
 .text._ZN5hwcpp11pin_in_fromINS_12lpc1114_baseILi4096ELi32768ELi48000000EE20pin_in_out_ad_pullupILi1ELi0ELi1EEEvE4initEv
                0x00000138       0x34 main.o
                0x00000138                hwcpp::pin_in_from<hwcpp::lpc1114_base<4096, 32768, 48000000>::pin_in_out_ad_pullup<1, 0, 1>, void>::init()
 .text._ZN5hwcpp12pin_out_fromINS_12lpc1114_baseILi4096ELi32768ELi48000000EE17pin_in_out_pullupILi0ELi10EEEvE4initEv
                0x0000016c       0x34 main.o
                0x0000016c                hwcpp::pin_out_from<hwcpp::lpc1114_base<4096, 32768, 48000000>::pin_in_out_pullup<0, 10>, void>::init()
 .text._ZN5hwcpp18port_out_from_pinsIINS_12lpc1114_baseILi4096ELi32768ELi48000000EE17pin_in_out_pullupILi1ELi9EEENS3_ILi1ELi8EEENS3_ILi1ELi5EEENS2_20pin_in_out_ad_pullupILi1ELi4ELi5EEEEE3setEj
                0x000001a0       0x3c main.o
                0x000001a0                hwcpp::port_out_from_pins<hwcpp::lpc1114_base<4096, 32768, 48000000>::pin_in_out_pullup<1, 9>, hwcpp::lpc1114_base<4096, 32768, 48000000>::pin_in_out_pullup<1, 8>, hwcpp::lpc1114_base<4096, 32768, 48000000>::pin_in_out_pullup<1, 5>, hwcpp::lpc1114_base<4096, 32768, 48000000>::pin_in_out_ad_pullup<1, 4, 5> >::set(unsigned int)
                0x000001a0                hwcpp::port_out_from_pins<hwcpp::lpc1114_base<4096, 32768, 48000000>::pin_in_out_pullup<1, 9>, hwcpp::lpc1114_base<4096, 32768, 48000000>::pin_in_out_pullup<1, 8>, hwcpp::lpc1114_base<4096, 32768, 48000000>::pin_in_out_pullup<1, 5>, hwcpp::lpc1114_base<4096, 32768, 48000000>::pin_in_out_ad_pullup<1, 4, 5> >::set(unsigned int)
 .text._ZN5hwcpp18port_out_from_pinsIINS_12lpc1114_baseILi4096ELi32768ELi48000000EE17pin_in_out_pullupILi1ELi9EEENS3_ILi1ELi8EEENS3_ILi1ELi5EEENS2_20pin_in_out_ad_pullupILi1ELi4ELi5EEEEE4initEv
                0x000001dc       0x88 main.o
                0x000001dc                hwcpp::port_out_from_pins<hwcpp::lpc1114_base<4096, 32768, 48000000>::pin_in_out_pullup<1, 9>, hwcpp::lpc1114_base<4096, 32768, 48000000>::pin_in_out_pullup<1, 8>, hwcpp::lpc1114_base<4096, 32768, 48000000>::pin_in_out_pullup<1, 5>, hwcpp::lpc1114_base<4096, 32768, 48000000>::pin_in_out_ad_pullup<1, 4, 5> >::init()
                0x000001dc                hwcpp::port_out_from_pins<hwcpp::lpc1114_base<4096, 32768, 48000000>::pin_in_out_pullup<1, 9>, hwcpp::lpc1114_base<4096, 32768, 48000000>::pin_in_out_pullup<1, 8>, hwcpp::lpc1114_base<4096, 32768, 48000000>::pin_in_out_pullup<1, 5>, hwcpp::lpc1114_base<4096, 32768, 48000000>::pin_in_out_ad_pullup<1, 4, 5> >::init()
 .text._ZN5hwcpp12lpc1114_baseILi4096ELi32768ELi48000000EE16initialize_clockEv
                0x00000264       0x48 main.o
                0x00000264                hwcpp::lpc1114_base<4096, 32768, 48000000>::initialize_clock()
 .text._ZN5hwcpp12lpc1114_baseILi4096ELi32768ELi48000000EE8timer_644initEv
                0x000002ac       0x20 main.o
                0x000002ac                hwcpp::lpc1114_base<4096, 32768, 48000000>::timer_64::init()
 .text._ZN5hwcpp18port_out_from_pinsIINS_12lpc1114_baseILi4096ELi32768ELi48000000EE6pin_ocILi0ELi4EEENS3_ILi0ELi5EEENS2_17pin_in_out_pullupILi0ELi6EEENS6_ILi0ELi7EEENS6_ILi0ELi8EEENS6_ILi0ELi9EEEEE3setEj
                0x000002cc       0x84 main.o
                0x000002cc                hwcpp::port_out_from_pins<hwcpp::lpc1114_base<4096, 32768, 48000000>::pin_oc<0, 4>, hwcpp::lpc1114_base<4096, 32768, 48000000>::pin_oc<0, 5>, hwcpp::lpc1114_base<4096, 32768, 48000000>::pin_in_out_pullup<0, 6>, hwcpp::lpc1114_base<4096, 32768, 48000000>::pin_in_out_pullup<0, 7>, hwcpp::lpc1114_base<4096, 32768, 48000000>::pin_in_out_pullup<0, 8>, hwcpp::lpc1114_base<4096, 32768, 48000000>::pin_in_out_pullup<0, 9> >::set(unsigned int)
                0x000002cc                hwcpp::port_out_from_pins<hwcpp::lpc1114_base<4096, 32768, 48000000>::pin_oc<0, 4>, hwcpp::lpc1114_base<4096, 32768, 48000000>::pin_oc<0, 5>, hwcpp::lpc1114_base<4096, 32768, 48000000>::pin_in_out_pullup<0, 6>, hwcpp::lpc1114_base<4096, 32768, 48000000>::pin_in_out_pullup<0, 7>, hwcpp::lpc1114_base<4096, 32768, 48000000>::pin_in_out_pullup<0, 8>, hwcpp::lpc1114_base<4096, 32768, 48000000>::pin_in_out_pullup<0, 9> >::set(unsigned int)
 .text._ZN5hwcpp6invertINS_18port_out_from_pinsIINS_12lpc1114_baseILi4096ELi32768ELi48000000EE17pin_in_out_pullupILi0ELi2EEENS4_ILi0ELi3EEENS3_6pin_ocILi0ELi4EEENS7_ILi0ELi5EEENS4_ILi0ELi6EEENS4_ILi0ELi7EEENS4_ILi0ELi8EEENS4_ILi0ELi9EEEEEEvE3setEj
                0x00000350       0x2c main.o
                0x00000350                hwcpp::invert<hwcpp::port_out_from_pins<hwcpp::lpc1114_base<4096, 32768, 48000000>::pin_in_out_pullup<0, 2>, hwcpp::lpc1114_base<4096, 32768, 48000000>::pin_in_out_pullup<0, 3>, hwcpp::lpc1114_base<4096, 32768, 48000000>::pin_oc<0, 4>, hwcpp::lpc1114_base<4096, 32768, 48000000>::pin_oc<0, 5>, hwcpp::lpc1114_base<4096, 32768, 48000000>::pin_in_out_pullup<0, 6>, hwcpp::lpc1114_base<4096, 32768, 48000000>::pin_in_out_pullup<0, 7>, hwcpp::lpc1114_base<4096, 32768, 48000000>::pin_in_out_pullup<0, 8>, hwcpp::lpc1114_base<4096, 32768, 48000000>::pin_in_out_pullup<0, 9> >, void>::set(unsigned int)
                0x00000350                hwcpp::invert<hwcpp::port_out_from_pins<hwcpp::lpc1114_base<4096, 32768, 48000000>::pin_in_out_pullup<0, 2>, hwcpp::lpc1114_base<4096, 32768, 48000000>::pin_in_out_pullup<0, 3>, hwcpp::lpc1114_base<4096, 32768, 48000000>::pin_oc<0, 4>, hwcpp::lpc1114_base<4096, 32768, 48000000>::pin_oc<0, 5>, hwcpp::lpc1114_base<4096, 32768, 48000000>::pin_in_out_pullup<0, 6>, hwcpp::lpc1114_base<4096, 32768, 48000000>::pin_in_out_pullup<0, 7>, hwcpp::lpc1114_base<4096, 32768, 48000000>::pin_in_out_pullup<0, 8>, hwcpp::lpc1114_base<4096, 32768, 48000000>::pin_in_out_pullup<0, 9> >, void>::set(unsigned int)
 .text._ZN5hwcpp21seven_segment_displayINS_23callback_implementationINS_12lpc1114_baseILi4096ELi32768ELi48000000EE8timer_64ENS_37callback_administration_double_linkedEEENS_6invertINS_18port_out_from_pinsIINS3_17pin_in_out_pullupILi0ELi2EEENS9_ILi0ELi3EEENS3_6pin_ocILi0ELi4EEENSC_ILi0ELi5EEENS9_ILi0ELi6EEENS9_ILi0ELi7EEENS9_ILi0ELi8EEENS9_ILi0ELi9EEEEEEvEENS8_IINS9_ILi1ELi9EEENS9_ILi1ELi8EEENS9_ILi1ELi5EEENS3_20pin_in_out_ad_pullupILi1ELi4ELi5EEEEEENS_28seven_segments_table_defaultIvEEE3muxEv
                0x0000037c       0x38 main.o
                0x0000037c                hwcpp::seven_segment_display<hwcpp::callback_implementation<hwcpp::lpc1114_base<4096, 32768, 48000000>::timer_64, hwcpp::callback_administration_double_linked>, hwcpp::invert<hwcpp::port_out_from_pins<hwcpp::lpc1114_base<4096, 32768, 48000000>::pin_in_out_pullup<0, 2>, hwcpp::lpc1114_base<4096, 32768, 48000000>::pin_in_out_pullup<0, 3>, hwcpp::lpc1114_base<4096, 32768, 48000000>::pin_oc<0, 4>, hwcpp::lpc1114_base<4096, 32768, 48000000>::pin_oc<0, 5>, hwcpp::lpc1114_base<4096, 32768, 48000000>::pin_in_out_pullup<0, 6>, hwcpp::lpc1114_base<4096, 32768, 48000000>::pin_in_out_pullup<0, 7>, hwcpp::lpc1114_base<4096, 32768, 48000000>::pin_in_out_pullup<0, 8>, hwcpp::lpc1114_base<4096, 32768, 48000000>::pin_in_out_pullup<0, 9> >, void>, hwcpp::port_out_from_pins<hwcpp::lpc1114_base<4096, 32768, 48000000>::pin_in_out_pullup<1, 9>, hwcpp::lpc1114_base<4096, 32768, 48000000>::pin_in_out_pullup<1, 8>, hwcpp::lpc1114_base<4096, 32768, 48000000>::pin_in_out_pullup<1, 5>, hwcpp::lpc1114_base<4096, 32768, 48000000>::pin_in_out_ad_pullup<1, 4, 5> >, hwcpp::seven_segments_table_default<void> >::mux()
                0x0000037c                hwcpp::seven_segment_display<hwcpp::callback_implementation<hwcpp::lpc1114_base<4096, 32768, 48000000>::timer_64, hwcpp::callback_administration_double_linked>, hwcpp::invert<hwcpp::port_out_from_pins<hwcpp::lpc1114_base<4096, 32768, 48000000>::pin_in_out_pullup<0, 2>, hwcpp::lpc1114_base<4096, 32768, 48000000>::pin_in_out_pullup<0, 3>, hwcpp::lpc1114_base<4096, 32768, 48000000>::pin_oc<0, 4>, hwcpp::lpc1114_base<4096, 32768, 48000000>::pin_oc<0, 5>, hwcpp::lpc1114_base<4096, 32768, 48000000>::pin_in_out_pullup<0, 6>, hwcpp::lpc1114_base<4096, 32768, 48000000>::pin_in_out_pullup<0, 7>, hwcpp::lpc1114_base<4096, 32768, 48000000>::pin_in_out_pullup<0, 8>, hwcpp::lpc1114_base<4096, 32768, 48000000>::pin_in_out_pullup<0, 9> >, void>, hwcpp::port_out_from_pins<hwcpp::lpc1114_base<4096, 32768, 48000000>::pin_in_out_pullup<1, 9>, hwcpp::lpc1114_base<4096, 32768, 48000000>::pin_in_out_pullup<1, 8>, hwcpp::lpc1114_base<4096, 32768, 48000000>::pin_in_out_pullup<1, 5>, hwcpp::lpc1114_base<4096, 32768, 48000000>::pin_in_out_ad_pullup<1, 4, 5> >, hwcpp::seven_segments_table_default<void> >::mux()
 .text._ZN5hwcpp21seven_segment_displayINS_23callback_implementationINS_12lpc1114_baseILi4096ELi32768ELi48000000EE8timer_64ENS_37callback_administration_double_linkedEEENS_6invertINS_18port_out_from_pinsIINS3_17pin_in_out_pullupILi0ELi2EEENS9_ILi0ELi3EEENS3_6pin_ocILi0ELi4EEENSC_ILi0ELi5EEENS9_ILi0ELi6EEENS9_ILi0ELi7EEENS9_ILi0ELi8EEENS9_ILi0ELi9EEEEEEvEENS8_IINS9_ILi1ELi9EEENS9_ILi1ELi8EEENS9_ILi1ELi5EEENS3_20pin_in_out_ad_pullupILi1ELi4ELi5EEEEEENS_28seven_segments_table_defaultIvEEE12multiplexing8functionEv
                0x000003b4       0x38 main.o
                0x000003b4                hwcpp::seven_segment_display<hwcpp::callback_implementation<hwcpp::lpc1114_base<4096, 32768, 48000000>::timer_64, hwcpp::callback_administration_double_linked>, hwcpp::invert<hwcpp::port_out_from_pins<hwcpp::lpc1114_base<4096, 32768, 48000000>::pin_in_out_pullup<0, 2>, hwcpp::lpc1114_base<4096, 32768, 48000000>::pin_in_out_pullup<0, 3>, hwcpp::lpc1114_base<4096, 32768, 48000000>::pin_oc<0, 4>, hwcpp::lpc1114_base<4096, 32768, 48000000>::pin_oc<0, 5>, hwcpp::lpc1114_base<4096, 32768, 48000000>::pin_in_out_pullup<0, 6>, hwcpp::lpc1114_base<4096, 32768, 48000000>::pin_in_out_pullup<0, 7>, hwcpp::lpc1114_base<4096, 32768, 48000000>::pin_in_out_pullup<0, 8>, hwcpp::lpc1114_base<4096, 32768, 48000000>::pin_in_out_pullup<0, 9> >, void>, hwcpp::port_out_from_pins<hwcpp::lpc1114_base<4096, 32768, 48000000>::pin_in_out_pullup<1, 9>, hwcpp::lpc1114_base<4096, 32768, 48000000>::pin_in_out_pullup<1, 8>, hwcpp::lpc1114_base<4096, 32768, 48000000>::pin_in_out_pullup<1, 5>, hwcpp::lpc1114_base<4096, 32768, 48000000>::pin_in_out_ad_pullup<1, 4, 5> >, hwcpp::seven_segments_table_default<void> >::multiplexing::function()
                0x000003b4                hwcpp::seven_segment_display<hwcpp::callback_implementation<hwcpp::lpc1114_base<4096, 32768, 48000000>::timer_64, hwcpp::callback_administration_double_linked>, hwcpp::invert<hwcpp::port_out_from_pins<hwcpp::lpc1114_base<4096, 32768, 48000000>::pin_in_out_pullup<0, 2>, hwcpp::lpc1114_base<4096, 32768, 48000000>::pin_in_out_pullup<0, 3>, hwcpp::lpc1114_base<4096, 32768, 48000000>::pin_oc<0, 4>, hwcpp::lpc1114_base<4096, 32768, 48000000>::pin_oc<0, 5>, hwcpp::lpc1114_base<4096, 32768, 48000000>::pin_in_out_pullup<0, 6>, hwcpp::lpc1114_base<4096, 32768, 48000000>::pin_in_out_pullup<0, 7>, hwcpp::lpc1114_base<4096, 32768, 48000000>::pin_in_out_pullup<0, 8>, hwcpp::lpc1114_base<4096, 32768, 48000000>::pin_in_out_pullup<0, 9> >, void>, hwcpp::port_out_from_pins<hwcpp::lpc1114_base<4096, 32768, 48000000>::pin_in_out_pullup<1, 9>, hwcpp::lpc1114_base<4096, 32768, 48000000>::pin_in_out_pullup<1, 8>, hwcpp::lpc1114_base<4096, 32768, 48000000>::pin_in_out_pullup<1, 5>, hwcpp::lpc1114_base<4096, 32768, 48000000>::pin_in_out_ad_pullup<1, 4, 5> >, hwcpp::seven_segments_table_default<void> >::multiplexing::function()
 .text._ZN5hwcpp18port_out_from_pinsIINS_12lpc1114_baseILi4096ELi32768ELi48000000EE17pin_in_out_pullupILi0ELi7EEENS3_ILi0ELi8EEENS3_ILi0ELi9EEEEE4initEv
                0x000003ec       0x68 main.o
                0x000003ec                hwcpp::port_out_from_pins<hwcpp::lpc1114_base<4096, 32768, 48000000>::pin_in_out_pullup<0, 7>, hwcpp::lpc1114_base<4096, 32768, 48000000>::pin_in_out_pullup<0, 8>, hwcpp::lpc1114_base<4096, 32768, 48000000>::pin_in_out_pullup<0, 9> >::init()
                0x000003ec                hwcpp::port_out_from_pins<hwcpp::lpc1114_base<4096, 32768, 48000000>::pin_in_out_pullup<0, 7>, hwcpp::lpc1114_base<4096, 32768, 48000000>::pin_in_out_pullup<0, 8>, hwcpp::lpc1114_base<4096, 32768, 48000000>::pin_in_out_pullup<0, 9> >::init()
 .text._ZN5hwcpp18port_out_from_pinsIINS_12lpc1114_baseILi4096ELi32768ELi48000000EE17pin_in_out_pullupILi0ELi3EEENS2_6pin_ocILi0ELi4EEENS5_ILi0ELi5EEENS3_ILi0ELi6EEENS3_ILi0ELi7EEENS3_ILi0ELi8EEENS3_ILi0ELi9EEEEE4initEv
                0x00000454       0x84 main.o
                0x00000454                hwcpp::port_out_from_pins<hwcpp::lpc1114_base<4096, 32768, 48000000>::pin_in_out_pullup<0, 3>, hwcpp::lpc1114_base<4096, 32768, 48000000>::pin_oc<0, 4>, hwcpp::lpc1114_base<4096, 32768, 48000000>::pin_oc<0, 5>, hwcpp::lpc1114_base<4096, 32768, 48000000>::pin_in_out_pullup<0, 6>, hwcpp::lpc1114_base<4096, 32768, 48000000>::pin_in_out_pullup<0, 7>, hwcpp::lpc1114_base<4096, 32768, 48000000>::pin_in_out_pullup<0, 8>, hwcpp::lpc1114_base<4096, 32768, 48000000>::pin_in_out_pullup<0, 9> >::init()
                0x00000454                hwcpp::port_out_from_pins<hwcpp::lpc1114_base<4096, 32768, 48000000>::pin_in_out_pullup<0, 3>, hwcpp::lpc1114_base<4096, 32768, 48000000>::pin_oc<0, 4>, hwcpp::lpc1114_base<4096, 32768, 48000000>::pin_oc<0, 5>, hwcpp::lpc1114_base<4096, 32768, 48000000>::pin_in_out_pullup<0, 6>, hwcpp::lpc1114_base<4096, 32768, 48000000>::pin_in_out_pullup<0, 7>, hwcpp::lpc1114_base<4096, 32768, 48000000>::pin_in_out_pullup<0, 8>, hwcpp::lpc1114_base<4096, 32768, 48000000>::pin_in_out_pullup<0, 9> >::init()
 .text._ZN5hwcpp21seven_segment_displayINS_23callback_implementationINS_12lpc1114_baseILi4096ELi32768ELi48000000EE8timer_64ENS_37callback_administration_double_linkedEEENS_6invertINS_18port_out_from_pinsIINS3_17pin_in_out_pullupILi0ELi2EEENS9_ILi0ELi3EEENS3_6pin_ocILi0ELi4EEENSC_ILi0ELi5EEENS9_ILi0ELi6EEENS9_ILi0ELi7EEENS9_ILi0ELi8EEENS9_ILi0ELi9EEEEEEvEENS8_IINS9_ILi1ELi9EEENS9_ILi1ELi8EEENS9_ILi1ELi5EEENS3_20pin_in_out_ad_pullupILi1ELi4ELi5EEEEEENS_28seven_segments_table_defaultIvEEE4initEv
                0x000004d8       0xe8 main.o
                0x000004d8                hwcpp::seven_segment_display<hwcpp::callback_implementation<hwcpp::lpc1114_base<4096, 32768, 48000000>::timer_64, hwcpp::callback_administration_double_linked>, hwcpp::invert<hwcpp::port_out_from_pins<hwcpp::lpc1114_base<4096, 32768, 48000000>::pin_in_out_pullup<0, 2>, hwcpp::lpc1114_base<4096, 32768, 48000000>::pin_in_out_pullup<0, 3>, hwcpp::lpc1114_base<4096, 32768, 48000000>::pin_oc<0, 4>, hwcpp::lpc1114_base<4096, 32768, 48000000>::pin_oc<0, 5>, hwcpp::lpc1114_base<4096, 32768, 48000000>::pin_in_out_pullup<0, 6>, hwcpp::lpc1114_base<4096, 32768, 48000000>::pin_in_out_pullup<0, 7>, hwcpp::lpc1114_base<4096, 32768, 48000000>::pin_in_out_pullup<0, 8>, hwcpp::lpc1114_base<4096, 32768, 48000000>::pin_in_out_pullup<0, 9> >, void>, hwcpp::port_out_from_pins<hwcpp::lpc1114_base<4096, 32768, 48000000>::pin_in_out_pullup<1, 9>, hwcpp::lpc1114_base<4096, 32768, 48000000>::pin_in_out_pullup<1, 8>, hwcpp::lpc1114_base<4096, 32768, 48000000>::pin_in_out_pullup<1, 5>, hwcpp::lpc1114_base<4096, 32768, 48000000>::pin_in_out_ad_pullup<1, 4, 5> >, hwcpp::seven_segments_table_default<void> >::init()
                0x000004d8                hwcpp::seven_segment_display<hwcpp::callback_implementation<hwcpp::lpc1114_base<4096, 32768, 48000000>::timer_64, hwcpp::callback_administration_double_linked>, hwcpp::invert<hwcpp::port_out_from_pins<hwcpp::lpc1114_base<4096, 32768, 48000000>::pin_in_out_pullup<0, 2>, hwcpp::lpc1114_base<4096, 32768, 48000000>::pin_in_out_pullup<0, 3>, hwcpp::lpc1114_base<4096, 32768, 48000000>::pin_oc<0, 4>, hwcpp::lpc1114_base<4096, 32768, 48000000>::pin_oc<0, 5>, hwcpp::lpc1114_base<4096, 32768, 48000000>::pin_in_out_pullup<0, 6>, hwcpp::lpc1114_base<4096, 32768, 48000000>::pin_in_out_pullup<0, 7>, hwcpp::lpc1114_base<4096, 32768, 48000000>::pin_in_out_pullup<0, 8>, hwcpp::lpc1114_base<4096, 32768, 48000000>::pin_in_out_pullup<0, 9> >, void>, hwcpp::port_out_from_pins<hwcpp::lpc1114_base<4096, 32768, 48000000>::pin_in_out_pullup<1, 9>, hwcpp::lpc1114_base<4096, 32768, 48000000>::pin_in_out_pullup<1, 8>, hwcpp::lpc1114_base<4096, 32768, 48000000>::pin_in_out_pullup<1, 5>, hwcpp::lpc1114_base<4096, 32768, 48000000>::pin_in_out_ad_pullup<1, 4, 5> >, hwcpp::seven_segments_table_default<void> >::init()
 .text._ZN5hwcpp5db104ILj48000000EE4initEv
                0x000005c0       0xa4 main.o
                0x000005c0                hwcpp::db104<48000000u>::init()
 *fill*         0x00000664        0x4 
 .text.startup.main
                0x00000668       0xd0 main.o
                0x00000668                main
 .text.__startup
                0x00000738       0x54 cortex_startup.o
                0x00000738                __startup
 .text.__aeabi_atexit
                0x0000078c       0x10 c:/program files (x86)/gnu tools arm embedded/4.8 2013q4/bin/../lib/gcc/arm-none-eabi/4.8.3/../../../../arm-none-eabi/lib/armv6-m\libstdc++.a(atexit_arm.o)
                0x0000078c                __aeabi_atexit
 .text          0x0000079c       0x9c c:/program files (x86)/gnu tools arm embedded/4.8 2013q4/bin/../lib/gcc/arm-none-eabi/4.8.3/armv6-m\libgcc.a(_udivsi3.o)
                0x0000079c                __aeabi_uidiv
                0x0000079c                __udivsi3
                0x00000824                __aeabi_uidivmod
 .text          0x00000838       0xc0 c:/program files (x86)/gnu tools arm embedded/4.8 2013q4/bin/../lib/gcc/arm-none-eabi/4.8.3/armv6-m\libgcc.a(_divsi3.o)
                0x00000838                __divsi3
                0x00000838                __aeabi_idiv
                0x000008e4                __aeabi_idivmod
 .text          0x000008f8        0x4 c:/program files (x86)/gnu tools arm embedded/4.8 2013q4/bin/../lib/gcc/arm-none-eabi/4.8.3/armv6-m\libgcc.a(_dvmd_tls.o)
                0x000008f8                __aeabi_idiv0
                0x000008f8                __aeabi_ldiv0
 .text.__cxa_atexit
                0x000008fc       0x14 c:/program files (x86)/gnu tools arm embedded/4.8 2013q4/bin/../lib/gcc/arm-none-eabi/4.8.3/../../../../arm-none-eabi/lib/armv6-m\libc.a(lib_a-cxa_atexit.o)
                0x000008fc                __cxa_atexit
 .text.__register_exitproc
                0x00000910       0xc0 c:/program files (x86)/gnu tools arm embedded/4.8 2013q4/bin/../lib/gcc/arm-none-eabi/4.8.3/../../../../arm-none-eabi/lib/armv6-m\libc.a(lib_a-__atexit.o)
                0x00000910                __register_exitproc
                0x000009d0                . = ALIGN (0x4)
 *(.glue_7t .glue_7)
 .glue_7        0x00000000        0x0 linker stubs
 .glue_7t       0x00000000        0x0 linker stubs
                0x000009d0                . = ALIGN (0x4)
 *(.rodata .rodata.* .gnu.linkonce.r.*)
 .rodata._ZN5hwcpp28seven_segments_table_defaultIvE9translateE
                0x000009d0       0x10 main.o
                0x000009d0                hwcpp::seven_segments_table_default<void>::translate
 .rodata._ZTVN5hwcpp37callback_administration_double_linkedINS_21timing_implementationINS_12lpc1114_baseILi4096ELi32768ELi48000000EE8timer_64EEEE5_nodeE
                0x000009e0       0x10 main.o
                0x000009e0                vtable for hwcpp::callback_administration_double_linked<hwcpp::timing_implementation<hwcpp::lpc1114_base<4096, 32768, 48000000>::timer_64> >::_node
 .rodata._ZTVN5hwcpp37callback_administration_double_linkedINS_21timing_implementationINS_12lpc1114_baseILi4096ELi32768ELi48000000EE8timer_64EEEE4nodeE
                0x000009f0       0x10 main.o
                0x000009f0                vtable for hwcpp::callback_administration_double_linked<hwcpp::timing_implementation<hwcpp::lpc1114_base<4096, 32768, 48000000>::timer_64> >::node
 .rodata._ZTVN5hwcpp37callback_administration_double_linkedINS_21timing_implementationINS_12lpc1114_baseILi4096ELi32768ELi48000000EE8timer_64EEEE5clockIvvEE
                0x00000a00       0x10 main.o
                0x00000a00                vtable for hwcpp::callback_administration_double_linked<hwcpp::timing_implementation<hwcpp::lpc1114_base<4096, 32768, 48000000>::timer_64> >::clock<void, void>
 .rodata._ZTVN5hwcpp21seven_segment_displayINS_23callback_implementationINS_12lpc1114_baseILi4096ELi32768ELi48000000EE8timer_64ENS_37callback_administration_double_linkedEEENS_6invertINS_18port_out_from_pinsIINS3_17pin_in_out_pullupILi0ELi2EEENS9_ILi0ELi3EEENS3_6pin_ocILi0ELi4EEENSC_ILi0ELi5EEENS9_ILi0ELi6EEENS9_ILi0ELi7EEENS9_ILi0ELi8EEENS9_ILi0ELi9EEEEEEvEENS8_IINS9_ILi1ELi9EEENS9_ILi1ELi8EEENS9_ILi1ELi5EEENS3_20pin_in_out_ad_pullupILi1ELi4ELi5EEEEEENS_28seven_segments_table_defaultIvEEE12multiplexingE
                0x00000a10       0x10 main.o
                0x00000a10                vtable for hwcpp::seven_segment_display<hwcpp::callback_implementation<hwcpp::lpc1114_base<4096, 32768, 48000000>::timer_64, hwcpp::callback_administration_double_linked>, hwcpp::invert<hwcpp::port_out_from_pins<hwcpp::lpc1114_base<4096, 32768, 48000000>::pin_in_out_pullup<0, 2>, hwcpp::lpc1114_base<4096, 32768, 48000000>::pin_in_out_pullup<0, 3>, hwcpp::lpc1114_base<4096, 32768, 48000000>::pin_oc<0, 4>, hwcpp::lpc1114_base<4096, 32768, 48000000>::pin_oc<0, 5>, hwcpp::lpc1114_base<4096, 32768, 48000000>::pin_in_out_pullup<0, 6>, hwcpp::lpc1114_base<4096, 32768, 48000000>::pin_in_out_pullup<0, 7>, hwcpp::lpc1114_base<4096, 32768, 48000000>::pin_in_out_pullup<0, 8>, hwcpp::lpc1114_base<4096, 32768, 48000000>::pin_in_out_pullup<0, 9> >, void>, hwcpp::port_out_from_pins<hwcpp::lpc1114_base<4096, 32768, 48000000>::pin_in_out_pullup<1, 9>, hwcpp::lpc1114_base<4096, 32768, 48000000>::pin_in_out_pullup<1, 8>, hwcpp::lpc1114_base<4096, 32768, 48000000>::pin_in_out_pullup<1, 5>, hwcpp::lpc1114_base<4096, 32768, 48000000>::pin_in_out_ad_pullup<1, 4, 5> >, hwcpp::seven_segments_table_default<void> >::multiplexing
 .rodata.str1.4
                0x00000a20        0x4 c:/program files (x86)/gnu tools arm embedded/4.8 2013q4/bin/../lib/gcc/arm-none-eabi/4.8.3/../../../../arm-none-eabi/lib/armv6-m\libc.a(lib_a-impure.o)
 .rodata._global_impure_ptr
                0x00000a24        0x4 c:/program files (x86)/gnu tools arm embedded/4.8 2013q4/bin/../lib/gcc/arm-none-eabi/4.8.3/../../../../arm-none-eabi/lib/armv6-m\libc.a(lib_a-impure.o)
                0x00000a24                _global_impure_ptr
                0x00000a28                . = ALIGN (0x4)
 *(.ARM.extab* .gnu.linkonce.armextab.*)
                0x00000a28                . = ALIGN (0x4)
 *(.gcc_except_table)
                0x00000a28                . = ALIGN (0x4)
 *(.eh_frame_hdr)
                0x00000a28                . = ALIGN (0x4)
 *(.eh_frame)
                0x00000a28                . = ALIGN (0x4)
                0x00000a28                __text_end = .
                [0x00000a28]                PROVIDE (__text_end, __text_end)

.vfp11_veneer   0x00000a28        0x0
 .vfp11_veneer  0x00000000        0x0 linker stubs

.v4_bx          0x00000a28        0x0
 .v4_bx         0x00000000        0x0 linker stubs

.iplt           0x00000a28        0x0
 .iplt          0x00000000        0x0 main.o

.IF_YOU_SEE_THIS_YOU_HAVE_ONE_OR_MORE_GLOBAL_OBJECT_CONSTRUCTORS
 *(.init)
 *(.preinit_array)
 *(SORT(.init_array.*))
 *(.init_array)
                0x00000a28                . = ALIGN (0x4)
                0x00000a28                __exidx_start = .
                [0x00000a28]                PROVIDE (__exidx_start, __exidx_start)

.ARM.exidx      0x00000a28        0x8
 *(.ARM.exidx* .gnu.linkonce.armexidx.*)
 .ARM.exidx.text.__aeabi_atexit
                0x00000a28        0x8 c:/program files (x86)/gnu tools arm embedded/4.8 2013q4/bin/../lib/gcc/arm-none-eabi/4.8.3/../../../../arm-none-eabi/lib/armv6-m\libstdc++.a(atexit_arm.o)

.rel.dyn        0x00000a30        0x0
 .rel.iplt      0x00000000        0x0 main.o
                0x00000a30                . = ALIGN (0x4)
                0x00000a30                __exidx_end = .
                [0x00000a30]                PROVIDE (__exidx_end, __exidx_end)

.data           0x10000000      0x428 load address 0x00000a30
                0x10000000                . = ALIGN (0x4)
                0x00000a30                __data_init_start = LOADADDR (.data)
                [0x00000a30]                PROVIDE (__data_init_start, __data_init_start)
                0x10000000                __data_start = .
                [0x10000000]                PROVIDE (__data_start, __data_start)
                0x10000000                . = ALIGN (0x4)
 *(.data .data.* .gnu.linkonce.d.*)
 .data.impure_data
                0x10000000      0x428 c:/program files (x86)/gnu tools arm embedded/4.8 2013q4/bin/../lib/gcc/arm-none-eabi/4.8.3/../../../../arm-none-eabi/lib/armv6-m\libc.a(lib_a-impure.o)
                0x10000428                . = ALIGN (0x4)
                0x10000428                __data_end = .
                [0x10000428]                PROVIDE (__data_end, __data_end)

.igot.plt       0x10000428        0x0 load address 0x00000e58
 .igot.plt      0x00000000        0x0 main.o

.bss            0x10000428       0x60
                0x10000428                . = ALIGN (0x4)
                0x10000428                __bss_start = .
                [0x10000428]                PROVIDE (__bss_start, __bss_start)
                0x10000428                . = ALIGN (0x4)
 *(.bss .bss.* .gnu.linkonce.b.*)
 .bss._ZZN5hwcpp12lpc1114_baseILi4096ELi32768ELi48000000EE8timer_643nowEvE4high
                0x10000428        0x8 main.o
                0x10000428                hwcpp::lpc1114_base<4096, 32768, 48000000>::timer_64::now()::high
 .bss._ZZN5hwcpp12lpc1114_baseILi4096ELi32768ELi48000000EE8timer_643nowEvE8last_low
                0x10000430        0x4 main.o
                0x10000430                hwcpp::lpc1114_base<4096, 32768, 48000000>::timer_64::now()::last_low
 .bss._ZZN5hwcpp12lpc1114_baseILi4096ELi32768ELi48000000EE16initialize_clockEvE4done
                0x10000434        0x1 main.o
                0x10000434                hwcpp::lpc1114_base<4096, 32768, 48000000>::initialize_clock()::done
 *fill*         0x10000435        0x3 
 .bss._ZZN5hwcpp37callback_administration_double_linkedINS_21timing_implementationINS_12lpc1114_baseILi4096ELi32768ELi48000000EE8timer_64EEEE5_node8root_getEvE5_root
                0x10000438       0x18 main.o
                0x10000438                hwcpp::callback_administration_double_linked<hwcpp::timing_implementation<hwcpp::lpc1114_base<4096, 32768, 48000000>::timer_64> >::_node::root_get()::_root
 .bss._ZZN5hwcpp21seven_segment_displayINS_23callback_implementationINS_12lpc1114_baseILi4096ELi32768ELi48000000EE8timer_64ENS_37callback_administration_double_linkedEEENS_6invertINS_18port_out_from_pinsIINS3_17pin_in_out_pullupILi0ELi2EEENS9_ILi0ELi3EEENS3_6pin_ocILi0ELi4EEENSC_ILi0ELi5EEENS9_ILi0ELi6EEENS9_ILi0ELi7EEENS9_ILi0ELi8EEENS9_ILi0ELi9EEEEEEvEENS8_IINS9_ILi1ELi9EEENS9_ILi1ELi8EEENS9_ILi1ELi5EEENS3_20pin_in_out_ad_pullupILi1ELi4ELi5EEEEEENS_28seven_segments_table_defaultIvEEE4initEvE8instance
                0x10000450       0x20 main.o
                0x10000450                hwcpp::seven_segment_display<hwcpp::callback_implementation<hwcpp::lpc1114_base<4096, 32768, 48000000>::timer_64, hwcpp::callback_administration_double_linked>, hwcpp::invert<hwcpp::port_out_from_pins<hwcpp::lpc1114_base<4096, 32768, 48000000>::pin_in_out_pullup<0, 2>, hwcpp::lpc1114_base<4096, 32768, 48000000>::pin_in_out_pullup<0, 3>, hwcpp::lpc1114_base<4096, 32768, 48000000>::pin_oc<0, 4>, hwcpp::lpc1114_base<4096, 32768, 48000000>::pin_oc<0, 5>, hwcpp::lpc1114_base<4096, 32768, 48000000>::pin_in_out_pullup<0, 6>, hwcpp::lpc1114_base<4096, 32768, 48000000>::pin_in_out_pullup<0, 7>, hwcpp::lpc1114_base<4096, 32768, 48000000>::pin_in_out_pullup<0, 8>, hwcpp::lpc1114_base<4096, 32768, 48000000>::pin_in_out_pullup<0, 9> >, void>, hwcpp::port_out_from_pins<hwcpp::lpc1114_base<4096, 32768, 48000000>::pin_in_out_pullup<1, 9>, hwcpp::lpc1114_base<4096, 32768, 48000000>::pin_in_out_pullup<1, 8>, hwcpp::lpc1114_base<4096, 32768, 48000000>::pin_in_out_pullup<1, 5>, hwcpp::lpc1114_base<4096, 32768, 48000000>::pin_in_out_ad_pullup<1, 4, 5> >, hwcpp::seven_segments_table_default<void> >::init()::instance
 .bss._ZN5hwcpp21seven_segment_displayINS_23callback_implementationINS_12lpc1114_baseILi4096ELi32768ELi48000000EE8timer_64ENS_37callback_administration_double_linkedEEENS_6invertINS_18port_out_from_pinsIINS3_17pin_in_out_pullupILi0ELi2EEENS9_ILi0ELi3EEENS3_6pin_ocILi0ELi4EEENSC_ILi0ELi5EEENS9_ILi0ELi6EEENS9_ILi0ELi7EEENS9_ILi0ELi8EEENS9_ILi0ELi9EEEEEEvEENS8_IINS9_ILi1ELi9EEENS9_ILi1ELi8EEENS9_ILi1ELi5EEENS3_20pin_in_out_ad_pullupILi1ELi4ELi5EEEEEENS_28seven_segments_table_defaultIvEEE13current_digitE
                0x10000470        0x4 main.o
                0x10000470                hwcpp::seven_segment_display<hwcpp::callback_implementation<hwcpp::lpc1114_base<4096, 32768, 48000000>::timer_64, hwcpp::callback_administration_double_linked>, hwcpp::invert<hwcpp::port_out_from_pins<hwcpp::lpc1114_base<4096, 32768, 48000000>::pin_in_out_pullup<0, 2>, hwcpp::lpc1114_base<4096, 32768, 48000000>::pin_in_out_pullup<0, 3>, hwcpp::lpc1114_base<4096, 32768, 48000000>::pin_oc<0, 4>, hwcpp::lpc1114_base<4096, 32768, 48000000>::pin_oc<0, 5>, hwcpp::lpc1114_base<4096, 32768, 48000000>::pin_in_out_pullup<0, 6>, hwcpp::lpc1114_base<4096, 32768, 48000000>::pin_in_out_pullup<0, 7>, hwcpp::lpc1114_base<4096, 32768, 48000000>::pin_in_out_pullup<0, 8>, hwcpp::lpc1114_base<4096, 32768, 48000000>::pin_in_out_pullup<0, 9> >, void>, hwcpp::port_out_from_pins<hwcpp::lpc1114_base<4096, 32768, 48000000>::pin_in_out_pullup<1, 9>, hwcpp::lpc1114_base<4096, 32768, 48000000>::pin_in_out_pullup<1, 8>, hwcpp::lpc1114_base<4096, 32768, 48000000>::pin_in_out_pullup<1, 5>, hwcpp::lpc1114_base<4096, 32768, 48000000>::pin_in_out_ad_pullup<1, 4, 5> >, hwcpp::seven_segments_table_default<void> >::current_digit
                0x10000470                hwcpp::seven_segment_display<hwcpp::callback_implementation<hwcpp::lpc1114_base<4096, 32768, 48000000>::timer_64, hwcpp::callback_administration_double_linked>, hwcpp::invert<hwcpp::port_out_from_pins<hwcpp::lpc1114_base<4096, 32768, 48000000>::pin_in_out_pullup<0, 2>, hwcpp::lpc1114_base<4096, 32768, 48000000>::pin_in_out_pullup<0, 3>, hwcpp::lpc1114_base<4096, 32768, 48000000>::pin_oc<0, 4>, hwcpp::lpc1114_base<4096, 32768, 48000000>::pin_oc<0, 5>, hwcpp::lpc1114_base<4096, 32768, 48000000>::pin_in_out_pullup<0, 6>, hwcpp::lpc1114_base<4096, 32768, 48000000>::pin_in_out_pullup<0, 7>, hwcpp::lpc1114_base<4096, 32768, 48000000>::pin_in_out_pullup<0, 8>, hwcpp::lpc1114_base<4096, 32768, 48000000>::pin_in_out_pullup<0, 9> >, void>, hwcpp::port_out_from_pins<hwcpp::lpc1114_base<4096, 32768, 48000000>::pin_in_out_pullup<1, 9>, hwcpp::lpc1114_base<4096, 32768, 48000000>::pin_in_out_pullup<1, 8>, hwcpp::lpc1114_base<4096, 32768, 48000000>::pin_in_out_pullup<1, 5>, hwcpp::lpc1114_base<4096, 32768, 48000000>::pin_in_out_ad_pullup<1, 4, 5> >, hwcpp::seven_segments_table_default<void> >::current_digit
 .bss._ZN5hwcpp21seven_segment_displayINS_23callback_implementationINS_12lpc1114_baseILi4096ELi32768ELi48000000EE8timer_64ENS_37callback_administration_double_linkedEEENS_6invertINS_18port_out_from_pinsIINS3_17pin_in_out_pullupILi0ELi2EEENS9_ILi0ELi3EEENS3_6pin_ocILi0ELi4EEENSC_ILi0ELi5EEENS9_ILi0ELi6EEENS9_ILi0ELi7EEENS9_ILi0ELi8EEENS9_ILi0ELi9EEEEEEvEENS8_IINS9_ILi1ELi9EEENS9_ILi1ELi8EEENS9_ILi1ELi5EEENS3_20pin_in_out_ad_pullupILi1ELi4ELi5EEEEEENS_28seven_segments_table_defaultIvEEE14segment_valuesE
                0x10000474        0x8 main.o
                0x10000474                hwcpp::seven_segment_display<hwcpp::callback_implementation<hwcpp::lpc1114_base<4096, 32768, 48000000>::timer_64, hwcpp::callback_administration_double_linked>, hwcpp::invert<hwcpp::port_out_from_pins<hwcpp::lpc1114_base<4096, 32768, 48000000>::pin_in_out_pullup<0, 2>, hwcpp::lpc1114_base<4096, 32768, 48000000>::pin_in_out_pullup<0, 3>, hwcpp::lpc1114_base<4096, 32768, 48000000>::pin_oc<0, 4>, hwcpp::lpc1114_base<4096, 32768, 48000000>::pin_oc<0, 5>, hwcpp::lpc1114_base<4096, 32768, 48000000>::pin_in_out_pullup<0, 6>, hwcpp::lpc1114_base<4096, 32768, 48000000>::pin_in_out_pullup<0, 7>, hwcpp::lpc1114_base<4096, 32768, 48000000>::pin_in_out_pullup<0, 8>, hwcpp::lpc1114_base<4096, 32768, 48000000>::pin_in_out_pullup<0, 9> >, void>, hwcpp::port_out_from_pins<hwcpp::lpc1114_base<4096, 32768, 48000000>::pin_in_out_pullup<1, 9>, hwcpp::lpc1114_base<4096, 32768, 48000000>::pin_in_out_pullup<1, 8>, hwcpp::lpc1114_base<4096, 32768, 48000000>::pin_in_out_pullup<1, 5>, hwcpp::lpc1114_base<4096, 32768, 48000000>::pin_in_out_ad_pullup<1, 4, 5> >, hwcpp::seven_segments_table_default<void> >::segment_values
                0x10000474                hwcpp::seven_segment_display<hwcpp::callback_implementation<hwcpp::lpc1114_base<4096, 32768, 48000000>::timer_64, hwcpp::callback_administration_double_linked>, hwcpp::invert<hwcpp::port_out_from_pins<hwcpp::lpc1114_base<4096, 32768, 48000000>::pin_in_out_pullup<0, 2>, hwcpp::lpc1114_base<4096, 32768, 48000000>::pin_in_out_pullup<0, 3>, hwcpp::lpc1114_base<4096, 32768, 48000000>::pin_oc<0, 4>, hwcpp::lpc1114_base<4096, 32768, 48000000>::pin_oc<0, 5>, hwcpp::lpc1114_base<4096, 32768, 48000000>::pin_in_out_pullup<0, 6>, hwcpp::lpc1114_base<4096, 32768, 48000000>::pin_in_out_pullup<0, 7>, hwcpp::lpc1114_base<4096, 32768, 48000000>::pin_in_out_pullup<0, 8>, hwcpp::lpc1114_base<4096, 32768, 48000000>::pin_in_out_pullup<0, 9> >, void>, hwcpp::port_out_from_pins<hwcpp::lpc1114_base<4096, 32768, 48000000>::pin_in_out_pullup<1, 9>, hwcpp::lpc1114_base<4096, 32768, 48000000>::pin_in_out_pullup<1, 8>, hwcpp::lpc1114_base<4096, 32768, 48000000>::pin_in_out_pullup<1, 5>, hwcpp::lpc1114_base<4096, 32768, 48000000>::pin_in_out_ad_pullup<1, 4, 5> >, hwcpp::seven_segments_table_default<void> >::segment_values
 .bss._ZGVZN5hwcpp37callback_administration_double_linkedINS_21timing_implementationINS_12lpc1114_baseILi4096ELi32768ELi48000000EE8timer_64EEEE5_node8root_getEvE5_root
                0x1000047c        0x4 main.o
                0x1000047c                guard variable for hwcpp::callback_administration_double_linked<hwcpp::timing_implementation<hwcpp::lpc1114_base<4096, 32768, 48000000>::timer_64> >::_node::root_get()::_root
 .bss._ZGVZN5hwcpp21seven_segment_displayINS_23callback_implementationINS_12lpc1114_baseILi4096ELi32768ELi48000000EE8timer_64ENS_37callback_administration_double_linkedEEENS_6invertINS_18port_out_from_pinsIINS3_17pin_in_out_pullupILi0ELi2EEENS9_ILi0ELi3EEENS3_6pin_ocILi0ELi4EEENSC_ILi0ELi5EEENS9_ILi0ELi6EEENS9_ILi0ELi7EEENS9_ILi0ELi8EEENS9_ILi0ELi9EEEEEEvEENS8_IINS9_ILi1ELi9EEENS9_ILi1ELi8EEENS9_ILi1ELi5EEENS3_20pin_in_out_ad_pullupILi1ELi4ELi5EEEEEENS_28seven_segments_table_defaultIvEEE4initEvE8instance
                0x10000480        0x4 main.o
                0x10000480                guard variable for hwcpp::seven_segment_display<hwcpp::callback_implementation<hwcpp::lpc1114_base<4096, 32768, 48000000>::timer_64, hwcpp::callback_administration_double_linked>, hwcpp::invert<hwcpp::port_out_from_pins<hwcpp::lpc1114_base<4096, 32768, 48000000>::pin_in_out_pullup<0, 2>, hwcpp::lpc1114_base<4096, 32768, 48000000>::pin_in_out_pullup<0, 3>, hwcpp::lpc1114_base<4096, 32768, 48000000>::pin_oc<0, 4>, hwcpp::lpc1114_base<4096, 32768, 48000000>::pin_oc<0, 5>, hwcpp::lpc1114_base<4096, 32768, 48000000>::pin_in_out_pullup<0, 6>, hwcpp::lpc1114_base<4096, 32768, 48000000>::pin_in_out_pullup<0, 7>, hwcpp::lpc1114_base<4096, 32768, 48000000>::pin_in_out_pullup<0, 8>, hwcpp::lpc1114_base<4096, 32768, 48000000>::pin_in_out_pullup<0, 9> >, void>, hwcpp::port_out_from_pins<hwcpp::lpc1114_base<4096, 32768, 48000000>::pin_in_out_pullup<1, 9>, hwcpp::lpc1114_base<4096, 32768, 48000000>::pin_in_out_pullup<1, 8>, hwcpp::lpc1114_base<4096, 32768, 48000000>::pin_in_out_pullup<1, 5>, hwcpp::lpc1114_base<4096, 32768, 48000000>::pin_in_out_ad_pullup<1, 4, 5> >, hwcpp::seven_segments_table_default<void> >::init()::instance
                0x10000484                . = ALIGN (0x4)
 *(COMMON)
 COMMON         0x10000484        0x4 cortex_startup.o
                0x10000484                __dso_handle
                0x10000488                . = ALIGN (0x4)
                0x10000488                __bss_end = .
                [0x10000488]                PROVIDE (__bss_end, __bss_end)

.stack          0x10000488      0x400
                0x10000488                . = ALIGN (0x8)
                0x10000488                __stack_start = .
                [0x10000488]                PROVIDE (__stack_start, __stack_start)
                0x10000488                . = ALIGN (0x8)
                0x10000488                __main_stack_start = .
                [0x10000488]                PROVIDE (__main_stack_start, __main_stack_start)
                0x10000888                . = (. + __main_stack_size)
 *fill*         0x10000488      0x400 
                0x10000888                . = ALIGN (0x8)
                0x10000888                __main_stack_end = .
                [0x10000888]                PROVIDE (__main_stack_end, __main_stack_end)
                0x10000888                . = ALIGN (0x8)
                0x10000888                __process_stack_start = .
                [0x10000888]                PROVIDE (__process_stack_start, __process_stack_start)
                0x10000888                . = (. + __process_stack_size)
                0x10000888                . = ALIGN (0x8)
                0x10000888                __process_stack_end = .
                [0x10000888]                PROVIDE (__process_stack_end, __process_stack_end)
                0x10000888                . = ALIGN (0x8)
                0x10000888                __stack_end = .
                [0x10000888]                PROVIDE (__stack_end, __stack_end)
                0x10000888                . = ALIGN (0x4)
                0x10000888                __heap_start = .
                [0x10000888]                PROVIDE (__heap_start, __heap_start)
                0x10000888                . = ALIGN (0x4)
                0x10001000                __heap_end = __ram_end
                [0x10001000]                PROVIDE (__heap_end, __heap_end)

.stab
 *(.stab)

.stabstr
 *(.stabstr)

.debug
 *(.debug)

.line
 *(.line)

.debug_srcinfo
 *(.debug_srcinfo)

.debug_sfnames
 *(.debug_sfnames)

.debug_aranges
 *(.debug_aranges)

.debug_pubnames
 *(.debug_pubnames)

.debug_info
 *(.debug_info .gnu.linkonce.wi.*)

.debug_abbrev
 *(.debug_abbrev)

.debug_line
 *(.debug_line)

.debug_frame    0x00000000       0xcc
 *(.debug_frame)
 .debug_frame   0x00000000       0x28 c:/program files (x86)/gnu tools arm embedded/4.8 2013q4/bin/../lib/gcc/arm-none-eabi/4.8.3/../../../../arm-none-eabi/lib/armv6-m\libstdc++.a(atexit_arm.o)
 .debug_frame   0x00000028       0x20 c:/program files (x86)/gnu tools arm embedded/4.8 2013q4/bin/../lib/gcc/arm-none-eabi/4.8.3/armv6-m\libgcc.a(_udivsi3.o)
 .debug_frame   0x00000048       0x20 c:/program files (x86)/gnu tools arm embedded/4.8 2013q4/bin/../lib/gcc/arm-none-eabi/4.8.3/armv6-m\libgcc.a(_divsi3.o)
 .debug_frame   0x00000068       0x2c c:/program files (x86)/gnu tools arm embedded/4.8 2013q4/bin/../lib/gcc/arm-none-eabi/4.8.3/../../../../arm-none-eabi/lib/armv6-m\libc.a(lib_a-cxa_atexit.o)
 .debug_frame   0x00000094       0x38 c:/program files (x86)/gnu tools arm embedded/4.8 2013q4/bin/../lib/gcc/arm-none-eabi/4.8.3/../../../../arm-none-eabi/lib/armv6-m\libc.a(lib_a-__atexit.o)

.comment        0x00000000       0x70
 .comment       0x00000000       0x70 main.o
                                 0x71 (size before relaxing)
 .comment       0x00000000       0x71 cortex_startup.o

.debug_str
 *(.debug_str)

.debug_loc
 *(.debug_loc)

.debug_macinfo
 *(.debug_macinfo)

.debug_weaknames
 *(.debug_weaknames)

.debug_funcnames
 *(.debug_funcnames)

.debug_typenames
 *(.debug_typenames)

.debug_varnames
 *(.debug_varnames)

.note.gnu.arm.ident
 *(.note.gnu.arm.ident)

.ARM.attributes
                0x00000000       0x31
 *(.ARM.attributes)
 .ARM.attributes
                0x00000000       0x31 main.o
 .ARM.attributes
                0x00000031       0x31 cortex_startup.o
 .ARM.attributes
                0x00000062       0x2c c:/program files (x86)/gnu tools arm embedded/4.8 2013q4/bin/../lib/gcc/arm-none-eabi/4.8.3/../../../../arm-none-eabi/lib/armv6-m\libstdc++.a(atexit_arm.o)
 .ARM.attributes
                0x0000008e       0x1e c:/program files (x86)/gnu tools arm embedded/4.8 2013q4/bin/../lib/gcc/arm-none-eabi/4.8.3/armv6-m\libgcc.a(_udivsi3.o)
 .ARM.attributes
                0x000000ac       0x1e c:/program files (x86)/gnu tools arm embedded/4.8 2013q4/bin/../lib/gcc/arm-none-eabi/4.8.3/armv6-m\libgcc.a(_divsi3.o)
 .ARM.attributes
                0x000000ca       0x1e c:/program files (x86)/gnu tools arm embedded/4.8 2013q4/bin/../lib/gcc/arm-none-eabi/4.8.3/armv6-m\libgcc.a(_dvmd_tls.o)
 .ARM.attributes
                0x000000e8       0x2c c:/program files (x86)/gnu tools arm embedded/4.8 2013q4/bin/../lib/gcc/arm-none-eabi/4.8.3/../../../../arm-none-eabi/lib/armv6-m\libc.a(lib_a-cxa_atexit.o)
 .ARM.attributes
                0x00000114       0x2c c:/program files (x86)/gnu tools arm embedded/4.8 2013q4/bin/../lib/gcc/arm-none-eabi/4.8.3/../../../../arm-none-eabi/lib/armv6-m\libc.a(lib_a-__atexit.o)
 .ARM.attributes
                0x00000140       0x2c c:/program files (x86)/gnu tools arm embedded/4.8 2013q4/bin/../lib/gcc/arm-none-eabi/4.8.3/../../../../arm-none-eabi/lib/armv6-m\libc.a(lib_a-impure.o)

/DISCARD/
 *(.note.GNU-stack)
                0x00000a28                PROVIDE (__text_size, (__text_end - __text_start))
                0x00000008                PROVIDE (__exidx_size, (__exidx_end - __exidx_start))
                0x00000428                PROVIDE (__data_size, (__data_end - __data_start))
                0x00000060                PROVIDE (__bss_size, (__bss_end - __bss_start))
                0x00000400                PROVIDE (__stack_size, (__stack_end - __stack_start))
                0x00000778                PROVIDE (__heap_size, (__heap_end - __heap_start))
OUTPUT(main.elf elf32-littlearm)
