
Allocating common symbols
Common symbol       size              file

__dso_handle        0x4               cortex_startup.o

Discarded input sections

 .group         0x00000000        0x8 main.o
 .group         0x00000000        0x8 main.o
 .group         0x00000000        0x8 main.o
 .group         0x00000000        0x8 main.o
 .group         0x00000000        0x8 main.o
 .group         0x00000000        0x8 main.o
 .group         0x00000000        0x8 main.o
 .group         0x00000000        0x8 main.o
 .group         0x00000000        0x8 main.o
 .group         0x00000000        0x8 main.o
 .text          0x00000000        0x0 main.o
 .data          0x00000000        0x0 main.o
 .bss           0x00000000        0x0 main.o
 .text          0x00000000        0x0 cortex_startup.o
 .data          0x00000000        0x0 cortex_startup.o
 .bss           0x00000000        0x0 cortex_startup.o
 COMMON         0x00000000        0x4 cortex_startup.o

Memory Configuration

Name             Origin             Length             Attributes
rom              0x00000000         0x00008000         xr
ram              0x10000000         0x00001000         xrw
nul              0x20000000         0x00000000         xrw
*default*        0x00000000         0xffffffff

Linker script and memory map

LOAD main.o
LOAD cortex_startup.o
LOAD c:/program files (x86)/gnu tools arm embedded/4.8 2013q4/bin/../lib/gcc/arm-none-eabi/4.8.3/../../../../arm-none-eabi/lib/armv6-m\libstdc++.a
LOAD c:/program files (x86)/gnu tools arm embedded/4.8 2013q4/bin/../lib/gcc/arm-none-eabi/4.8.3/../../../../arm-none-eabi/lib/armv6-m\libm.a
START GROUP
LOAD c:/program files (x86)/gnu tools arm embedded/4.8 2013q4/bin/../lib/gcc/arm-none-eabi/4.8.3/armv6-m\libgcc.a
LOAD c:/program files (x86)/gnu tools arm embedded/4.8 2013q4/bin/../lib/gcc/arm-none-eabi/4.8.3/../../../../arm-none-eabi/lib/armv6-m\libc.a
END GROUP
                0x00000400                __main_stack_size = 0x400
                0x00000000                __process_stack_size = 0x0
                [0x00000400]                PROVIDE (__main_stack_size, __main_stack_size)
                [0x00000000]                PROVIDE (__process_stack_size, __process_stack_size)
                0x00000000                __rom_start = ORIGIN (rom)
                0x00008000                __rom_size = 0x8000
                0x00008000                __rom_end = (__rom_start + __rom_size)
                0x10000000                __ram_start = ORIGIN (ram)
                0x00001000                __ram_size = 0x1000
                0x10001000                __ram_end = (__ram_start + __ram_size)
                [0x00000000]                PROVIDE (__rom_start, __rom_start)
                [0x00008000]                PROVIDE (__rom_size, __rom_size)
                [0x00008000]                PROVIDE (__rom_end, __rom_end)
                [0x10000000]                PROVIDE (__ram_start, __ram_start)
                [0x00001000]                PROVIDE (__ram_size, __ram_size)
                [0x10001000]                PROVIDE (__ram_end, __ram_end)

.text           0x00000000      0x2f0
                0x00000000                . = ALIGN (0x4)
                0x00000000                __text_start = .
                [0x00000000]                PROVIDE (__text_start, __text_start)
                0x00000000                . = ALIGN (0x4)
 *(.vectors)
 .vectors       0x00000000       0x20 cortex_startup.o
                0x00000000                __vectors
                0x00000020                . = ALIGN (0x4)
 *(.text .text.* .gnu.linkonce.t.*)
 .text._ZNSt7ostream6fillerEi
                0x00000020       0x1a main.o
                0x00000020                std::ostream::filler(int)
 .text._ZStlsRSt7ostreamPKc
                0x0000003a       0x5e main.o
                0x0000003a                std::operator<<(std::ostream&, char const*)
 .text._ZN5hwcpp13timing_waiterINS_12lpc1114_baseILi4096ELi32768ELi48000000EE8timer_64EE3nowEv
                0x00000098       0x50 main.o
                0x00000098                hwcpp::timing_waiter<hwcpp::lpc1114_base<4096, 32768, 48000000>::timer_64>::now()
 .text._ZN5hwcpp8uart_outINS_12lpc1114_baseILi4096ELi32768ELi48000000EE17pin_in_out_pullupILi1ELi7EEENS_21timing_implementationINS2_8timer_64EEELj38400EE4sendERNS_15moment_durationIxLx24EE6momentEb
                0x000000e8       0x40 main.o
                0x000000e8                hwcpp::uart_out<hwcpp::lpc1114_base<4096, 32768, 48000000>::pin_in_out_pullup<1, 7>, hwcpp::timing_implementation<hwcpp::lpc1114_base<4096, 32768, 48000000>::timer_64>, 38400u>::send(hwcpp::moment_duration<long long, 24ll>::moment&, bool)
 .text._ZN5hwcpp8uart_outINS_12lpc1114_baseILi4096ELi32768ELi48000000EE17pin_in_out_pullupILi1ELi7EEENS_21timing_implementationINS2_8timer_64EEELj38400EE3putEc
                0x00000128       0x3a main.o
                0x00000128                hwcpp::uart_out<hwcpp::lpc1114_base<4096, 32768, 48000000>::pin_in_out_pullup<1, 7>, hwcpp::timing_implementation<hwcpp::lpc1114_base<4096, 32768, 48000000>::timer_64>, 38400u>::put(char)
 *fill*         0x00000162        0x2 
 .text._ZN5hwcpp12lpc1114_baseILi4096ELi32768ELi48000000EE16initialize_clockEv
                0x00000164       0x48 main.o
                0x00000164                hwcpp::lpc1114_base<4096, 32768, 48000000>::initialize_clock()
 .text._ZN5hwcpp12lpc1114_baseILi4096ELi32768ELi48000000EE8timer_644initEv
                0x000001ac       0x20 main.o
                0x000001ac                hwcpp::lpc1114_base<4096, 32768, 48000000>::timer_64::init()
 .text.startup.main
                0x000001cc       0x94 main.o
                0x000001cc                main
 .text.__startup
                0x00000260       0x54 cortex_startup.o
                0x00000260                __startup
                0x000002b4                . = ALIGN (0x4)
 *(.glue_7t .glue_7)
 .glue_7        0x00000000        0x0 linker stubs
 .glue_7t       0x00000000        0x0 linker stubs
                0x000002b4                . = ALIGN (0x4)
 *(.rodata .rodata.* .gnu.linkonce.r.*)
 .rodata.str1.1
                0x000002b4       0x39 main.o
                                 0x3b (size before relaxing)
                0x000002f0                . = ALIGN (0x4)
 *fill*         0x000002ed        0x3 
 *(.ARM.extab* .gnu.linkonce.armextab.*)
                0x000002f0                . = ALIGN (0x4)
 *(.gcc_except_table)
                0x000002f0                . = ALIGN (0x4)
 *(.eh_frame_hdr)
                0x000002f0                . = ALIGN (0x4)
 *(.eh_frame)
                0x000002f0                . = ALIGN (0x4)
                0x000002f0                __text_end = .
                [0x000002f0]                PROVIDE (__text_end, __text_end)

.vfp11_veneer   0x000002f0        0x0
 .vfp11_veneer  0x00000000        0x0 linker stubs

.v4_bx          0x000002f0        0x0
 .v4_bx         0x00000000        0x0 linker stubs

.iplt           0x000002f0        0x0
 .iplt          0x00000000        0x0 main.o

.rel.dyn        0x000002f0        0x0
 .rel.iplt      0x00000000        0x0 main.o

.IF_YOU_SEE_THIS_YOU_HAVE_ONE_OR_MORE_GLOBAL_OBJECT_CONSTRUCTORS
 *(.init)
 *(.preinit_array)
 *(SORT(.init_array.*))
 *(.init_array)
                0x000002f0                . = ALIGN (0x4)
                0x000002f0                __exidx_start = .
                [0x000002f0]                PROVIDE (__exidx_start, __exidx_start)

.ARM.exidx
 *(.ARM.exidx* .gnu.linkonce.armexidx.*)
                0x000002f0                . = ALIGN (0x4)
                0x000002f0                __exidx_end = .
                [0x000002f0]                PROVIDE (__exidx_end, __exidx_end)

.data           0x10000000       0x14 load address 0x000002f0
                0x10000000                . = ALIGN (0x4)
                0x000002f0                __data_init_start = LOADADDR (.data)
                [0x000002f0]                PROVIDE (__data_init_start, __data_init_start)
                0x10000000                __data_start = .
                [0x10000000]                PROVIDE (__data_start, __data_start)
                0x10000000                . = ALIGN (0x4)
 *(.data .data.* .gnu.linkonce.d.*)
 .data._ZSt4cout
                0x10000000       0x14 main.o
                0x10000000                std::cout
                0x10000014                . = ALIGN (0x4)
                0x10000014                __data_end = .
                [0x10000014]                PROVIDE (__data_end, __data_end)

.igot.plt       0x10000014        0x0 load address 0x00000304
 .igot.plt      0x00000000        0x0 main.o

.bss            0x10000018       0x14
                0x10000018                . = ALIGN (0x4)
                0x10000018                __bss_start = .
                [0x10000018]                PROVIDE (__bss_start, __bss_start)
                0x10000018                . = ALIGN (0x4)
 *(.bss .bss.* .gnu.linkonce.b.*)
 .bss._ZZN5hwcpp12lpc1114_baseILi4096ELi32768ELi48000000EE16initialize_clockEvE4done
                0x10000018        0x1 main.o
                0x10000018                hwcpp::lpc1114_base<4096, 32768, 48000000>::initialize_clock()::done
 *fill*         0x10000019        0x7 
 .bss._ZZN5hwcpp12lpc1114_baseILi4096ELi32768ELi48000000EE8timer_643nowEvE4high
                0x10000020        0x8 main.o
                0x10000020                hwcpp::lpc1114_base<4096, 32768, 48000000>::timer_64::now()::high
 .bss._ZZN5hwcpp12lpc1114_baseILi4096ELi32768ELi48000000EE8timer_643nowEvE8last_low
                0x10000028        0x4 main.o
                0x10000028                hwcpp::lpc1114_base<4096, 32768, 48000000>::timer_64::now()::last_low
                0x1000002c                . = ALIGN (0x4)
 *(COMMON)
                0x1000002c                . = ALIGN (0x4)
                0x1000002c                __bss_end = .
                [0x1000002c]                PROVIDE (__bss_end, __bss_end)

.stack          0x1000002c      0x404
                0x10000030                . = ALIGN (0x8)
 *fill*         0x1000002c        0x4 
                0x10000030                __stack_start = .
                [0x10000030]                PROVIDE (__stack_start, __stack_start)
                0x10000030                . = ALIGN (0x8)
                0x10000030                __main_stack_start = .
                [0x10000030]                PROVIDE (__main_stack_start, __main_stack_start)
                0x10000430                . = (. + __main_stack_size)
 *fill*         0x10000030      0x400 
                0x10000430                . = ALIGN (0x8)
                0x10000430                __main_stack_end = .
                [0x10000430]                PROVIDE (__main_stack_end, __main_stack_end)
                0x10000430                . = ALIGN (0x8)
                0x10000430                __process_stack_start = .
                [0x10000430]                PROVIDE (__process_stack_start, __process_stack_start)
                0x10000430                . = (. + __process_stack_size)
                0x10000430                . = ALIGN (0x8)
                0x10000430                __process_stack_end = .
                [0x10000430]                PROVIDE (__process_stack_end, __process_stack_end)
                0x10000430                . = ALIGN (0x8)
                0x10000430                __stack_end = .
                [0x10000430]                PROVIDE (__stack_end, __stack_end)
                0x10000430                . = ALIGN (0x4)
                0x10000430                __heap_start = .
                [0x10000430]                PROVIDE (__heap_start, __heap_start)
                0x10000430                . = ALIGN (0x4)
                0x10001000                __heap_end = __ram_end
                [0x10001000]                PROVIDE (__heap_end, __heap_end)

.stab
 *(.stab)

.stabstr
 *(.stabstr)

.debug
 *(.debug)

.line
 *(.line)

.debug_srcinfo
 *(.debug_srcinfo)

.debug_sfnames
 *(.debug_sfnames)

.debug_aranges
 *(.debug_aranges)

.debug_pubnames
 *(.debug_pubnames)

.debug_info
 *(.debug_info .gnu.linkonce.wi.*)

.debug_abbrev
 *(.debug_abbrev)

.debug_line
 *(.debug_line)

.debug_frame
 *(.debug_frame)

.debug_str
 *(.debug_str)

.debug_loc
 *(.debug_loc)

.debug_macinfo
 *(.debug_macinfo)

.debug_weaknames
 *(.debug_weaknames)

.debug_funcnames
 *(.debug_funcnames)

.debug_typenames
 *(.debug_typenames)

.debug_varnames
 *(.debug_varnames)

.note.gnu.arm.ident
 *(.note.gnu.arm.ident)

.ARM.attributes
                0x00000000       0x31
 *(.ARM.attributes)
 .ARM.attributes
                0x00000000       0x31 main.o
 .ARM.attributes
                0x00000031       0x31 cortex_startup.o

/DISCARD/
 *(.note.GNU-stack)
                0x000002f0                PROVIDE (__text_size, (__text_end - __text_start))
                0x00000000                PROVIDE (__exidx_size, (__exidx_end - __exidx_start))
                0x00000014                PROVIDE (__data_size, (__data_end - __data_start))
                0x00000014                PROVIDE (__bss_size, (__bss_end - __bss_start))
                0x00000400                PROVIDE (__stack_size, (__stack_end - __stack_start))
                0x00000bd0                PROVIDE (__heap_size, (__heap_end - __heap_start))
OUTPUT(main.elf elf32-littlearm)

.comment        0x00000000       0x70
 .comment       0x00000000       0x70 main.o
                                 0x71 (size before relaxing)
 .comment       0x00000000       0x71 cortex_startup.o
