Archive member included because of file (symbol)

c:/Program Files (x86)/mingw-w64/i686-4.9.2-posix-dwarf-rt_v3-rev0/mingw32/bin/../lib/gcc/i686-w64-mingw32/4.9.2/libstdc++.dll.a(d003192.o)
                              (__imp___ZSt4cout)
c:/Program Files (x86)/mingw-w64/i686-4.9.2-posix-dwarf-rt_v3-rev0/mingw32/bin/../lib/gcc/i686-w64-mingw32/4.9.2/libstdc++.dll.a(d002931.o)
                              main.o (std::ios_base::Init::~Init())
c:/Program Files (x86)/mingw-w64/i686-4.9.2-posix-dwarf-rt_v3-rev0/mingw32/bin/../lib/gcc/i686-w64-mingw32/4.9.2/libstdc++.dll.a(d004017.o)
                              main.o (operator new(unsigned int))
c:/Program Files (x86)/mingw-w64/i686-4.9.2-posix-dwarf-rt_v3-rev0/mingw32/bin/../lib/gcc/i686-w64-mingw32/4.9.2/libstdc++.dll.a(d004013.o)
                              main.o (operator delete(void*))
c:/Program Files (x86)/mingw-w64/i686-4.9.2-posix-dwarf-rt_v3-rev0/mingw32/bin/../lib/gcc/i686-w64-mingw32/4.9.2/libstdc++.dll.a(d003184.o)
                              main.o (std::__throw_bad_function_call())
c:/Program Files (x86)/mingw-w64/i686-4.9.2-posix-dwarf-rt_v3-rev0/mingw32/bin/../lib/gcc/i686-w64-mingw32/4.9.2/libstdc++.dll.a(d001263.o)
                              main.o (std::ostream::operator<<(int))
c:/Program Files (x86)/mingw-w64/i686-4.9.2-posix-dwarf-rt_v3-rev0/mingw32/bin/../lib/gcc/i686-w64-mingw32/4.9.2/libstdc++.dll.a(d003267.o)
                              main.o (std::basic_ostream<char, std::char_traits<char> >& std::operator<< <std::char_traits<char> >(std::basic_ostream<char, std::char_traits<char> >&, char const*))
c:/Program Files (x86)/mingw-w64/i686-4.9.2-posix-dwarf-rt_v3-rev0/mingw32/bin/../lib/gcc/i686-w64-mingw32/4.9.2/libstdc++.dll.a(d002929.o)
                              main.o (std::ios_base::Init::Init())
c:/Program Files (x86)/mingw-w64/i686-4.9.2-posix-dwarf-rt_v3-rev0/mingw32/bin/../lib/gcc/i686-w64-mingw32/4.9.2/libstdc++.dll.a(d000000.o)
                              c:/Program Files (x86)/mingw-w64/i686-4.9.2-posix-dwarf-rt_v3-rev0/mingw32/bin/../lib/gcc/i686-w64-mingw32/4.9.2/libstdc++.dll.a(d003192.o) (_head_libstdc___6_dll)
c:/Program Files (x86)/mingw-w64/i686-4.9.2-posix-dwarf-rt_v3-rev0/mingw32/bin/../lib/gcc/i686-w64-mingw32/4.9.2/libstdc++.dll.a(d004066.o)
                              c:/Program Files (x86)/mingw-w64/i686-4.9.2-posix-dwarf-rt_v3-rev0/mingw32/bin/../lib/gcc/i686-w64-mingw32/4.9.2/libstdc++.dll.a(d000000.o) (libstdc___6_dll_iname)
c:/Program Files (x86)/mingw-w64/i686-4.9.2-posix-dwarf-rt_v3-rev0/mingw32/bin/../lib/gcc/i686-w64-mingw32/4.9.2/../../../../i686-w64-mingw32/lib/../lib/libmingw32.a(lib32_libmingw32_a-tlssup.o)
                              c:/Program Files (x86)/mingw-w64/i686-4.9.2-posix-dwarf-rt_v3-rev0/mingw32/bin/../lib/gcc/i686-w64-mingw32/4.9.2/../../../../i686-w64-mingw32/lib/../lib/crt2.o (mingw_initltssuo_force)
c:/Program Files (x86)/mingw-w64/i686-4.9.2-posix-dwarf-rt_v3-rev0/mingw32/bin/../lib/gcc/i686-w64-mingw32/4.9.2/../../../../i686-w64-mingw32/lib/../lib/libmingw32.a(lib32_libmingw32_a-charmax.o)
                              c:/Program Files (x86)/mingw-w64/i686-4.9.2-posix-dwarf-rt_v3-rev0/mingw32/bin/../lib/gcc/i686-w64-mingw32/4.9.2/../../../../i686-w64-mingw32/lib/../lib/crt2.o (mingw_initcharmax)
c:/Program Files (x86)/mingw-w64/i686-4.9.2-posix-dwarf-rt_v3-rev0/mingw32/bin/../lib/gcc/i686-w64-mingw32/4.9.2/../../../../i686-w64-mingw32/lib/../lib/libmingw32.a(lib32_libmingw32_a-mingw_helpers.o)
                              c:/Program Files (x86)/mingw-w64/i686-4.9.2-posix-dwarf-rt_v3-rev0/mingw32/bin/../lib/gcc/i686-w64-mingw32/4.9.2/../../../../i686-w64-mingw32/lib/../lib/crt2.o (_encode_pointer)
c:/Program Files (x86)/mingw-w64/i686-4.9.2-posix-dwarf-rt_v3-rev0/mingw32/bin/../lib/gcc/i686-w64-mingw32/4.9.2/../../../../i686-w64-mingw32/lib/../lib/libmingw32.a(lib32_libmingw32_a-xtxtmode.o)
                              c:/Program Files (x86)/mingw-w64/i686-4.9.2-posix-dwarf-rt_v3-rev0/mingw32/bin/../lib/gcc/i686-w64-mingw32/4.9.2/../../../../i686-w64-mingw32/lib/../lib/crt2.o (_fmode)
c:/Program Files (x86)/mingw-w64/i686-4.9.2-posix-dwarf-rt_v3-rev0/mingw32/bin/../lib/gcc/i686-w64-mingw32/4.9.2/../../../../i686-w64-mingw32/lib/../lib/libmingw32.a(lib32_libmingw32_a-atonexit.o)
                              main.o (atexit)
c:/Program Files (x86)/mingw-w64/i686-4.9.2-posix-dwarf-rt_v3-rev0/mingw32/bin/../lib/gcc/i686-w64-mingw32/4.9.2/../../../../i686-w64-mingw32/lib/../lib/libmingw32.a(lib32_libmingw32_a-_newmode.o)
                              c:/Program Files (x86)/mingw-w64/i686-4.9.2-posix-dwarf-rt_v3-rev0/mingw32/bin/../lib/gcc/i686-w64-mingw32/4.9.2/../../../../i686-w64-mingw32/lib/../lib/crt2.o (_newmode)
c:/Program Files (x86)/mingw-w64/i686-4.9.2-posix-dwarf-rt_v3-rev0/mingw32/bin/../lib/gcc/i686-w64-mingw32/4.9.2/../../../../i686-w64-mingw32/lib/../lib/libmingw32.a(lib32_libmingw32_a-wildcard.o)
[...]
Memory Configuration

Name             Origin             Length             Attributes
*default*        0x00000000         0xffffffff

Linker script and memory map

                0x00400000                __image_base__ = 0x400000
                0x00000000                __dll__ = 0x0
                0x00400000                ___ImageBase = 0x400000
                0x00001000                __section_alignment__ = 0x1000
                0x00000200                __file_alignment__ = 0x200
                0x00000004                __major_os_version__ = 0x4
                0x00000000                __minor_os_version__ = 0x0
                0x00000001                __major_image_version__ = 0x1
                0x00000000                __minor_image_version__ = 0x0
                0x00000004                __major_subsystem_version__ = 0x4
                0x00000000                __minor_subsystem_version__ = 0x0
                0x00000003                __subsystem__ = 0x3
                0x00200000                __size_of_stack_reserve__ = 0x200000
                0x00001000                __size_of_stack_commit__ = 0x1000
                0x00100000                __size_of_heap_reserve__ = 0x100000
                0x00001000                __size_of_heap_commit__ = 0x1000
                0x00000000                __loader_flags__ = 0x0
                0x00000000                __dll_characteristics__ = 0x0
LOAD c:/Program Files (x86)/mingw-w64/i686-4.9.2-posix-dwarf-rt_v3-rev0/mingw32/bin/../lib/gcc/i686-w64-mingw32/4.9.2/../../../../i686-w64-mingw32/lib/../lib/crt2.o
LOAD c:/Program Files (x86)/mingw-w64/i686-4.9.2-posix-dwarf-rt_v3-rev0/mingw32/bin/../lib/gcc/i686-w64-mingw32/4.9.2/crtbegin.o
LOAD main.o
LOAD bmptk_win.o
LOAD c:/Program Files (x86)/mingw-w64/i686-4.9.2-posix-dwarf-rt_v3-rev0/mingw32/bin/../lib/gcc/i686-w64-mingw32/4.9.2/../../../../i686-w64-mingw32/lib/../lib/libgdi32.a
LOAD c:/Program Files (x86)/mingw-w64/i686-4.9.2-posix-dwarf-rt_v3-rev0/mingw32/bin/../lib/gcc/i686-w64-mingw32/4.9.2/libstdc++.dll.a
LOAD c:/Program Files (x86)/mingw-w64/i686-4.9.2-posix-dwarf-rt_v3-rev0/mingw32/bin/../lib/gcc/i686-w64-mingw32/4.9.2/../../../../i686-w64-mingw32/lib/../lib/libmingw32.a
LOAD c:/Program Files (x86)/mingw-w64/i686-4.9.2-posix-dwarf-rt_v3-rev0/mingw32/bin/../lib/gcc/i686-w64-mingw32/4.9.2/../../../../i686-w64-mingw32/lib/../lib/libgcc_s.a
LOAD c:/Program Files (x86)/mingw-w64/i686-4.9.2-posix-dwarf-rt_v3-rev0/mingw32/bin/../lib/gcc/i686-w64-mingw32/4.9.2/libgcc.a
LOAD c:/Program Files (x86)/mingw-w64/i686-4.9.2-posix-dwarf-rt_v3-rev0/mingw32/bin/../lib/gcc/i686-w64-mingw32/4.9.2/../../../../i686-w64-mingw32/lib/../lib/libmoldname.a
LOAD c:/Program Files (x86)/mingw-w64/i686-4.9.2-posix-dwarf-rt_v3-rev0/mingw32/bin/../lib/gcc/i686-w64-mingw32/4.9.2/../../../../i686-w64-mingw32/lib/../lib/libmingwex.a
LOAD c:/Program Files (x86)/mingw-w64/i686-4.9.2-posix-dwarf-rt_v3-rev0/mingw32/bin/../lib/gcc/i686-w64-mingw32/4.9.2/../../../../i686-w64-mingw32/lib/../lib/libmsvcrt.a
LOAD c:/Program Files (x86)/mingw-w64/i686-4.9.2-posix-dwarf-rt_v3-rev0/mingw32/bin/../lib/gcc/i686-w64-mingw32/4.9.2/../../../../i686-w64-mingw32/lib/../lib/libpthread.dll.a
LOAD c:/Program Files (x86)/mingw-w64/i686-4.9.2-posix-dwarf-rt_v3-rev0/mingw32/bin/../lib/gcc/i686-w64-mingw32/4.9.2/../../../../i686-w64-mingw32/lib/../lib/libadvapi32.a
LOAD c:/Program Files (x86)/mingw-w64/i686-4.9.2-posix-dwarf-rt_v3-rev0/mingw32/bin/../lib/gcc/i686-w64-mingw32/4.9.2/../../../../i686-w64-mingw32/lib/../lib/libshell32.a
LOAD c:/Program Files (x86)/mingw-w64/i686-4.9.2-posix-dwarf-rt_v3-rev0/mingw32/bin/../lib/gcc/i686-w64-mingw32/4.9.2/../../../../i686-w64-mingw32/lib/../lib/libuser32.a
LOAD c:/Program Files (x86)/mingw-w64/i686-4.9.2-posix-dwarf-rt_v3-rev0/mingw32/bin/../lib/gcc/i686-w64-mingw32/4.9.2/../../../../i686-w64-mingw32/lib/../lib/libkernel32.a
LOAD c:/Program Files (x86)/mingw-w64/i686-4.9.2-posix-dwarf-rt_v3-rev0/mingw32/bin/../lib/gcc/i686-w64-mingw32/4.9.2/../../../../i686-w64-mingw32/lib/../lib/libiconv.a
LOAD c:/Program Files (x86)/mingw-w64/i686-4.9.2-posix-dwarf-rt_v3-rev0/mingw32/bin/../lib/gcc/i686-w64-mingw32/4.9.2/../../../../i686-w64-mingw32/lib/../lib/libmingw32.a
LOAD c:/Program Files (x86)/mingw-w64/i686-4.9.2-posix-dwarf-rt_v3-rev0/mingw32/bin/../lib/gcc/i686-w64-mingw32/4.9.2/../../../../i686-w64-mingw32/lib/../lib/libgcc_s.a
LOAD c:/Program Files (x86)/mingw-w64/i686-4.9.2-posix-dwarf-rt_v3-rev0/mingw32/bin/../lib/gcc/i686-w64-mingw32/4.9.2/libgcc.a
LOAD c:/Program Files (x86)/mingw-w64/i686-4.9.2-posix-dwarf-rt_v3-rev0/mingw32/bin/../lib/gcc/i686-w64-mingw32/4.9.2/../../../../i686-w64-mingw32/lib/../lib/libmoldname.a
LOAD c:/Program Files (x86)/mingw-w64/i686-4.9.2-posix-dwarf-rt_v3-rev0/mingw32/bin/../lib/gcc/i686-w64-mingw32/4.9.2/../../../../i686-w64-mingw32/lib/../lib/libmingwex.a
LOAD c:/Program Files (x86)/mingw-w64/i686-4.9.2-posix-dwarf-rt_v3-rev0/mingw32/bin/../lib/gcc/i686-w64-mingw32/4.9.2/../../../../i686-w64-mingw32/lib/../lib/libmsvcrt.a
LOAD c:/Program Files (x86)/mingw-w64/i686-4.9.2-posix-dwarf-rt_v3-rev0/mingw32/bin/../lib/gcc/i686-w64-mingw32/4.9.2/crtend.o
                0x00000380                . = SIZEOF_HEADERS
                0x00001000                . = ALIGN (__section_alignment__)

.text           0x00401000     0x1a00
 *(.init)
 *(.text)
 .text          0x00401000      0x500 c:/Program Files (x86)/mingw-w64/i686-4.9.2-posix-dwarf-rt_v3-rev0/mingw32/bin/../lib/gcc/i686-w64-mingw32/4.9.2/../../../../i686-w64-mingw32/lib/../lib/crt2.o
                0x004014c0                WinMainCRTStartup
                0x004014e0                mainCRTStartup
 .text          0x00401500      0x110 c:/Program Files (x86)/mingw-w64/i686-4.9.2-posix-dwarf-rt_v3-rev0/mingw32/bin/../lib/gcc/i686-w64-mingw32/4.9.2/crtbegin.o
                0x00401500                __gcc_register_frame
                0x004015b0                __gcc_deregister_frame
 .text          0x00401610        0x0 main.o
 .text          0x00401610        0x0 bmptk_win.o
 .text          0x00401610        0x0 c:/Program Files (x86)/mingw-w64/i686-4.9.2-posix-dwarf-rt_v3-rev0/mingw32/bin/../lib/gcc/i686-w64-mingw32/4.9.2/libstdc++.dll.a(d003192.o)
 .text          0x00401610        0x8 c:/Program Files (x86)/mingw-w64/i686-4.9.2-posix-dwarf-rt_v3-rev0/mingw32/bin/../lib/gcc/i686-w64-mingw32/4.9.2/libstdc++.dll.a(d002931.o)
                0x00401610                std::ios_base::Init::~Init()
 .text          0x00401618        0x8 c:/Program Files (x86)/mingw-w64/i686-4.9.2-posix-dwarf-rt_v3-rev0/mingw32/bin/../lib/gcc/i686-w64-mingw32/4.9.2/libstdc++.dll.a(d004017.o)
                0x00401618                operator new(unsigned int)
 .text          0x00401620        0x8 c:/Program Files (x86)/mingw-w64/i686-4.9.2-posix-dwarf-rt_v3-rev0/mingw32/bin/../lib/gcc/i686-w64-mingw32/4.9.2/libstdc++.dll.a(d004013.o)
                0x00401620                operator delete(void*)
 .text          0x00401628        0x8 c:/Program Files (x86)/mingw-w64/i686-4.9.2-posix-dwarf-rt_v3-rev0/mingw32/bin/../lib/gcc/i686-w64-mingw32/4.9.2/libstdc++.dll.a(d003184.o)
                0x00401628                std::__throw_bad_function_call()
 .text          0x00401630        0x8 c:/Program Files (x86)/mingw-w64/i686-4.9.2-posix-dwarf-rt_v3-rev0/mingw32/bin/../lib/gcc/i686-w64-mingw32/4.9.2/libstdc++.dll.a(d001263.o)
                0x00401630                std::ostream::operator<<(int)
 .text          0x00401638        0x8 c:/Program Files (x86)/mingw-w64/i686-4.9.2-posix-dwarf-rt_v3-rev0/mingw32/bin/../lib/gcc/i686-w64-mingw32/4.9.2/libstdc++.dll.a(d003267.o)
                0x00401638                std::basic_ostream<char, std::char_traits<char> >& std::operator<< <std::char_traits<char> >(std::basic_ostream<char, std::char_traits<char> >&, char const*)
 .text          0x00401640        0x8 c:/Program Files (x86)/mingw-w64/i686-4.9.2-posix-dwarf-rt_v3-rev0/mingw32/bin/../lib/gcc/i686-w64-mingw32/4.9.2/libstdc++.dll.a(d002929.o)
                0x00401640                std::ios_base::Init::Init()
 *fill*         0x00401648        0x8 
 .text          0x00401650       0xe0 c:/Program Files (x86)/mingw-w64/i686-4.9.2-posix-dwarf-rt_v3-rev0/mingw32/bin/../lib/gcc/i686-w64-mingw32/4.9.2/../../../../i686-w64-mingw32/lib/../lib/libmingw32.a(lib32_libmingw32_a-tlssup.o)
                0x004016a0                __dyn_tls_init@12
                0x00401720                __tlregdtor
 .text          0x00401730       0x10 c:/Program Files (x86)/mingw-w64/i686-4.9.2-posix-dwarf-rt_v3-rev0/mingw32/bin/../lib/gcc/i686-w64-mingw32/4.9.2/../../../../i686-w64-mingw32/lib/../lib/libmingw32.a(lib32_libmingw32_a-charmax.o)
 .text          0x00401740       0x20 c:/Program Files (x86)/mingw-w64/i686-4.9.2-posix-dwarf-rt_v3-rev0/mingw32/bin/../lib/gcc/i686-w64-mingw32/4.9.2/../../../../i686-w64-mingw32/lib/../lib/libmingw32.a(lib32_libmingw32_a-mingw_helpers.o)
                0x00401740                _decode_pointer
                0x00401750                _encode_pointer
 .text          0x00401760        0x0 c:/Program Files (x86)/mingw-w64/i686-4.9.2-posix-dwarf-rt_v3-rev0/mingw32/bin/../lib/gcc/i686-w64-mingw32/4.9.2/../../../../i686-w64-mingw32/lib/../lib/libmingw32.a(lib32_libmingw32_a-xtxtmode.o)
 .text          0x00401760       0xe0 c:/Program Files (x86)/mingw-w64/i686-4.9.2-posix-dwarf-rt_v3-rev0/mingw32/bin/../lib/gcc/i686-w64-mingw32/4.9.2/../../../../i686-w64-mingw32/lib/../lib/libmingw32.a(lib32_libmingw32_a-atonexit.o)
                0x00401760                mingw_onexit
                0x00401820                atexit
 .text          0x00401840        0x0 c:/Program Files (x86)/mingw-w64/i686-4.9.2-posix-dwarf-rt_v3-rev0/mingw32/bin/../lib/gcc/i686-w64-mingw32/4.9.2/../../../../i686-w64-mingw32/lib/../lib/libmingw32.a(lib32_libmingw32_a-_newmode.o)
 .text          0x00401840        0x0 c:/Program Files (x86)/mingw-w64/i686-4.9.2-posix-dwarf-rt_v3-rev0/mingw32/bin/../lib/gcc/i686-w64-mingw32/4.9.2/../../../../i686-w64-mingw32/lib/../lib/libmingw32.a(lib32_libmingw32_a-wildcard.o)
 .text          0x00401840        0x0 c:/Program Files (x86)/mingw-w64/i686-4.9.2-posix-dwarf-rt_v3-rev0/mingw32/bin/../lib/gcc/i686-w64-mingw32/4.9.2/../../../../i686-w64-mingw32/lib/../lib/libmingw32.a(lib32_libmingw32_a-natstart.o)
 .text          0x00401840      0x150 c:/Program Files (x86)/mingw-w64/i686-4.9.2-posix-dwarf-rt_v3-rev0/mingw32/bin/../lib/gcc/i686-w64-mingw32/4.9.2/../../../../i686-w64-mingw32/lib/../lib/libmingw32.a(lib32_libmingw32_a-crt_handler.o)
                0x00401840                _gnu_exception_handler@4
 .text          0x00401990        0x0 c:/Program Files (x86)/mingw-w64/i686-4.9.2-posix-dwarf-rt_v3-rev0/mingw32/bin/../lib/gcc/i686-w64-mingw32/4.9.2/../../../../i686-w64-mingw32/lib/../lib/libmingw32.a(lib32_libmingw32_a-cinitexe.o)
 .text          0x00401990       0x10 c:/Program Files (x86)/mingw-w64/i686-4.9.2-posix-dwarf-rt_v3-rev0/mingw32/bin/../lib/gcc/i686-w64-mingw32/4.9.2/../../../../i686-w64-mingw32/lib/../lib/libmingw32.a(lib32_libmingw32_a-dllargv.o)
                0x00401990                _setargv
 .text          0x004019a0       0xc0 c:/Program Files (x86)/mingw-w64/i686-4.9.2-posix-dwarf-rt_v3-rev0/mingw32/bin/../lib/gcc/i686-w64-mingw32/4.9.2/../../../../i686-w64-mingw32/lib/../lib/libmingw32.a(lib32_libmingw32_a-merr.o)
                0x004019a0                __mingw_raise_matherr
                0x004019f0                __mingw_setusermatherr
                0x00401a00                _matherr
 .text          0x00401a60      0x440 c:/Program Files (x86)/mingw-w64/i686-4.9.2-posix-dwarf-rt_v3-rev0/mingw32/bin/../lib/gcc/i686-w64-mingw32/4.9.2/../../../../i686-w64-mingw32/lib/../lib/libmingw32.a(lib32_libmingw32_a-pseudo-reloc.o)
                0x00401c00                _pei386_runtime_relocator
 .text          0x00401ea0       0x10 c:/Program Files (x86)/mingw-w64/i686-4.9.2-posix-dwarf-rt_v3-rev0/mingw32/bin/../lib/gcc/i686-w64-mingw32/4.9.2/../../../../i686-w64-mingw32/lib/../lib/libmingw32.a(lib32_libmingw32_a-CRT_fp10.o)
                0x00401ea0                fpreset
                0x00401ea0                _fpreset
 .text          0x00401eb0       0xa0 c:/Program Files (x86)/mingw-w64/i686-4.9.2-posix-dwarf-rt_v3-rev0/mingw32/bin/../lib/gcc/i686-w64-mingw32/4.9.2/../../../../i686-w64-mingw32/lib/../lib/libmingw32.a(lib32_libmingw32_a-gccmain.o)
                0x00401eb0                __do_global_dtors
                0x00401ee0                __do_global_ctors
                0x00401f30                __main
 .text          0x00401f50      0x140 c:/Program Files (x86)/mingw-w64/i686-4.9.2-posix-dwarf-rt_v3-rev0/mingw32/bin/../lib/gcc/i686-w64-mingw32/4.9.2/../../../../i686-w64-mingw32/lib/../lib/libmingw32.a(lib32_libmingw32_a-gs_support.o)
                0x00401f50                __security_init_cookie
                0x00402000                __report_gsfailure
 .text          0x00402090        0x0 c:/Program Files (x86)/mingw-w64/i686-4.9.2-posix-dwarf-rt_v3-rev0/mingw32/bin/../lib/gcc/i686-w64-mingw32/4.9.2/../../../../i686-w64-mingw32/lib/../lib/libmingw32.a(lib32_libmingw32_a-tlsmcrt.o)
 .text          0x00402090      0x250 c:/Program Files (x86)/mingw-w64/i686-4.9.2-posix-dwarf-rt_v3-rev0/mingw32/bin/../lib/gcc/i686-w64-mingw32/4.9.2/../../../../i686-w64-mingw32/lib/../lib/libmingw32.a(lib32_libmingw32_a-tlsthrd.o)
                0x00402110                ___w64_mingwthr_add_key_dtor
                0x004021a0                ___w64_mingwthr_remove_key_dtor
                0x00402240                __mingw_TLScallback
 .text          0x004022e0        0x0 c:/Program Files (x86)/mingw-w64/i686-4.9.2-posix-dwarf-rt_v3-rev0/mingw32/bin/../lib/gcc/i686-w64-mingw32/4.9.2/../../../../i686-w64-mingw32/lib/../lib/libmingw32.a(lib32_libmingw32_a-pseudo-reloc-list.o)
 .text          0x004022e0      0x340 c:/Program Files (x86)/mingw-w64/i686-4.9.2-posix-dwarf-rt_v3-rev0/mingw32/bin/../lib/gcc/i686-w64-mingw32/4.9.2/../../../../i686-w64-mingw32/lib/../lib/libmingw32.a(lib32_libmingw32_a-pesect.o)
                0x00402300                _ValidateImageBase
                0x00402320                _FindPESection
                0x00402360                _FindPESectionByName
                0x00402400                __mingw_GetSectionForAddress
                0x00402450                __mingw_GetSectionCount
                0x00402480                _FindPESectionExec
                0x004024f0                _GetPEImageBase
                0x00402520                _IsNonwritableInCurrentImage
                0x00402580                __mingw_enum_import_library_names
 .text          0x00402620        0x8 c:/Program Files (x86)/mingw-w64/i686-4.9.2-posix-dwarf-rt_v3-rev0/mingw32/bin/../lib/gcc/i686-w64-mingw32/4.9.2/../../../../i686-w64-mingw32/lib/../lib/libgcc_s.a(d000037.o)
                0x00402620                __deregister_frame_info
 .text          0x00402628        0x8 c:/Program Files (x86)/mingw-w64/i686-4.9.2-posix-dwarf-rt_v3-rev0/mingw32/bin/../lib/gcc/i686-w64-mingw32/4.9.2/../../../../i686-w64-mingw32/lib/../lib/libgcc_s.a(d000106.o)
                0x00402628                __register_frame_info
 .text          0x00402630       0x2c c:/Program Files (x86)/mingw-w64/i686-4.9.2-posix-dwarf-rt_v3-rev0/mingw32/bin/../lib/gcc/i686-w64-mingw32/4.9.2/libgcc.a(_chkstk_ms.o)
                0x00402630                __chkstk_ms
 .text          0x0040265c        0x0 c:/Program Files (x86)/mingw-w64/i686-4.9.2-posix-dwarf-rt_v3-rev0/mingw32/bin/../lib/gcc/i686-w64-mingw32/4.9.2/libgcc.a(_ctors.o)
 .text          0x0040265c        0x0 c:/Program Files (x86)/mingw-w64/i686-4.9.2-posix-dwarf-rt_v3-rev0/mingw32/bin/../lib/gcc/i686-w64-mingw32/4.9.2/../../../../i686-w64-mingw32/lib/../lib/libmingwex.a(lib32_libmingwex_a-mingw_matherr.o)
 .text          0x0040265c        0x0 c:/Program Files (x86)/mingw-w64/i686-4.9.2-posix-dwarf-rt_v3-rev0/mingw32/bin/../lib/gcc/i686-w64-mingw32/4.9.2/../../../../i686-w64-mingw32/lib/../lib/libmsvcrt.a(dwfrbs00274.o)
 .text          0x0040265c        0x0 c:/Program Files (x86)/mingw-w64/i686-4.9.2-posix-dwarf-rt_v3-rev0/mingw32/bin/../lib/gcc/i686-w64-mingw32/4.9.2/../../../../i686-w64-mingw32/lib/../lib/libmsvcrt.a(dwfrbs00123.o)
 .text          0x0040265c        0x0 c:/Program Files (x86)/mingw-w64/i686-4.9.2-posix-dwarf-rt_v3-rev0/mingw32/bin/../lib/gcc/i686-w64-mingw32/4.9.2/../../../../i686-w64-mingw32/lib/../lib/libmsvcrt.a(dwfrbs00060.o)
 .text          0x0040265c        0x8 c:/Program Files (x86)/mingw-w64/i686-4.9.2-posix-dwarf-rt_v3-rev0/mingw32/bin/../lib/gcc/i686-w64-mingw32/4.9.2/../../../../i686-w64-mingw32/lib/../lib/libmsvcrt.a(dwfrbs00105.o)
                0x0040265c                __set_app_type
 .text          0x00402664        0x8 c:/Program Files (x86)/mingw-w64/i686-4.9.2-posix-dwarf-rt_v3-rev0/mingw32/bin/../lib/gcc/i686-w64-mingw32/4.9.2/../../../../i686-w64-mingw32/lib/../lib/libmsvcrt.a(dwfrbs00059.o)
                0x00402664                __getmainargs
 *fill*         0x0040266c        0x4 
 .text          0x00402670       0x20 c:/Program Files (x86)/mingw-w64/i686-4.9.2-posix-dwarf-rt_v3-rev0/mingw32/bin/../lib/gcc/i686-w64-mingw32/4.9.2/../../../../i686-w64-mingw32/lib/../lib/libmsvcrt.a(lib32_libmsvcrt_a-invalid_parameter_handler.o)
                0x00402670                _get_invalid_parameter_handler
                0x00402680                _set_invalid_parameter_handler
 .text          0x00402690        0x8 c:/Program Files (x86)/mingw-w64/i686-4.9.2-posix-dwarf-rt_v3-rev0/mingw32/bin/../lib/gcc/i686-w64-mingw32/4.9.2/../../../../i686-w64-mingw32/lib/../lib/libmsvcrt.a(dwfrbs01159.o)
                0x00402690                malloc
 .text          0x00402698        0x8 c:/Program Files (x86)/mingw-w64/i686-4.9.2-posix-dwarf-rt_v3-rev0/mingw32/bin/../lib/gcc/i686-w64-mingw32/4.9.2/../../../../i686-w64-mingw32/lib/../lib/libmsvcrt.a(dwfrbs01213.o)
                0x00402698                strlen
 .text          0x004026a0        0x8 c:/Program Files (x86)/mingw-w64/i686-4.9.2-posix-dwarf-rt_v3-rev0/mingw32/bin/../lib/gcc/i686-w64-mingw32/4.9.2/../../../../i686-w64-mingw32/lib/../lib/libmsvcrt.a(dwfrbs01168.o)
                0x004026a0                memcpy
 .text          0x004026a8        0x8 c:/Program Files (x86)/mingw-w64/i686-4.9.2-posix-dwarf-rt_v3-rev0/mingw32/bin/../lib/gcc/i686-w64-mingw32/4.9.2/../../../../i686-w64-mingw32/lib/../lib/libmsvcrt.a(dwfrbs00162.o)
                0x004026a8                _cexit
 .text          0x004026b0        0x8 c:/Program Files (x86)/mingw-w64/i686-4.9.2-posix-dwarf-rt_v3-rev0/mingw32/bin/../lib/gcc/i686-w64-mingw32/4.9.2/../../../../i686-w64-mingw32/lib/../lib/libmsvcrt.a(dwfrbs00145.o)
                0x004026b0                _amsg_exit
 .text          0x004026b8        0x8 c:/Program Files (x86)/mingw-w64/i686-4.9.2-posix-dwarf-rt_v3-rev0/mingw32/bin/../lib/gcc/i686-w64-mingw32/4.9.2/../../../../i686-w64-mingw32/lib/../lib/libmsvcrt.a(dwfrbs00349.o)
                0x004026b8                _initterm
 .text          0x004026c0        0x8 c:/Program Files (x86)/mingw-w64/i686-4.9.2-posix-dwarf-rt_v3-rev0/mingw32/bin/../lib/gcc/i686-w64-mingw32/4.9.2/../../../../i686-w64-mingw32/lib/../lib/libmsvcrt.a(dwfrbs01078.o)
                0x004026c0                exit
 .text          0x004026c8        0x0 c:/Program Files (x86)/mingw-w64/i686-4.9.2-posix-dwarf-rt_v3-rev0/mingw32/bin/../lib/gcc/i686-w64-mingw32/4.9.2/../../../../i686-w64-mingw32/lib/../lib/libmsvcrt.a(dwfrbs00624.o)
 .text          0x004026c8        0x8 c:/Program Files (x86)/mingw-w64/i686-4.9.2-posix-dwarf-rt_v3-rev0/mingw32/bin/../lib/gcc/i686-w64-mingw32/4.9.2/../../../../i686-w64-mingw32/lib/../lib/libmsvcrt.a(dwfrbs00458.o)
                0x004026c8                _lock
 .text          0x004026d0        0x8 c:/Program Files (x86)/mingw-w64/i686-4.9.2-posix-dwarf-rt_v3-rev0/mingw32/bin/../lib/gcc/i686-w64-mingw32/4.9.2/../../../../i686-w64-mingw32/lib/../lib/libmsvcrt.a(dwfrbs00056.o)
                0x004026d0                __dllonexit
 .text          0x004026d8        0x8 c:/Program Files (x86)/mingw-w64/i686-4.9.2-posix-dwarf-rt_v3-rev0/mingw32/bin/../lib/gcc/i686-w64-mingw32/4.9.2/../../../../i686-w64-mingw32/lib/../lib/libmsvcrt.a(dwfrbs00839.o)
                0x004026d8                _unlock
 .text          0x004026e0        0x8 c:/Program Files (x86)/mingw-w64/i686-4.9.2-posix-dwarf-rt_v3-rev0/mingw32/bin/../lib/gcc/i686-w64-mingw32/4.9.2/../../../../i686-w64-mingw32/lib/../lib/libmsvcrt.a(dwfrbs01195.o)
                0x004026e0                signal
 .text          0x004026e8        0x0 c:/Program Files (x86)/mingw-w64/i686-4.9.2-posix-dwarf-rt_v3-rev0/mingw32/bin/../lib/gcc/i686-w64-mingw32/4.9.2/../../../../i686-w64-mingw32/lib/../lib/libmsvcrt.a(dwfrbs00353.o)
 .text          0x004026e8        0x8 c:/Program Files (x86)/mingw-w64/i686-4.9.2-posix-dwarf-rt_v3-rev0/mingw32/bin/../lib/gcc/i686-w64-mingw32/4.9.2/../../../../i686-w64-mingw32/lib/../lib/libmsvcrt.a(dwfrbs00108.o)
                0x004026e8                __setusermatherr
 .text          0x004026f0        0x8 c:/Program Files (x86)/mingw-w64/i686-4.9.2-posix-dwarf-rt_v3-rev0/mingw32/bin/../lib/gcc/i686-w64-mingw32/4.9.2/../../../../i686-w64-mingw32/lib/../lib/libmsvcrt.a(dwfrbs01094.o)
                0x004026f0                fprintf
 .text          0x004026f8        0x8 c:/Program Files (x86)/mingw-w64/i686-4.9.2-posix-dwarf-rt_v3-rev0/mingw32/bin/../lib/gcc/i686-w64-mingw32/4.9.2/../../../../i686-w64-mingw32/lib/../lib/libmsvcrt.a(dwfrbs01112.o)
                0x004026f8                fwrite
 .text          0x00402700        0x8 c:/Program Files (x86)/mingw-w64/i686-4.9.2-posix-dwarf-rt_v3-rev0/mingw32/bin/../lib/gcc/i686-w64-mingw32/4.9.2/../../../../i686-w64-mingw32/lib/../lib/libmsvcrt.a(dwfrbs01249.o)
                0x00402700                vfprintf
 .text          0x00402708        0x8 c:/Program Files (x86)/mingw-w64/i686-4.9.2-posix-dwarf-rt_v3-rev0/mingw32/bin/../lib/gcc/i686-w64-mingw32/4.9.2/../../../../i686-w64-mingw32/lib/../lib/libmsvcrt.a(dwfrbs01052.o)
                0x00402708                abort
 .text          0x00402710        0x8 c:/Program Files (x86)/mingw-w64/i686-4.9.2-posix-dwarf-rt_v3-rev0/mingw32/bin/../lib/gcc/i686-w64-mingw32/4.9.2/../../../../i686-w64-mingw32/lib/../lib/libmsvcrt.a(dwfrbs01067.o)
                0x00402710                calloc
 .text          0x00402718        0x8 c:/Program Files (x86)/mingw-w64/i686-4.9.2-posix-dwarf-rt_v3-rev0/mingw32/bin/../lib/gcc/i686-w64-mingw32/4.9.2/../../../../i686-w64-mingw32/lib/../lib/libmsvcrt.a(dwfrbs01101.o)
                0x00402718                free
 .text          0x00402720        0x8 c:/Program Files (x86)/mingw-w64/i686-4.9.2-posix-dwarf-rt_v3-rev0/mingw32/bin/../lib/gcc/i686-w64-mingw32/4.9.2/../../../../i686-w64-mingw32/lib/../lib/libmsvcrt.a(dwfrbs01216.o)
                0x00402720                strncmp
 .text          0x00402728        0x0 c:/Program Files (x86)/mingw-w64/i686-4.9.2-posix-dwarf-rt_v3-rev0/mingw32/bin/../lib/gcc/i686-w64-mingw32/4.9.2/../../../../i686-w64-mingw32/lib/../lib/libmsvcrt.a(dwfrbh.o)
 .text          0x00402728        0x0 c:/Program Files (x86)/mingw-w64/i686-4.9.2-posix-dwarf-rt_v3-rev0/mingw32/bin/../lib/gcc/i686-w64-mingw32/4.9.2/../../../../i686-w64-mingw32/lib/../lib/libmsvcrt.a(dwfrbt.o)
 .text          0x00402728        0x0 c:/Program Files (x86)/mingw-w64/i686-4.9.2-posix-dwarf-rt_v3-rev0/mingw32/bin/../lib/gcc/i686-w64-mingw32/4.9.2/../../../../i686-w64-mingw32/lib/../lib/libkernel32.a(dkffh.o)
 .text          0x00402728        0x0 c:/Program Files (x86)/mingw-w64/i686-4.9.2-posix-dwarf-rt_v3-rev0/mingw32/bin/../lib/gcc/i686-w64-mingw32/4.9.2/../../../../i686-w64-mingw32/lib/../lib/libkernel32.a(dkfft.o)
 .text          0x00402728        0x0 c:/Program Files (x86)/mingw-w64/i686-4.9.2-posix-dwarf-rt_v3-rev0/mingw32/bin/../lib/gcc/i686-w64-mingw32/4.9.2/crtend.o
 *(SORT(.text$*))
 .text$_Z1fi    0x00402728        0xc main.o
                0x00402728                f(int)
 .text$_Z2ggv   0x00402734       0x90 main.o
                0x00402734                gg()
                0x0040275f                _fu0___ZSt4cout
 .text$_Z3fooiRi
                0x004027c4       0x70 main.o
                0x004027c4                foo(int, int&)
 .text$_Z4fivev
                0x00402834        0xc main.o
                0x00402834                five()
 .text$_Z5applyPFiiE
                0x00402840       0x10 main.o
                0x00402840                apply(int (*)(int))
 .text$_Z5twicei
                0x00402850        0xc main.o
                0x00402850                twice(int)
 .text$_Z6apply1IiEvPT_S1_PFS0_S0_E
                0x0040285c       0x28 main.o
                0x0040285c                void apply1<int>(int*, int*, int (*)(int))
 .text$_Z6apply3PiS_PFiiE
                0x00402884       0x28 main.o
                0x00402884                apply3(int*, int*, int (*)(int))
 .text$_Z6apply4PiS_RKSt8functionIFiiEE
                0x004028ac       0x3c main.o
                0x004028ac                apply4(int*, int*, std::function<int (int)> const&)
 .text$_ZNSt14_Function_base13_Base_managerIZ3fooiRiEUliE_E10_M_managerERSt9_Any_dataRKS4_St18_Manager_operation
                0x004028e8       0x54 main.o
 .text$_ZNSt17_Function_handlerIFiiEZ3fooiRiEUliE_E9_M_invokeERKSt9_Any_datai
                0x0040293c       0x14 main.o
 .text$_ZZ2ggvENUliE0_4_FUNEi
                0x00402950        0xc main.o
 .text$_ZZ2ggvENUliE_4_FUNEi
                0x0040295c        0xc main.o
 .text$__tcf_0  0x00402968       0x10 main.o
 *(.text.*)
 .text.unlikely
                0x00402978        0x0 c:/Program Files (x86)/mingw-w64/i686-4.9.2-posix-dwarf-rt_v3-rev0/mingw32/bin/../lib/gcc/i686-w64-mingw32/4.9.2/crtbegin.o
 .text.unlikely._Z4fivev
                0x00402978        0x0 main.o
 .text.unlikely._ZZ2ggvENUliE_4_FUNEi
                0x00402978        0x0 main.o
 .text.unlikely._ZZ2ggvENUliE0_4_FUNEi
                0x00402978        0x0 main.o
 .text.unlikely._ZNSt17_Function_handlerIFiiEZ3fooiRiEUliE_E9_M_invokeERKSt9_Any_datai
                0x00402978        0x0 main.o
 .text.unlikely.__tcf_0
                0x00402978        0x0 main.o
 .text.unlikely._ZNSt14_Function_base13_Base_managerIZ3fooiRiEUliE_E10_M_managerERSt9_Any_dataRKS4_St18_Manager_operation
                0x00402978        0x0 main.o
 .text.unlikely._Z5twicei
                0x00402978        0x0 main.o
 .text.unlikely._Z6apply3PiS_PFiiE
                0x00402978        0x0 main.o
 .text.unlikely._Z6apply4PiS_RKSt8functionIFiiEE
                0x00402978        0x0 main.o
 .text.unlikely._Z3fooiRi
                0x00402978        0x0 main.o
 .text.unlikely._Z5applyPFiiE
                0x00402978        0x0 main.o
 .text.unlikely._Z1fi
                0x00402978        0x0 main.o
 .text.unlikely._Z2ggv
                0x00402978        0x0 main.o
 .text.unlikely.main
                0x00402978        0x0 main.o
 .text.startup.main
                0x00402978       0x24 main.o
                0x00402978                main
 .text.unlikely._GLOBAL__sub_I__Z5twicei
                0x0040299c        0x0 main.o
 .text.startup._GLOBAL__sub_I__Z5twicei
                0x0040299c       0x20 main.o
 .text.unlikely
                0x004029bc        0x0 c:/Program Files (x86)/mingw-w64/i686-4.9.2-posix-dwarf-rt_v3-rev0/mingw32/bin/../lib/gcc/i686-w64-mingw32/4.9.2/crtend.o
 *fill*         0x004029bc        0x4 
 .text.startup  0x004029c0       0x20 c:/Program Files (x86)/mingw-w64/i686-4.9.2-posix-dwarf-rt_v3-rev0/mingw32/bin/../lib/gcc/i686-w64-mingw32/4.9.2/crtend.o
 *(.gnu.linkonce.t.*)
 *(.glue_7t)
 *(.glue_7)
                0x004029e0                ___CTOR_LIST__ = .
                0x004029e0                __CTOR_LIST__ = .
                0x004029e0        0x4 LONG 0xffffffff
 *(.ctors)
 .ctors         0x004029e4        0x4 main.o
 *(.ctor)
 *(SORT(.ctors.*))
 .ctors.65535   0x004029e8        0x4 c:/Program Files (x86)/mingw-w64/i686-4.9.2-posix-dwarf-rt_v3-rev0/mingw32/bin/../lib/gcc/i686-w64-mingw32/4.9.2/crtend.o
                0x004029ec        0x4 LONG 0x0
                0x004029f0                ___DTOR_LIST__ = .
                0x004029f0                __DTOR_LIST__ = .
                0x004029f0        0x4 LONG 0xffffffff
 *(.dtors)
 *(.dtor)
 *(SORT(.dtors.*))
                0x004029f4        0x4 LONG 0x0
 *(.fini)
 *(.gcc_exc)
                0x004029f8                PROVIDE (etext, .)
                0x004029f8                PROVIDE (_etext, .)
 *(.gcc_except_table)

.data           0x00403000      0x200
                0x00403000                __data_start__ = .
 *(.data)
 .data          0x00403000        0x4 c:/Program Files (x86)/mingw-w64/i686-4.9.2-posix-dwarf-rt_v3-rev0/mingw32/bin/../lib/gcc/i686-w64-mingw32/4.9.2/../../../../i686-w64-mingw32/lib/../lib/crt2.o
                0x00403000                __mingw_winmain_nShowCmd
 .data          0x00403004        0x0 c:/Program Files (x86)/mingw-w64/i686-4.9.2-posix-dwarf-rt_v3-rev0/mingw32/bin/../lib/gcc/i686-w64-mingw32/4.9.2/crtbegin.o
 .data          0x00403004        0x0 main.o
 .data          0x00403004        0x0 bmptk_win.o
 .data          0x00403004        0x0 c:/Program Files (x86)/mingw-w64/i686-4.9.2-posix-dwarf-rt_v3-rev0/mingw32/bin/../lib/gcc/i686-w64-mingw32/4.9.2/../../../../i686-w64-mingw32/lib/../lib/libmingw32.a(lib32_libmingw32_a-tlssup.o)
 .data          0x00403004        0x4 c:/Program Files (x86)/mingw-w64/i686-4.9.2-posix-dwarf-rt_v3-rev0/mingw32/bin/../lib/gcc/i686-w64-mingw32/4.9.2/../../../../i686-w64-mingw32/lib/../lib/libmingw32.a(lib32_libmingw32_a-charmax.o)
                0x00403004                _charmax
 .data          0x00403008        0x0 c:/Program Files (x86)/mingw-w64/i686-4.9.2-posix-dwarf-rt_v3-rev0/mingw32/bin/../lib/gcc/i686-w64-mingw32/4.9.2/../../../../i686-w64-mingw32/lib/../lib/libmingw32.a(lib32_libmingw32_a-mingw_helpers.o)
 .data          0x00403008        0x0 c:/Program Files (x86)/mingw-w64/i686-4.9.2-posix-dwarf-rt_v3-rev0/mingw32/bin/../lib/gcc/i686-w64-mingw32/4.9.2/../../../../i686-w64-mingw32/lib/../lib/libmingw32.a(lib32_libmingw32_a-xtxtmode.o)
 .data          0x00403008        0x0 c:/Program Files (x86)/mingw-w64/i686-4.9.2-posix-dwarf-rt_v3-rev0/mingw32/bin/../lib/gcc/i686-w64-mingw32/4.9.2/../../../../i686-w64-mingw32/lib/../lib/libmingw32.a(lib32_libmingw32_a-atonexit.o)
 .data          0x00403008        0x0 c:/Program Files (x86)/mingw-w64/i686-4.9.2-posix-dwarf-rt_v3-rev0/mingw32/bin/../lib/gcc/i686-w64-mingw32/4.9.2/../../../../i686-w64-mingw32/lib/../lib/libmingw32.a(lib32_libmingw32_a-_newmode.o)
 .data          0x00403008        0x4 c:/Program Files (x86)/mingw-w64/i686-4.9.2-posix-dwarf-rt_v3-rev0/mingw32/bin/../lib/gcc/i686-w64-mingw32/4.9.2/../../../../i686-w64-mingw32/lib/../lib/libmingw32.a(lib32_libmingw32_a-wildcard.o)
                0x00403008                _dowildcard
 .data          0x0040300c        0x8 c:/Program Files (x86)/mingw-w64/i686-4.9.2-posix-dwarf-rt_v3-rev0/mingw32/bin/../lib/gcc/i686-w64-mingw32/4.9.2/../../../../i686-w64-mingw32/lib/../lib/libmingw32.a(lib32_libmingw32_a-natstart.o)
                0x0040300c                __native_vcclrit_reason
                0x00403010                __native_dllmain_reason
 .data          0x00403014        0x0 c:/Program Files (x86)/mingw-w64/i686-4.9.2-posix-dwarf-rt_v3-rev0/mingw32/bin/../lib/gcc/i686-w64-mingw32/4.9.2/../../../../i686-w64-mingw32/lib/../lib/libmingw32.a(lib32_libmingw32_a-crt_handler.o)
 .data          0x00403014        0x0 c:/Program Files (x86)/mingw-w64/i686-4.9.2-posix-dwarf-rt_v3-rev0/mingw32/bin/../lib/gcc/i686-w64-mingw32/4.9.2/../../../../i686-w64-mingw32/lib/../lib/libmingw32.a(lib32_libmingw32_a-cinitexe.o)
 .data          0x00403014        0x0 c:/Program Files (x86)/mingw-w64/i686-4.9.2-posix-dwarf-rt_v3-rev0/mingw32/bin/../lib/gcc/i686-w64-mingw32/4.9.2/../../../../i686-w64-mingw32/lib/../lib/libmingw32.a(lib32_libmingw32_a-dllargv.o)
 .data          0x00403014        0x0 c:/Program Files (x86)/mingw-w64/i686-4.9.2-posix-dwarf-rt_v3-rev0/mingw32/bin/../lib/gcc/i686-w64-mingw32/4.9.2/../../../../i686-w64-mingw32/lib/../lib/libmingw32.a(lib32_libmingw32_a-merr.o)
 .data          0x00403014        0x0 c:/Program Files (x86)/mingw-w64/i686-4.9.2-posix-dwarf-rt_v3-rev0/mingw32/bin/../lib/gcc/i686-w64-mingw32/4.9.2/../../../../i686-w64-mingw32/lib/../lib/libmingw32.a(lib32_libmingw32_a-pseudo-reloc.o)
 .data          0x00403014        0x0 c:/Program Files (x86)/mingw-w64/i686-4.9.2-posix-dwarf-rt_v3-rev0/mingw32/bin/../lib/gcc/i686-w64-mingw32/4.9.2/../../../../i686-w64-mingw32/lib/../lib/libmingw32.a(lib32_libmingw32_a-CRT_fp10.o)
 .data          0x00403014        0x4 c:/Program Files (x86)/mingw-w64/i686-4.9.2-posix-dwarf-rt_v3-rev0/mingw32/bin/../lib/gcc/i686-w64-mingw32/4.9.2/../../../../i686-w64-mingw32/lib/../lib/libmingw32.a(lib32_libmingw32_a-gccmain.o)
 .data          0x00403018        0x0 c:/Program Files (x86)/mingw-w64/i686-4.9.2-posix-dwarf-rt_v3-rev0/mingw32/bin/../lib/gcc/i686-w64-mingw32/4.9.2/../../../../i686-w64-mingw32/lib/../lib/libmingw32.a(lib32_libmingw32_a-gs_support.o)
 .data          0x00403018        0x4 c:/Program Files (x86)/mingw-w64/i686-4.9.2-posix-dwarf-rt_v3-rev0/mingw32/bin/../lib/gcc/i686-w64-mingw32/4.9.2/../../../../i686-w64-mingw32/lib/../lib/libmingw32.a(lib32_libmingw32_a-tlsmcrt.o)
                0x00403018                _CRT_MT
 .data          0x0040301c        0x0 c:/Program Files (x86)/mingw-w64/i686-4.9.2-posix-dwarf-rt_v3-rev0/mingw32/bin/../lib/gcc/i686-w64-mingw32/4.9.2/../../../../i686-w64-mingw32/lib/../lib/libmingw32.a(lib32_libmingw32_a-tlsthrd.o)
 .data          0x0040301c        0x0 c:/Program Files (x86)/mingw-w64/i686-4.9.2-posix-dwarf-rt_v3-rev0/mingw32/bin/../lib/gcc/i686-w64-mingw32/4.9.2/../../../../i686-w64-mingw32/lib/../lib/libmingw32.a(lib32_libmingw32_a-pseudo-reloc-list.o)
 .data          0x0040301c        0x0 c:/Program Files (x86)/mingw-w64/i686-4.9.2-posix-dwarf-rt_v3-rev0/mingw32/bin/../lib/gcc/i686-w64-mingw32/4.9.2/../../../../i686-w64-mingw32/lib/../lib/libmingw32.a(lib32_libmingw32_a-pesect.o)
 .data          0x0040301c        0x0 c:/Program Files (x86)/mingw-w64/i686-4.9.2-posix-dwarf-rt_v3-rev0/mingw32/bin/../lib/gcc/i686-w64-mingw32/4.9.2/libgcc.a(_chkstk_ms.o)
 .data          0x0040301c        0x0 c:/Program Files (x86)/mingw-w64/i686-4.9.2-posix-dwarf-rt_v3-rev0/mingw32/bin/../lib/gcc/i686-w64-mingw32/4.9.2/libgcc.a(_ctors.o)
 .data          0x0040301c        0x4 c:/Program Files (x86)/mingw-w64/i686-4.9.2-posix-dwarf-rt_v3-rev0/mingw32/bin/../lib/gcc/i686-w64-mingw32/4.9.2/../../../../i686-w64-mingw32/lib/../lib/libmingwex.a(lib32_libmingwex_a-mingw_matherr.o)
                0x0040301c                _MINGW_INSTALL_DEBUG_MATHERR
 .data          0x00403020        0x0 c:/Program Files (x86)/mingw-w64/i686-4.9.2-posix-dwarf-rt_v3-rev0/mingw32/bin/../lib/gcc/i686-w64-mingw32/4.9.2/../../../../i686-w64-mingw32/lib/../lib/libmsvcrt.a(dwfrbs00274.o)
 .data          0x00403020        0x0 c:/Program Files (x86)/mingw-w64/i686-4.9.2-posix-dwarf-rt_v3-rev0/mingw32/bin/../lib/gcc/i686-w64-mingw32/4.9.2/../../../../i686-w64-mingw32/lib/../lib/libmsvcrt.a(dwfrbs00123.o)
 .data          0x00403020        0x0 c:/Program Files (x86)/mingw-w64/i686-4.9.2-posix-dwarf-rt_v3-rev0/mingw32/bin/../lib/gcc/i686-w64-mingw32/4.9.2/../../../../i686-w64-mingw32/lib/../lib/libmsvcrt.a(dwfrbs00060.o)
 .data          0x00403020        0x0 c:/Program Files (x86)/mingw-w64/i686-4.9.2-posix-dwarf-rt_v3-rev0/mingw32/bin/../lib/gcc/i686-w64-mingw32/4.9.2/../../../../i686-w64-mingw32/lib/../lib/libmsvcrt.a(dwfrbs00105.o)
 .data          0x00403020        0x0 c:/Program Files (x86)/mingw-w64/i686-4.9.2-posix-dwarf-rt_v3-rev0/mingw32/bin/../lib/gcc/i686-w64-mingw32/4.9.2/../../../../i686-w64-mingw32/lib/../lib/libmsvcrt.a(dwfrbs00059.o)
 .data          0x00403020        0x8 c:/Program Files (x86)/mingw-w64/i686-4.9.2-posix-dwarf-rt_v3-rev0/mingw32/bin/../lib/gcc/i686-w64-mingw32/4.9.2/../../../../i686-w64-mingw32/lib/../lib/libmsvcrt.a(lib32_libmsvcrt_a-invalid_parameter_handler.o)
                0x00403020                _imp___get_invalid_parameter_handler
                0x00403024                _imp___set_invalid_parameter_handler
 .data          0x00403028        0x0 c:/Program Files (x86)/mingw-w64/i686-4.9.2-posix-dwarf-rt_v3-rev0/mingw32/bin/../lib/gcc/i686-w64-mingw32/4.9.2/../../../../i686-w64-mingw32/lib/../lib/libmsvcrt.a(dwfrbs01159.o)
 .data          0x00403028        0x0 c:/Program Files (x86)/mingw-w64/i686-4.9.2-posix-dwarf-rt_v3-rev0/mingw32/bin/../lib/gcc/i686-w64-mingw32/4.9.2/../../../../i686-w64-mingw32/lib/../lib/libmsvcrt.a(dwfrbs01213.o)
 .data          0x00403028        0x0 c:/Program Files (x86)/mingw-w64/i686-4.9.2-posix-dwarf-rt_v3-rev0/mingw32/bin/../lib/gcc/i686-w64-mingw32/4.9.2/../../../../i686-w64-mingw32/lib/../lib/libmsvcrt.a(dwfrbs01168.o)
 .data          0x00403028        0x0 c:/Program Files (x86)/mingw-w64/i686-4.9.2-posix-dwarf-rt_v3-rev0/mingw32/bin/../lib/gcc/i686-w64-mingw32/4.9.2/../../../../i686-w64-mingw32/lib/../lib/libmsvcrt.a(dwfrbs00162.o)
 .data          0x00403028        0x0 c:/Program Files (x86)/mingw-w64/i686-4.9.2-posix-dwarf-rt_v3-rev0/mingw32/bin/../lib/gcc/i686-w64-mingw32/4.9.2/../../../../i686-w64-mingw32/lib/../lib/libmsvcrt.a(dwfrbs00145.o)
 .data          0x00403028        0x0 c:/Program Files (x86)/mingw-w64/i686-4.9.2-posix-dwarf-rt_v3-rev0/mingw32/bin/../lib/gcc/i686-w64-mingw32/4.9.2/../../../../i686-w64-mingw32/lib/../lib/libmsvcrt.a(dwfrbs00349.o)
 .data          0x00403028        0x0 c:/Program Files (x86)/mingw-w64/i686-4.9.2-posix-dwarf-rt_v3-rev0/mingw32/bin/../lib/gcc/i686-w64-mingw32/4.9.2/../../../../i686-w64-mingw32/lib/../lib/libmsvcrt.a(dwfrbs01078.o)
 .data          0x00403028        0x0 c:/Program Files (x86)/mingw-w64/i686-4.9.2-posix-dwarf-rt_v3-rev0/mingw32/bin/../lib/gcc/i686-w64-mingw32/4.9.2/../../../../i686-w64-mingw32/lib/../lib/libmsvcrt.a(dwfrbs00069.o)
 .data          0x00403028        0x0 c:/Program Files (x86)/mingw-w64/i686-4.9.2-posix-dwarf-rt_v3-rev0/mingw32/bin/../lib/gcc/i686-w64-mingw32/4.9.2/../../../../i686-w64-mingw32/lib/../lib/libmsvcrt.a(dwfrbs00624.o)
 .data          0x00403028        0x0 c:/Program Files (x86)/mingw-w64/i686-4.9.2-posix-dwarf-rt_v3-rev0/mingw32/bin/../lib/gcc/i686-w64-mingw32/4.9.2/../../../../i686-w64-mingw32/lib/../lib/libmsvcrt.a(dwfrbs00458.o)
 .data          0x00403028        0x0 c:/Program Files (x86)/mingw-w64/i686-4.9.2-posix-dwarf-rt_v3-rev0/mingw32/bin/../lib/gcc/i686-w64-mingw32/4.9.2/../../../../i686-w64-mingw32/lib/../lib/libmsvcrt.a(dwfrbs00056.o)
 .data          0x00403028        0x0 c:/Program Files (x86)/mingw-w64/i686-4.9.2-posix-dwarf-rt_v3-rev0/mingw32/bin/../lib/gcc/i686-w64-mingw32/4.9.2/../../../../i686-w64-mingw32/lib/../lib/libmsvcrt.a(dwfrbs00839.o)
 .data          0x00403028        0x0 c:/Program Files (x86)/mingw-w64/i686-4.9.2-posix-dwarf-rt_v3-rev0/mingw32/bin/../lib/gcc/i686-w64-mingw32/4.9.2/../../../../i686-w64-mingw32/lib/../lib/libmsvcrt.a(dwfrbs01195.o)
 .data          0x00403028        0x0 c:/Program Files (x86)/mingw-w64/i686-4.9.2-posix-dwarf-rt_v3-rev0/mingw32/bin/../lib/gcc/i686-w64-mingw32/4.9.2/../../../../i686-w64-mingw32/lib/../lib/libmsvcrt.a(dwfrbs00353.o)
 .data          0x00403028        0x0 c:/Program Files (x86)/mingw-w64/i686-4.9.2-posix-dwarf-rt_v3-rev0/mingw32/bin/../lib/gcc/i686-w64-mingw32/4.9.2/../../../../i686-w64-mingw32/lib/../lib/libmsvcrt.a(dwfrbs00108.o)
 .data          0x00403028        0x0 c:/Program Files (x86)/mingw-w64/i686-4.9.2-posix-dwarf-rt_v3-rev0/mingw32/bin/../lib/gcc/i686-w64-mingw32/4.9.2/../../../../i686-w64-mingw32/lib/../lib/libmsvcrt.a(dwfrbs01094.o)
 .data          0x00403028        0x0 c:/Program Files (x86)/mingw-w64/i686-4.9.2-posix-dwarf-rt_v3-rev0/mingw32/bin/../lib/gcc/i686-w64-mingw32/4.9.2/../../../../i686-w64-mingw32/lib/../lib/libmsvcrt.a(dwfrbs01112.o)
 .data          0x00403028        0x0 c:/Program Files (x86)/mingw-w64/i686-4.9.2-posix-dwarf-rt_v3-rev0/mingw32/bin/../lib/gcc/i686-w64-mingw32/4.9.2/../../../../i686-w64-mingw32/lib/../lib/libmsvcrt.a(dwfrbs01249.o)
 .data          0x00403028        0x0 c:/Program Files (x86)/mingw-w64/i686-4.9.2-posix-dwarf-rt_v3-rev0/mingw32/bin/../lib/gcc/i686-w64-mingw32/4.9.2/../../../../i686-w64-mingw32/lib/../lib/libmsvcrt.a(dwfrbs01052.o)
 .data          0x00403028        0x0 c:/Program Files (x86)/mingw-w64/i686-4.9.2-posix-dwarf-rt_v3-rev0/mingw32/bin/../lib/gcc/i686-w64-mingw32/4.9.2/../../../../i686-w64-mingw32/lib/../lib/libmsvcrt.a(dwfrbs01067.o)
 .data          0x00403028        0x0 c:/Program Files (x86)/mingw-w64/i686-4.9.2-posix-dwarf-rt_v3-rev0/mingw32/bin/../lib/gcc/i686-w64-mingw32/4.9.2/../../../../i686-w64-mingw32/lib/../lib/libmsvcrt.a(dwfrbs01101.o)
 .data          0x00403028        0x0 c:/Program Files (x86)/mingw-w64/i686-4.9.2-posix-dwarf-rt_v3-rev0/mingw32/bin/../lib/gcc/i686-w64-mingw32/4.9.2/../../../../i686-w64-mingw32/lib/../lib/libmsvcrt.a(dwfrbs01216.o)
 .data          0x00403028        0x0 c:/Program Files (x86)/mingw-w64/i686-4.9.2-posix-dwarf-rt_v3-rev0/mingw32/bin/../lib/gcc/i686-w64-mingw32/4.9.2/../../../../i686-w64-mingw32/lib/../lib/libmsvcrt.a(dwfrbh.o)
 .data          0x00403028        0x0 c:/Program Files (x86)/mingw-w64/i686-4.9.2-posix-dwarf-rt_v3-rev0/mingw32/bin/../lib/gcc/i686-w64-mingw32/4.9.2/../../../../i686-w64-mingw32/lib/../lib/libmsvcrt.a(dwfrbt.o)
 .data          0x00403028        0x0 c:/Program Files (x86)/mingw-w64/i686-4.9.2-posix-dwarf-rt_v3-rev0/mingw32/bin/../lib/gcc/i686-w64-mingw32/4.9.2/../../../../i686-w64-mingw32/lib/../lib/libkernel32.a(dkffs01140.o)
 .data          0x00403028        0x0 c:/Program Files (x86)/mingw-w64/i686-4.9.2-posix-dwarf-rt_v3-rev0/mingw32/bin/../lib/gcc/i686-w64-mingw32/4.9.2/../../../../i686-w64-mingw32/lib/../lib/libkernel32.a(dkffs01127.o)
 .data          0x00403028        0x0 c:/Program Files (x86)/mingw-w64/i686-4.9.2-posix-dwarf-rt_v3-rev0/mingw32/bin/../lib/gcc/i686-w64-mingw32/4.9.2/../../../../i686-w64-mingw32/lib/../lib/libkernel32.a(dkffs00612.o)
 .data          0x00403028        0x0 c:/Program Files (x86)/mingw-w64/i686-4.9.2-posix-dwarf-rt_v3-rev0/mingw32/bin/../lib/gcc/i686-w64-mingw32/4.9.2/../../../../i686-w64-mingw32/lib/../lib/libkernel32.a(dkffs00533.o)
 .data          0x00403028        0x0 c:/Program Files (x86)/mingw-w64/i686-4.9.2-posix-dwarf-rt_v3-rev0/mingw32/bin/../lib/gcc/i686-w64-mingw32/4.9.2/../../../../i686-w64-mingw32/lib/../lib/libkernel32.a(dkffs00809.o)
 .data          0x00403028        0x0 c:/Program Files (x86)/mingw-w64/i686-4.9.2-posix-dwarf-rt_v3-rev0/mingw32/bin/../lib/gcc/i686-w64-mingw32/4.9.2/../../../../i686-w64-mingw32/lib/../lib/libkernel32.a(dkffs00581.o)
 .data          0x00403028        0x0 c:/Program Files (x86)/mingw-w64/i686-4.9.2-posix-dwarf-rt_v3-rev0/mingw32/bin/../lib/gcc/i686-w64-mingw32/4.9.2/../../../../i686-w64-mingw32/lib/../lib/libkernel32.a(dkffs00356.o)
 .data          0x00403028        0x0 c:/Program Files (x86)/mingw-w64/i686-4.9.2-posix-dwarf-rt_v3-rev0/mingw32/bin/../lib/gcc/i686-w64-mingw32/4.9.2/../../../../i686-w64-mingw32/lib/../lib/libkernel32.a(dkffs01209.o)
 .data          0x00403028        0x0 c:/Program Files (x86)/mingw-w64/i686-4.9.2-posix-dwarf-rt_v3-rev0/mingw32/bin/../lib/gcc/i686-w64-mingw32/4.9.2/../../../../i686-w64-mingw32/lib/../lib/libkernel32.a(dkffs01206.o)
 .data          0x00403028        0x0 c:/Program Files (x86)/mingw-w64/i686-4.9.2-posix-dwarf-rt_v3-rev0/mingw32/bin/../lib/gcc/i686-w64-mingw32/4.9.2/../../../../i686-w64-mingw32/lib/../lib/libkernel32.a(dkffs00515.o)
 .data          0x00403028        0x0 c:/Program Files (x86)/mingw-w64/i686-4.9.2-posix-dwarf-rt_v3-rev0/mingw32/bin/../lib/gcc/i686-w64-mingw32/4.9.2/../../../../i686-w64-mingw32/lib/../lib/libkernel32.a(dkffs00635.o)
 .data          0x00403028        0x0 c:/Program Files (x86)/mingw-w64/i686-4.9.2-posix-dwarf-rt_v3-rev0/mingw32/bin/../lib/gcc/i686-w64-mingw32/4.9.2/../../../../i686-w64-mingw32/lib/../lib/libkernel32.a(dkffs00453.o)
 .data          0x00403028        0x0 c:/Program Files (x86)/mingw-w64/i686-4.9.2-posix-dwarf-rt_v3-rev0/mingw32/bin/../lib/gcc/i686-w64-mingw32/4.9.2/../../../../i686-w64-mingw32/lib/../lib/libkernel32.a(dkffs00457.o)
 .data          0x00403028        0x0 c:/Program Files (x86)/mingw-w64/i686-4.9.2-posix-dwarf-rt_v3-rev0/mingw32/bin/../lib/gcc/i686-w64-mingw32/4.9.2/../../../../i686-w64-mingw32/lib/../lib/libkernel32.a(dkffs00663.o)
 .data          0x00403028        0x0 c:/Program Files (x86)/mingw-w64/i686-4.9.2-posix-dwarf-rt_v3-rev0/mingw32/bin/../lib/gcc/i686-w64-mingw32/4.9.2/../../../../i686-w64-mingw32/lib/../lib/libkernel32.a(dkffs00915.o)
 .data          0x00403028        0x0 c:/Program Files (x86)/mingw-w64/i686-4.9.2-posix-dwarf-rt_v3-rev0/mingw32/bin/../lib/gcc/i686-w64-mingw32/4.9.2/../../../../i686-w64-mingw32/lib/../lib/libkernel32.a(dkffs01174.o)
 .data          0x00403028        0x0 c:/Program Files (x86)/mingw-w64/i686-4.9.2-posix-dwarf-rt_v3-rev0/mingw32/bin/../lib/gcc/i686-w64-mingw32/4.9.2/../../../../i686-w64-mingw32/lib/../lib/libkernel32.a(dkffs00452.o)
 .data          0x00403028        0x0 c:/Program Files (x86)/mingw-w64/i686-4.9.2-posix-dwarf-rt_v3-rev0/mingw32/bin/../lib/gcc/i686-w64-mingw32/4.9.2/../../../../i686-w64-mingw32/lib/../lib/libkernel32.a(dkffs01154.o)
 .data          0x00403028        0x0 c:/Program Files (x86)/mingw-w64/i686-4.9.2-posix-dwarf-rt_v3-rev0/mingw32/bin/../lib/gcc/i686-w64-mingw32/4.9.2/../../../../i686-w64-mingw32/lib/../lib/libkernel32.a(dkffs00239.o)
 .data          0x00403028        0x0 c:/Program Files (x86)/mingw-w64/i686-4.9.2-posix-dwarf-rt_v3-rev0/mingw32/bin/../lib/gcc/i686-w64-mingw32/4.9.2/../../../../i686-w64-mingw32/lib/../lib/libkernel32.a(dkffs01161.o)
 .data          0x00403028        0x0 c:/Program Files (x86)/mingw-w64/i686-4.9.2-posix-dwarf-rt_v3-rev0/mingw32/bin/../lib/gcc/i686-w64-mingw32/4.9.2/../../../../i686-w64-mingw32/lib/../lib/libkernel32.a(dkffs00806.o)
 .data          0x00403028        0x0 c:/Program Files (x86)/mingw-w64/i686-4.9.2-posix-dwarf-rt_v3-rev0/mingw32/bin/../lib/gcc/i686-w64-mingw32/4.9.2/../../../../i686-w64-mingw32/lib/../lib/libkernel32.a(dkffs00212.o)
 .data          0x00403028        0x0 c:/Program Files (x86)/mingw-w64/i686-4.9.2-posix-dwarf-rt_v3-rev0/mingw32/bin/../lib/gcc/i686-w64-mingw32/4.9.2/../../../../i686-w64-mingw32/lib/../lib/libkernel32.a(dkffs00747.o)
 .data          0x00403028        0x0 c:/Program Files (x86)/mingw-w64/i686-4.9.2-posix-dwarf-rt_v3-rev0/mingw32/bin/../lib/gcc/i686-w64-mingw32/4.9.2/../../../../i686-w64-mingw32/lib/../lib/libkernel32.a(dkffh.o)
 .data          0x00403028        0x0 c:/Program Files (x86)/mingw-w64/i686-4.9.2-posix-dwarf-rt_v3-rev0/mingw32/bin/../lib/gcc/i686-w64-mingw32/4.9.2/../../../../i686-w64-mingw32/lib/../lib/libkernel32.a(dkfft.o)
 .data          0x00403028        0x0 c:/Program Files (x86)/mingw-w64/i686-4.9.2-posix-dwarf-rt_v3-rev0/mingw32/bin/../lib/gcc/i686-w64-mingw32/4.9.2/crtend.o
 *(.data2)
 *(SORT(.data$*))
 .data$_ZStL8__ioinit
                0x00403028        0x4 main.o
 .data$__security_cookie
                0x0040302c        0x4 c:/Program Files (x86)/mingw-w64/i686-4.9.2-posix-dwarf-rt_v3-rev0/mingw32/bin/../lib/gcc/i686-w64-mingw32/4.9.2/../../../../i686-w64-mingw32/lib/../lib/libmingw32.a(lib32_libmingw32_a-gs_support.o)
                0x0040302c                __security_cookie
 .data$__security_cookie_complement
                0x00403030        0x4 c:/Program Files (x86)/mingw-w64/i686-4.9.2-posix-dwarf-rt_v3-rev0/mingw32/bin/../lib/gcc/i686-w64-mingw32/4.9.2/../../../../i686-w64-mingw32/lib/../lib/libmingw32.a(lib32_libmingw32_a-gs_support.o)
                0x00403030                __security_cookie_complement
 .data$a        0x00403034       0x14 main.o
                0x00403034                a
 *(.jcr)
 .jcr           0x00403048        0x0 c:/Program Files (x86)/mingw-w64/i686-4.9.2-posix-dwarf-rt_v3-rev0/mingw32/bin/../lib/gcc/i686-w64-mingw32/4.9.2/crtbegin.o
 .jcr           0x00403048        0x4 c:/Program Files (x86)/mingw-w64/i686-4.9.2-posix-dwarf-rt_v3-rev0/mingw32/bin/../lib/gcc/i686-w64-mingw32/4.9.2/crtend.o
                0x0040304c                __data_end__ = .
 *(.data_cygwin_nocopy)

.rdata          0x00404000      0xa00
 *(.rdata)
 .rdata         0x00404000       0x64 c:/Program Files (x86)/mingw-w64/i686-4.9.2-posix-dwarf-rt_v3-rev0/mingw32/bin/../lib/gcc/i686-w64-mingw32/4.9.2/crtbegin.o
 .rdata         0x00404064        0x4 main.o
 .rdata         0x00404068        0x4 c:/Program Files (x86)/mingw-w64/i686-4.9.2-posix-dwarf-rt_v3-rev0/mingw32/bin/../lib/gcc/i686-w64-mingw32/4.9.2/../../../../i686-w64-mingw32/lib/../lib/libmingw32.a(lib32_libmingw32_a-tlssup.o)
                0x00404068                __dyn_tls_init_callback
 .rdata         0x0040406c      0x134 c:/Program Files (x86)/mingw-w64/i686-4.9.2-posix-dwarf-rt_v3-rev0/mingw32/bin/../lib/gcc/i686-w64-mingw32/4.9.2/../../../../i686-w64-mingw32/lib/../lib/libmingw32.a(lib32_libmingw32_a-merr.o)
 .rdata         0x004041a0       0xf8 c:/Program Files (x86)/mingw-w64/i686-4.9.2-posix-dwarf-rt_v3-rev0/mingw32/bin/../lib/gcc/i686-w64-mingw32/4.9.2/../../../../i686-w64-mingw32/lib/../lib/libmingw32.a(lib32_libmingw32_a-pseudo-reloc.o)
 .rdata         0x00404298        0x8 c:/Program Files (x86)/mingw-w64/i686-4.9.2-posix-dwarf-rt_v3-rev0/mingw32/bin/../lib/gcc/i686-w64-mingw32/4.9.2/../../../../i686-w64-mingw32/lib/../lib/libmingw32.a(lib32_libmingw32_a-gs_support.o)
 .rdata         0x004042a0        0x4 ertr000001.o
 *(SORT(.rdata$*))
 .rdata$zzz     0x004042a4       0x40 c:/Program Files (x86)/mingw-w64/i686-4.9.2-posix-dwarf-rt_v3-rev0/mingw32/bin/../lib/gcc/i686-w64-mingw32/4.9.2/../../../../i686-w64-mingw32/lib/../lib/crt2.o
 .rdata$zzz     0x004042e4       0x40 c:/Program Files (x86)/mingw-w64/i686-4.9.2-posix-dwarf-rt_v3-rev0/mingw32/bin/../lib/gcc/i686-w64-mingw32/4.9.2/crtbegin.o
 .rdata$zzz     0x00404324       0x40 main.o
 .rdata$zzz     0x00404364       0x40 bmptk_win.o
 .rdata$zzz     0x004043a4       0x40 c:/Program Files (x86)/mingw-w64/i686-4.9.2-posix-dwarf-rt_v3-rev0/mingw32/bin/../lib/gcc/i686-w64-mingw32/4.9.2/../../../../i686-w64-mingw32/lib/../lib/libmingw32.a(lib32_libmingw32_a-tlssup.o)
 .rdata$zzz     0x004043e4       0x40 c:/Program Files (x86)/mingw-w64/i686-4.9.2-posix-dwarf-rt_v3-rev0/mingw32/bin/../lib/gcc/i686-w64-mingw32/4.9.2/../../../../i686-w64-mingw32/lib/../lib/libmingw32.a(lib32_libmingw32_a-charmax.o)
 .rdata$zzz     0x00404424       0x40 c:/Program Files (x86)/mingw-w64/i686-4.9.2-posix-dwarf-rt_v3-rev0/mingw32/bin/../lib/gcc/i686-w64-mingw32/4.9.2/../../../../i686-w64-mingw32/lib/../lib/libmingw32.a(lib32_libmingw32_a-mingw_helpers.o)
 .rdata$zzz     0x00404464       0x40 c:/Program Files (x86)/mingw-w64/i686-4.9.2-posix-dwarf-rt_v3-rev0/mingw32/bin/../lib/gcc/i686-w64-mingw32/4.9.2/../../../../i686-w64-mingw32/lib/../lib/libmingw32.a(lib32_libmingw32_a-xtxtmode.o)
 .rdata$zzz     0x004044a4       0x40 c:/Program Files (x86)/mingw-w64/i686-4.9.2-posix-dwarf-rt_v3-rev0/mingw32/bin/../lib/gcc/i686-w64-mingw32/4.9.2/../../../../i686-w64-mingw32/lib/../lib/libmingw32.a(lib32_libmingw32_a-atonexit.o)
 .rdata$zzz     0x004044e4       0x40 c:/Program Files (x86)/mingw-w64/i686-4.9.2-posix-dwarf-rt_v3-rev0/mingw32/bin/../lib/gcc/i686-w64-mingw32/4.9.2/../../../../i686-w64-mingw32/lib/../lib/libmingw32.a(lib32_libmingw32_a-_newmode.o)
 .rdata$zzz     0x00404524       0x40 c:/Program Files (x86)/mingw-w64/i686-4.9.2-posix-dwarf-rt_v3-rev0/mingw32/bin/../lib/gcc/i686-w64-mingw32/4.9.2/../../../../i686-w64-mingw32/lib/../lib/libmingw32.a(lib32_libmingw32_a-wildcard.o)
 .rdata$zzz     0x00404564       0x40 c:/Program Files (x86)/mingw-w64/i686-4.9.2-posix-dwarf-rt_v3-rev0/mingw32/bin/../lib/gcc/i686-w64-mingw32/4.9.2/../../../../i686-w64-mingw32/lib/../lib/libmingw32.a(lib32_libmingw32_a-natstart.o)
 .rdata$zzz     0x004045a4       0x40 c:/Program Files (x86)/mingw-w64/i686-4.9.2-posix-dwarf-rt_v3-rev0/mingw32/bin/../lib/gcc/i686-w64-mingw32/4.9.2/../../../../i686-w64-mingw32/lib/../lib/libmingw32.a(lib32_libmingw32_a-crt_handler.o)
 .rdata$zzz     0x004045e4       0x40 c:/Program Files (x86)/mingw-w64/i686-4.9.2-posix-dwarf-rt_v3-rev0/mingw32/bin/../lib/gcc/i686-w64-mingw32/4.9.2/../../../../i686-w64-mingw32/lib/../lib/libmingw32.a(lib32_libmingw32_a-cinitexe.o)
 .rdata$zzz     0x00404624       0x40 c:/Program Files (x86)/mingw-w64/i686-4.9.2-posix-dwarf-rt_v3-rev0/mingw32/bin/../lib/gcc/i686-w64-mingw32/4.9.2/../../../../i686-w64-mingw32/lib/../lib/libmingw32.a(lib32_libmingw32_a-dllargv.o)
 .rdata$zzz     0x00404664       0x40 c:/Program Files (x86)/mingw-w64/i686-4.9.2-posix-dwarf-rt_v3-rev0/mingw32/bin/../lib/gcc/i686-w64-mingw32/4.9.2/../../../../i686-w64-mingw32/lib/../lib/libmingw32.a(lib32_libmingw32_a-merr.o)
 .rdata$zzz     0x004046a4       0x40 c:/Program Files (x86)/mingw-w64/i686-4.9.2-posix-dwarf-rt_v3-rev0/mingw32/bin/../lib/gcc/i686-w64-mingw32/4.9.2/../../../../i686-w64-mingw32/lib/../lib/libmingw32.a(lib32_libmingw32_a-pseudo-reloc.o)
 .rdata$zzz     0x004046e4       0x40 c:/Program Files (x86)/mingw-w64/i686-4.9.2-posix-dwarf-rt_v3-rev0/mingw32/bin/../lib/gcc/i686-w64-mingw32/4.9.2/../../../../i686-w64-mingw32/lib/../lib/libmingw32.a(lib32_libmingw32_a-CRT_fp10.o)
 .rdata$zzz     0x00404724       0x40 c:/Program Files (x86)/mingw-w64/i686-4.9.2-posix-dwarf-rt_v3-rev0/mingw32/bin/../lib/gcc/i686-w64-mingw32/4.9.2/../../../../i686-w64-mingw32/lib/../lib/libmingw32.a(lib32_libmingw32_a-gccmain.o)
 .rdata$zzz     0x00404764       0x40 c:/Program Files (x86)/mingw-w64/i686-4.9.2-posix-dwarf-rt_v3-rev0/mingw32/bin/../lib/gcc/i686-w64-mingw32/4.9.2/../../../../i686-w64-mingw32/lib/../lib/libmingw32.a(lib32_libmingw32_a-gs_support.o)
 .rdata$zzz     0x004047a4       0x40 c:/Program Files (x86)/mingw-w64/i686-4.9.2-posix-dwarf-rt_v3-rev0/mingw32/bin/../lib/gcc/i686-w64-mingw32/4.9.2/../../../../i686-w64-mingw32/lib/../lib/libmingw32.a(lib32_libmingw32_a-tlsmcrt.o)
 .rdata$zzz     0x004047e4       0x40 c:/Program Files (x86)/mingw-w64/i686-4.9.2-posix-dwarf-rt_v3-rev0/mingw32/bin/../lib/gcc/i686-w64-mingw32/4.9.2/../../../../i686-w64-mingw32/lib/../lib/libmingw32.a(lib32_libmingw32_a-tlsthrd.o)
 .rdata$zzz     0x00404824       0x40 c:/Program Files (x86)/mingw-w64/i686-4.9.2-posix-dwarf-rt_v3-rev0/mingw32/bin/../lib/gcc/i686-w64-mingw32/4.9.2/../../../../i686-w64-mingw32/lib/../lib/libmingw32.a(lib32_libmingw32_a-pseudo-reloc-list.o)
 .rdata$zzz     0x00404864       0x40 c:/Program Files (x86)/mingw-w64/i686-4.9.2-posix-dwarf-rt_v3-rev0/mingw32/bin/../lib/gcc/i686-w64-mingw32/4.9.2/../../../../i686-w64-mingw32/lib/../lib/libmingw32.a(lib32_libmingw32_a-pesect.o)
 .rdata$zzz     0x004048a4       0x40 c:/Program Files (x86)/mingw-w64/i686-4.9.2-posix-dwarf-rt_v3-rev0/mingw32/bin/../lib/gcc/i686-w64-mingw32/4.9.2/libgcc.a(_ctors.o)
 .rdata$zzz     0x004048e4       0x40 c:/Program Files (x86)/mingw-w64/i686-4.9.2-posix-dwarf-rt_v3-rev0/mingw32/bin/../lib/gcc/i686-w64-mingw32/4.9.2/../../../../i686-w64-mingw32/lib/../lib/libmingwex.a(lib32_libmingwex_a-mingw_matherr.o)
 .rdata$zzz     0x00404924       0x40 c:/Program Files (x86)/mingw-w64/i686-4.9.2-posix-dwarf-rt_v3-rev0/mingw32/bin/../lib/gcc/i686-w64-mingw32/4.9.2/../../../../i686-w64-mingw32/lib/../lib/libmsvcrt.a(lib32_libmsvcrt_a-invalid_parameter_handler.o)
 .rdata$zzz     0x00404964       0x40 c:/Program Files (x86)/mingw-w64/i686-4.9.2-posix-dwarf-rt_v3-rev0/mingw32/bin/../lib/gcc/i686-w64-mingw32/4.9.2/crtend.o
                0x004049a4                __rt_psrelocs_start = .
 *(.rdata_runtime_pseudo_reloc)
 .rdata_runtime_pseudo_reloc
                0x004049a4       0x18 rtr000000.o
                0x004049bc                __rt_psrelocs_end = .
                0x00000018                __rt_psrelocs_size = (__rt_psrelocs_end - __rt_psrelocs_start)
                0x004049bc                ___RUNTIME_PSEUDO_RELOC_LIST_END__ = .
                0x004049bc                __RUNTIME_PSEUDO_RELOC_LIST_END__ = .
                0x004049a4                ___RUNTIME_PSEUDO_RELOC_LIST__ = (. - __rt_psrelocs_size)
                0x004049a4                __RUNTIME_PSEUDO_RELOC_LIST__ = (. - __rt_psrelocs_size)

.eh_frame       0x00405000      0xc00
 *(.eh_frame*)
 .eh_frame      0x00405000       0xc8 c:/Program Files (x86)/mingw-w64/i686-4.9.2-posix-dwarf-rt_v3-rev0/mingw32/bin/../lib/gcc/i686-w64-mingw32/4.9.2/../../../../i686-w64-mingw32/lib/../lib/crt2.o
 .eh_frame      0x004050c8       0x60 c:/Program Files (x86)/mingw-w64/i686-4.9.2-posix-dwarf-rt_v3-rev0/mingw32/bin/../lib/gcc/i686-w64-mingw32/4.9.2/crtbegin.o
 .eh_frame      0x00405128      0x214 main.o
 .eh_frame$_Z6apply1IiEvPT_S1_PFS0_S0_E
                0x0040533c       0x3c main.o
 .eh_frame      0x00405378       0x7c c:/Program Files (x86)/mingw-w64/i686-4.9.2-posix-dwarf-rt_v3-rev0/mingw32/bin/../lib/gcc/i686-w64-mingw32/4.9.2/../../../../i686-w64-mingw32/lib/../lib/libmingw32.a(lib32_libmingw32_a-tlssup.o)
 .eh_frame      0x004053f4       0x2c c:/Program Files (x86)/mingw-w64/i686-4.9.2-posix-dwarf-rt_v3-rev0/mingw32/bin/../lib/gcc/i686-w64-mingw32/4.9.2/../../../../i686-w64-mingw32/lib/../lib/libmingw32.a(lib32_libmingw32_a-charmax.o)
 .eh_frame      0x00405420       0x40 c:/Program Files (x86)/mingw-w64/i686-4.9.2-posix-dwarf-rt_v3-rev0/mingw32/bin/../lib/gcc/i686-w64-mingw32/4.9.2/../../../../i686-w64-mingw32/lib/../lib/libmingw32.a(lib32_libmingw32_a-mingw_helpers.o)
 .eh_frame      0x00405460       0x5c c:/Program Files (x86)/mingw-w64/i686-4.9.2-posix-dwarf-rt_v3-rev0/mingw32/bin/../lib/gcc/i686-w64-mingw32/4.9.2/../../../../i686-w64-mingw32/lib/../lib/libmingw32.a(lib32_libmingw32_a-atonexit.o)
 .eh_frame      0x004054bc       0x54 c:/Program Files (x86)/mingw-w64/i686-4.9.2-posix-dwarf-rt_v3-rev0/mingw32/bin/../lib/gcc/i686-w64-mingw32/4.9.2/../../../../i686-w64-mingw32/lib/../lib/libmingw32.a(lib32_libmingw32_a-crt_handler.o)
 .eh_frame      0x00405510       0x2c c:/Program Files (x86)/mingw-w64/i686-4.9.2-posix-dwarf-rt_v3-rev0/mingw32/bin/../lib/gcc/i686-w64-mingw32/4.9.2/../../../../i686-w64-mingw32/lib/../lib/libmingw32.a(lib32_libmingw32_a-dllargv.o)
 .eh_frame      0x0040553c       0x5c c:/Program Files (x86)/mingw-w64/i686-4.9.2-posix-dwarf-rt_v3-rev0/mingw32/bin/../lib/gcc/i686-w64-mingw32/4.9.2/../../../../i686-w64-mingw32/lib/../lib/libmingw32.a(lib32_libmingw32_a-merr.o)
 .eh_frame      0x00405598       0x94 c:/Program Files (x86)/mingw-w64/i686-4.9.2-posix-dwarf-rt_v3-rev0/mingw32/bin/../lib/gcc/i686-w64-mingw32/4.9.2/../../../../i686-w64-mingw32/lib/../lib/libmingw32.a(lib32_libmingw32_a-pseudo-reloc.o)
 .eh_frame      0x0040562c       0x2c c:/Program Files (x86)/mingw-w64/i686-4.9.2-posix-dwarf-rt_v3-rev0/mingw32/bin/../lib/gcc/i686-w64-mingw32/4.9.2/../../../../i686-w64-mingw32/lib/../lib/libmingw32.a(lib32_libmingw32_a-CRT_fp10.o)
 .eh_frame      0x00405658       0x68 c:/Program Files (x86)/mingw-w64/i686-4.9.2-posix-dwarf-rt_v3-rev0/mingw32/bin/../lib/gcc/i686-w64-mingw32/4.9.2/../../../../i686-w64-mingw32/lib/../lib/libmingw32.a(lib32_libmingw32_a-gccmain.o)
 .eh_frame      0x004056c0       0x74 c:/Program Files (x86)/mingw-w64/i686-4.9.2-posix-dwarf-rt_v3-rev0/mingw32/bin/../lib/gcc/i686-w64-mingw32/4.9.2/../../../../i686-w64-mingw32/lib/../lib/libmingw32.a(lib32_libmingw32_a-gs_support.o)
 .eh_frame      0x00405734       0xd8 c:/Program Files (x86)/mingw-w64/i686-4.9.2-posix-dwarf-rt_v3-rev0/mingw32/bin/../lib/gcc/i686-w64-mingw32/4.9.2/../../../../i686-w64-mingw32/lib/../lib/libmingw32.a(lib32_libmingw32_a-tlsthrd.o)
 .eh_frame      0x0040580c      0x1f0 c:/Program Files (x86)/mingw-w64/i686-4.9.2-posix-dwarf-rt_v3-rev0/mingw32/bin/../lib/gcc/i686-w64-mingw32/4.9.2/../../../../i686-w64-mingw32/lib/../lib/libmingw32.a(lib32_libmingw32_a-pesect.o)
 .eh_frame      0x004059fc       0x40 c:/Program Files (x86)/mingw-w64/i686-4.9.2-posix-dwarf-rt_v3-rev0/mingw32/bin/../lib/gcc/i686-w64-mingw32/4.9.2/../../../../i686-w64-mingw32/lib/../lib/libmsvcrt.a(lib32_libmsvcrt_a-invalid_parameter_handler.o)
 .eh_frame      0x00405a3c       0x3c c:/Program Files (x86)/mingw-w64/i686-4.9.2-posix-dwarf-rt_v3-rev0/mingw32/bin/../lib/gcc/i686-w64-mingw32/4.9.2/crtend.o

.pdata
 *(.pdata)

.bss            0x00406000      0x414
                0x00406000                __bss_start__ = .
 *(.bss)
 .bss           0x00406000       0x20 c:/Program Files (x86)/mingw-w64/i686-4.9.2-posix-dwarf-rt_v3-rev0/mingw32/bin/../lib/gcc/i686-w64-mingw32/4.9.2/../../../../i686-w64-mingw32/lib/../lib/crt2.o
 .bss           0x00406020       0x18 c:/Program Files (x86)/mingw-w64/i686-4.9.2-posix-dwarf-rt_v3-rev0/mingw32/bin/../lib/gcc/i686-w64-mingw32/4.9.2/crtbegin.o
 .bss           0x00406038        0x0 main.o
 .bss           0x00406038        0x0 bmptk_win.o
 .bss           0x00406038       0x10 c:/Program Files (x86)/mingw-w64/i686-4.9.2-posix-dwarf-rt_v3-rev0/mingw32/bin/../lib/gcc/i686-w64-mingw32/4.9.2/../../../../i686-w64-mingw32/lib/../lib/libmingw32.a(lib32_libmingw32_a-tlssup.o)
                0x00406038                mingw_initltssuo_force
                0x0040603c                mingw_initltsdyn_force
                0x00406040                mingw_initltsdrot_force
                0x00406044                _tls_index
 .bss           0x00406048        0x4 c:/Program Files (x86)/mingw-w64/i686-4.9.2-posix-dwarf-rt_v3-rev0/mingw32/bin/../lib/gcc/i686-w64-mingw32/4.9.2/../../../../i686-w64-mingw32/lib/../lib/libmingw32.a(lib32_libmingw32_a-charmax.o)
                0x00406048                mingw_initcharmax
 .bss           0x0040604c        0x4 c:/Program Files (x86)/mingw-w64/i686-4.9.2-posix-dwarf-rt_v3-rev0/mingw32/bin/../lib/gcc/i686-w64-mingw32/4.9.2/../../../../i686-w64-mingw32/lib/../lib/libmingw32.a(lib32_libmingw32_a-mingw_helpers.o)
                0x0040604c                mingw_app_type
 .bss           0x00406050        0x4 c:/Program Files (x86)/mingw-w64/i686-4.9.2-posix-dwarf-rt_v3-rev0/mingw32/bin/../lib/gcc/i686-w64-mingw32/4.9.2/../../../../i686-w64-mingw32/lib/../lib/libmingw32.a(lib32_libmingw32_a-xtxtmode.o)
                0x00406050                _fmode
 .bss           0x00406054        0x0 c:/Program Files (x86)/mingw-w64/i686-4.9.2-posix-dwarf-rt_v3-rev0/mingw32/bin/../lib/gcc/i686-w64-mingw32/4.9.2/../../../../i686-w64-mingw32/lib/../lib/libmingw32.a(lib32_libmingw32_a-atonexit.o)
 .bss           0x00406054        0x4 c:/Program Files (x86)/mingw-w64/i686-4.9.2-posix-dwarf-rt_v3-rev0/mingw32/bin/../lib/gcc/i686-w64-mingw32/4.9.2/../../../../i686-w64-mingw32/lib/../lib/libmingw32.a(lib32_libmingw32_a-_newmode.o)
                0x00406054                _newmode
 .bss           0x00406058        0x0 c:/Program Files (x86)/mingw-w64/i686-4.9.2-posix-dwarf-rt_v3-rev0/mingw32/bin/../lib/gcc/i686-w64-mingw32/4.9.2/../../../../i686-w64-mingw32/lib/../lib/libmingw32.a(lib32_libmingw32_a-wildcard.o)
 .bss           0x00406058        0x0 c:/Program Files (x86)/mingw-w64/i686-4.9.2-posix-dwarf-rt_v3-rev0/mingw32/bin/../lib/gcc/i686-w64-mingw32/4.9.2/../../../../i686-w64-mingw32/lib/../lib/libmingw32.a(lib32_libmingw32_a-natstart.o)
 .bss           0x00406058        0x4 c:/Program Files (x86)/mingw-w64/i686-4.9.2-posix-dwarf-rt_v3-rev0/mingw32/bin/../lib/gcc/i686-w64-mingw32/4.9.2/../../../../i686-w64-mingw32/lib/../lib/libmingw32.a(lib32_libmingw32_a-crt_handler.o)
                0x00406058                __mingw_oldexcpt_handler
 .bss           0x0040605c        0x0 c:/Program Files (x86)/mingw-w64/i686-4.9.2-posix-dwarf-rt_v3-rev0/mingw32/bin/../lib/gcc/i686-w64-mingw32/4.9.2/../../../../i686-w64-mingw32/lib/../lib/libmingw32.a(lib32_libmingw32_a-cinitexe.o)
 .bss           0x0040605c        0x0 c:/Program Files (x86)/mingw-w64/i686-4.9.2-posix-dwarf-rt_v3-rev0/mingw32/bin/../lib/gcc/i686-w64-mingw32/4.9.2/../../../../i686-w64-mingw32/lib/../lib/libmingw32.a(lib32_libmingw32_a-dllargv.o)
 .bss           0x0040605c        0x4 c:/Program Files (x86)/mingw-w64/i686-4.9.2-posix-dwarf-rt_v3-rev0/mingw32/bin/../lib/gcc/i686-w64-mingw32/4.9.2/../../../../i686-w64-mingw32/lib/../lib/libmingw32.a(lib32_libmingw32_a-merr.o)
 .bss           0x00406060        0xc c:/Program Files (x86)/mingw-w64/i686-4.9.2-posix-dwarf-rt_v3-rev0/mingw32/bin/../lib/gcc/i686-w64-mingw32/4.9.2/../../../../i686-w64-mingw32/lib/../lib/libmingw32.a(lib32_libmingw32_a-pseudo-reloc.o)
 .bss           0x0040606c        0x0 c:/Program Files (x86)/mingw-w64/i686-4.9.2-posix-dwarf-rt_v3-rev0/mingw32/bin/../lib/gcc/i686-w64-mingw32/4.9.2/../../../../i686-w64-mingw32/lib/../lib/libmingw32.a(lib32_libmingw32_a-CRT_fp10.o)
 .bss           0x0040606c        0x4 c:/Program Files (x86)/mingw-w64/i686-4.9.2-posix-dwarf-rt_v3-rev0/mingw32/bin/../lib/gcc/i686-w64-mingw32/4.9.2/../../../../i686-w64-mingw32/lib/../lib/libmingw32.a(lib32_libmingw32_a-gccmain.o)
 *fill*         0x00406070       0x10 
 .bss           0x00406080      0x340 c:/Program Files (x86)/mingw-w64/i686-4.9.2-posix-dwarf-rt_v3-rev0/mingw32/bin/../lib/gcc/i686-w64-mingw32/4.9.2/../../../../i686-w64-mingw32/lib/../lib/libmingw32.a(lib32_libmingw32_a-gs_support.o)
 .bss           0x004063c0        0x0 c:/Program Files (x86)/mingw-w64/i686-4.9.2-posix-dwarf-rt_v3-rev0/mingw32/bin/../lib/gcc/i686-w64-mingw32/4.9.2/../../../../i686-w64-mingw32/lib/../lib/libmingw32.a(lib32_libmingw32_a-tlsmcrt.o)
 .bss           0x004063c0       0x20 c:/Program Files (x86)/mingw-w64/i686-4.9.2-posix-dwarf-rt_v3-rev0/mingw32/bin/../lib/gcc/i686-w64-mingw32/4.9.2/../../../../i686-w64-mingw32/lib/../lib/libmingw32.a(lib32_libmingw32_a-tlsthrd.o)
 .bss           0x004063e0        0x4 c:/Program Files (x86)/mingw-w64/i686-4.9.2-posix-dwarf-rt_v3-rev0/mingw32/bin/../lib/gcc/i686-w64-mingw32/4.9.2/../../../../i686-w64-mingw32/lib/../lib/libmingw32.a(lib32_libmingw32_a-pseudo-reloc-list.o)
 .bss           0x004063e4        0x0 c:/Program Files (x86)/mingw-w64/i686-4.9.2-posix-dwarf-rt_v3-rev0/mingw32/bin/../lib/gcc/i686-w64-mingw32/4.9.2/../../../../i686-w64-mingw32/lib/../lib/libmingw32.a(lib32_libmingw32_a-pesect.o)
 .bss           0x004063e4        0x0 c:/Program Files (x86)/mingw-w64/i686-4.9.2-posix-dwarf-rt_v3-rev0/mingw32/bin/../lib/gcc/i686-w64-mingw32/4.9.2/libgcc.a(_chkstk_ms.o)
 .bss           0x004063e4        0x0 c:/Program Files (x86)/mingw-w64/i686-4.9.2-posix-dwarf-rt_v3-rev0/mingw32/bin/../lib/gcc/i686-w64-mingw32/4.9.2/libgcc.a(_ctors.o)
 .bss           0x004063e4        0x0 c:/Program Files (x86)/mingw-w64/i686-4.9.2-posix-dwarf-rt_v3-rev0/mingw32/bin/../lib/gcc/i686-w64-mingw32/4.9.2/../../../../i686-w64-mingw32/lib/../lib/libmingwex.a(lib32_libmingwex_a-mingw_matherr.o)
 .bss           0x004063e4        0x0 c:/Program Files (x86)/mingw-w64/i686-4.9.2-posix-dwarf-rt_v3-rev0/mingw32/bin/../lib/gcc/i686-w64-mingw32/4.9.2/../../../../i686-w64-mingw32/lib/../lib/libmsvcrt.a(dwfrbs00274.o)
 .bss           0x004063e4        0x0 c:/Program Files (x86)/mingw-w64/i686-4.9.2-posix-dwarf-rt_v3-rev0/mingw32/bin/../lib/gcc/i686-w64-mingw32/4.9.2/../../../../i686-w64-mingw32/lib/../lib/libmsvcrt.a(dwfrbs00123.o)
 .bss           0x004063e4        0x0 c:/Program Files (x86)/mingw-w64/i686-4.9.2-posix-dwarf-rt_v3-rev0/mingw32/bin/../lib/gcc/i686-w64-mingw32/4.9.2/../../../../i686-w64-mingw32/lib/../lib/libmsvcrt.a(dwfrbs00060.o)
 .bss           0x004063e4        0x0 c:/Program Files (x86)/mingw-w64/i686-4.9.2-posix-dwarf-rt_v3-rev0/mingw32/bin/../lib/gcc/i686-w64-mingw32/4.9.2/../../../../i686-w64-mingw32/lib/../lib/libmsvcrt.a(dwfrbs00105.o)
 .bss           0x004063e4        0x0 c:/Program Files (x86)/mingw-w64/i686-4.9.2-posix-dwarf-rt_v3-rev0/mingw32/bin/../lib/gcc/i686-w64-mingw32/4.9.2/../../../../i686-w64-mingw32/lib/../lib/libmsvcrt.a(dwfrbs00059.o)
 .bss           0x004063e4        0x4 c:/Program Files (x86)/mingw-w64/i686-4.9.2-posix-dwarf-rt_v3-rev0/mingw32/bin/../lib/gcc/i686-w64-mingw32/4.9.2/../../../../i686-w64-mingw32/lib/../lib/libmsvcrt.a(lib32_libmsvcrt_a-invalid_parameter_handler.o)
 .bss           0x004063e8        0x0 c:/Program Files (x86)/mingw-w64/i686-4.9.2-posix-dwarf-rt_v3-rev0/mingw32/bin/../lib/gcc/i686-w64-mingw32/4.9.2/../../../../i686-w64-mingw32/lib/../lib/libmsvcrt.a(dwfrbs01159.o)
 .bss           0x004063e8        0x0 c:/Program Files (x86)/mingw-w64/i686-4.9.2-posix-dwarf-rt_v3-rev0/mingw32/bin/../lib/gcc/i686-w64-mingw32/4.9.2/../../../../i686-w64-mingw32/lib/../lib/libmsvcrt.a(dwfrbs01213.o)
 .bss           0x004063e8        0x0 c:/Program Files (x86)/mingw-w64/i686-4.9.2-posix-dwarf-rt_v3-rev0/mingw32/bin/../lib/gcc/i686-w64-mingw32/4.9.2/../../../../i686-w64-mingw32/lib/../lib/libmsvcrt.a(dwfrbs01168.o)
 .bss           0x004063e8        0x0 c:/Program Files (x86)/mingw-w64/i686-4.9.2-posix-dwarf-rt_v3-rev0/mingw32/bin/../lib/gcc/i686-w64-mingw32/4.9.2/../../../../i686-w64-mingw32/lib/../lib/libmsvcrt.a(dwfrbs00162.o)
 .bss           0x004063e8        0x0 c:/Program Files (x86)/mingw-w64/i686-4.9.2-posix-dwarf-rt_v3-rev0/mingw32/bin/../lib/gcc/i686-w64-mingw32/4.9.2/../../../../i686-w64-mingw32/lib/../lib/libmsvcrt.a(dwfrbs00145.o)
 .bss           0x004063e8        0x0 c:/Program Files (x86)/mingw-w64/i686-4.9.2-posix-dwarf-rt_v3-rev0/mingw32/bin/../lib/gcc/i686-w64-mingw32/4.9.2/../../../../i686-w64-mingw32/lib/../lib/libmsvcrt.a(dwfrbs00349.o)
 .bss           0x004063e8        0x0 c:/Program Files (x86)/mingw-w64/i686-4.9.2-posix-dwarf-rt_v3-rev0/mingw32/bin/../lib/gcc/i686-w64-mingw32/4.9.2/../../../../i686-w64-mingw32/lib/../lib/libmsvcrt.a(dwfrbs01078.o)
 .bss           0x004063e8        0x0 c:/Program Files (x86)/mingw-w64/i686-4.9.2-posix-dwarf-rt_v3-rev0/mingw32/bin/../lib/gcc/i686-w64-mingw32/4.9.2/../../../../i686-w64-mingw32/lib/../lib/libmsvcrt.a(dwfrbs00069.o)
 .bss           0x004063e8        0x0 c:/Program Files (x86)/mingw-w64/i686-4.9.2-posix-dwarf-rt_v3-rev0/mingw32/bin/../lib/gcc/i686-w64-mingw32/4.9.2/../../../../i686-w64-mingw32/lib/../lib/libmsvcrt.a(dwfrbs00624.o)
 .bss           0x004063e8        0x0 c:/Program Files (x86)/mingw-w64/i686-4.9.2-posix-dwarf-rt_v3-rev0/mingw32/bin/../lib/gcc/i686-w64-mingw32/4.9.2/../../../../i686-w64-mingw32/lib/../lib/libmsvcrt.a(dwfrbs00458.o)
 .bss           0x004063e8        0x0 c:/Program Files (x86)/mingw-w64/i686-4.9.2-posix-dwarf-rt_v3-rev0/mingw32/bin/../lib/gcc/i686-w64-mingw32/4.9.2/../../../../i686-w64-mingw32/lib/../lib/libmsvcrt.a(dwfrbs00056.o)
 .bss           0x004063e8        0x0 c:/Program Files (x86)/mingw-w64/i686-4.9.2-posix-dwarf-rt_v3-rev0/mingw32/bin/../lib/gcc/i686-w64-mingw32/4.9.2/../../../../i686-w64-mingw32/lib/../lib/libmsvcrt.a(dwfrbs00839.o)
 .bss           0x004063e8        0x0 c:/Program Files (x86)/mingw-w64/i686-4.9.2-posix-dwarf-rt_v3-rev0/mingw32/bin/../lib/gcc/i686-w64-mingw32/4.9.2/../../../../i686-w64-mingw32/lib/../lib/libmsvcrt.a(dwfrbs01195.o)
 .bss           0x004063e8        0x0 c:/Program Files (x86)/mingw-w64/i686-4.9.2-posix-dwarf-rt_v3-rev0/mingw32/bin/../lib/gcc/i686-w64-mingw32/4.9.2/../../../../i686-w64-mingw32/lib/../lib/libmsvcrt.a(dwfrbs00353.o)
 .bss           0x004063e8        0x0 c:/Program Files (x86)/mingw-w64/i686-4.9.2-posix-dwarf-rt_v3-rev0/mingw32/bin/../lib/gcc/i686-w64-mingw32/4.9.2/../../../../i686-w64-mingw32/lib/../lib/libmsvcrt.a(dwfrbs00108.o)
 .bss           0x004063e8        0x0 c:/Program Files (x86)/mingw-w64/i686-4.9.2-posix-dwarf-rt_v3-rev0/mingw32/bin/../lib/gcc/i686-w64-mingw32/4.9.2/../../../../i686-w64-mingw32/lib/../lib/libmsvcrt.a(dwfrbs01094.o)
 .bss           0x004063e8        0x0 c:/Program Files (x86)/mingw-w64/i686-4.9.2-posix-dwarf-rt_v3-rev0/mingw32/bin/../lib/gcc/i686-w64-mingw32/4.9.2/../../../../i686-w64-mingw32/lib/../lib/libmsvcrt.a(dwfrbs01112.o)
 .bss           0x004063e8        0x0 c:/Program Files (x86)/mingw-w64/i686-4.9.2-posix-dwarf-rt_v3-rev0/mingw32/bin/../lib/gcc/i686-w64-mingw32/4.9.2/../../../../i686-w64-mingw32/lib/../lib/libmsvcrt.a(dwfrbs01249.o)
 .bss           0x004063e8        0x0 c:/Program Files (x86)/mingw-w64/i686-4.9.2-posix-dwarf-rt_v3-rev0/mingw32/bin/../lib/gcc/i686-w64-mingw32/4.9.2/../../../../i686-w64-mingw32/lib/../lib/libmsvcrt.a(dwfrbs01052.o)
 .bss           0x004063e8        0x0 c:/Program Files (x86)/mingw-w64/i686-4.9.2-posix-dwarf-rt_v3-rev0/mingw32/bin/../lib/gcc/i686-w64-mingw32/4.9.2/../../../../i686-w64-mingw32/lib/../lib/libmsvcrt.a(dwfrbs01067.o)
 .bss           0x004063e8        0x0 c:/Program Files (x86)/mingw-w64/i686-4.9.2-posix-dwarf-rt_v3-rev0/mingw32/bin/../lib/gcc/i686-w64-mingw32/4.9.2/../../../../i686-w64-mingw32/lib/../lib/libmsvcrt.a(dwfrbs01101.o)
 .bss           0x004063e8        0x0 c:/Program Files (x86)/mingw-w64/i686-4.9.2-posix-dwarf-rt_v3-rev0/mingw32/bin/../lib/gcc/i686-w64-mingw32/4.9.2/../../../../i686-w64-mingw32/lib/../lib/libmsvcrt.a(dwfrbs01216.o)
 .bss           0x004063e8        0x0 c:/Program Files (x86)/mingw-w64/i686-4.9.2-posix-dwarf-rt_v3-rev0/mingw32/bin/../lib/gcc/i686-w64-mingw32/4.9.2/../../../../i686-w64-mingw32/lib/../lib/libmsvcrt.a(dwfrbh.o)
 .bss           0x004063e8        0x0 c:/Program Files (x86)/mingw-w64/i686-4.9.2-posix-dwarf-rt_v3-rev0/mingw32/bin/../lib/gcc/i686-w64-mingw32/4.9.2/../../../../i686-w64-mingw32/lib/../lib/libmsvcrt.a(dwfrbt.o)
 .bss           0x004063e8        0x0 c:/Program Files (x86)/mingw-w64/i686-4.9.2-posix-dwarf-rt_v3-rev0/mingw32/bin/../lib/gcc/i686-w64-mingw32/4.9.2/../../../../i686-w64-mingw32/lib/../lib/libkernel32.a(dkffs01140.o)
 .bss           0x004063e8        0x0 c:/Program Files (x86)/mingw-w64/i686-4.9.2-posix-dwarf-rt_v3-rev0/mingw32/bin/../lib/gcc/i686-w64-mingw32/4.9.2/../../../../i686-w64-mingw32/lib/../lib/libkernel32.a(dkffs01127.o)
 .bss           0x004063e8        0x0 c:/Program Files (x86)/mingw-w64/i686-4.9.2-posix-dwarf-rt_v3-rev0/mingw32/bin/../lib/gcc/i686-w64-mingw32/4.9.2/../../../../i686-w64-mingw32/lib/../lib/libkernel32.a(dkffs00612.o)
 .bss           0x004063e8        0x0 c:/Program Files (x86)/mingw-w64/i686-4.9.2-posix-dwarf-rt_v3-rev0/mingw32/bin/../lib/gcc/i686-w64-mingw32/4.9.2/../../../../i686-w64-mingw32/lib/../lib/libkernel32.a(dkffs00533.o)
 .bss           0x004063e8        0x0 c:/Program Files (x86)/mingw-w64/i686-4.9.2-posix-dwarf-rt_v3-rev0/mingw32/bin/../lib/gcc/i686-w64-mingw32/4.9.2/../../../../i686-w64-mingw32/lib/../lib/libkernel32.a(dkffs00809.o)
 .bss           0x004063e8        0x0 c:/Program Files (x86)/mingw-w64/i686-4.9.2-posix-dwarf-rt_v3-rev0/mingw32/bin/../lib/gcc/i686-w64-mingw32/4.9.2/../../../../i686-w64-mingw32/lib/../lib/libkernel32.a(dkffs00581.o)
 .bss           0x004063e8        0x0 c:/Program Files (x86)/mingw-w64/i686-4.9.2-posix-dwarf-rt_v3-rev0/mingw32/bin/../lib/gcc/i686-w64-mingw32/4.9.2/../../../../i686-w64-mingw32/lib/../lib/libkernel32.a(dkffs00356.o)
 .bss           0x004063e8        0x0 c:/Program Files (x86)/mingw-w64/i686-4.9.2-posix-dwarf-rt_v3-rev0/mingw32/bin/../lib/gcc/i686-w64-mingw32/4.9.2/../../../../i686-w64-mingw32/lib/../lib/libkernel32.a(dkffs01209.o)
 .bss           0x004063e8        0x0 c:/Program Files (x86)/mingw-w64/i686-4.9.2-posix-dwarf-rt_v3-rev0/mingw32/bin/../lib/gcc/i686-w64-mingw32/4.9.2/../../../../i686-w64-mingw32/lib/../lib/libkernel32.a(dkffs01206.o)
 .bss           0x004063e8        0x0 c:/Program Files (x86)/mingw-w64/i686-4.9.2-posix-dwarf-rt_v3-rev0/mingw32/bin/../lib/gcc/i686-w64-mingw32/4.9.2/../../../../i686-w64-mingw32/lib/../lib/libkernel32.a(dkffs00515.o)
 .bss           0x004063e8        0x0 c:/Program Files (x86)/mingw-w64/i686-4.9.2-posix-dwarf-rt_v3-rev0/mingw32/bin/../lib/gcc/i686-w64-mingw32/4.9.2/../../../../i686-w64-mingw32/lib/../lib/libkernel32.a(dkffs00635.o)
 .bss           0x004063e8        0x0 c:/Program Files (x86)/mingw-w64/i686-4.9.2-posix-dwarf-rt_v3-rev0/mingw32/bin/../lib/gcc/i686-w64-mingw32/4.9.2/../../../../i686-w64-mingw32/lib/../lib/libkernel32.a(dkffs00453.o)
 .bss           0x004063e8        0x0 c:/Program Files (x86)/mingw-w64/i686-4.9.2-posix-dwarf-rt_v3-rev0/mingw32/bin/../lib/gcc/i686-w64-mingw32/4.9.2/../../../../i686-w64-mingw32/lib/../lib/libkernel32.a(dkffs00457.o)
 .bss           0x004063e8        0x0 c:/Program Files (x86)/mingw-w64/i686-4.9.2-posix-dwarf-rt_v3-rev0/mingw32/bin/../lib/gcc/i686-w64-mingw32/4.9.2/../../../../i686-w64-mingw32/lib/../lib/libkernel32.a(dkffs00663.o)
 .bss           0x004063e8        0x0 c:/Program Files (x86)/mingw-w64/i686-4.9.2-posix-dwarf-rt_v3-rev0/mingw32/bin/../lib/gcc/i686-w64-mingw32/4.9.2/../../../../i686-w64-mingw32/lib/../lib/libkernel32.a(dkffs00915.o)
 .bss           0x004063e8        0x0 c:/Program Files (x86)/mingw-w64/i686-4.9.2-posix-dwarf-rt_v3-rev0/mingw32/bin/../lib/gcc/i686-w64-mingw32/4.9.2/../../../../i686-w64-mingw32/lib/../lib/libkernel32.a(dkffs01174.o)
 .bss           0x004063e8        0x0 c:/Program Files (x86)/mingw-w64/i686-4.9.2-posix-dwarf-rt_v3-rev0/mingw32/bin/../lib/gcc/i686-w64-mingw32/4.9.2/../../../../i686-w64-mingw32/lib/../lib/libkernel32.a(dkffs00452.o)
 .bss           0x004063e8        0x0 c:/Program Files (x86)/mingw-w64/i686-4.9.2-posix-dwarf-rt_v3-rev0/mingw32/bin/../lib/gcc/i686-w64-mingw32/4.9.2/../../../../i686-w64-mingw32/lib/../lib/libkernel32.a(dkffs01154.o)
 .bss           0x004063e8        0x0 c:/Program Files (x86)/mingw-w64/i686-4.9.2-posix-dwarf-rt_v3-rev0/mingw32/bin/../lib/gcc/i686-w64-mingw32/4.9.2/../../../../i686-w64-mingw32/lib/../lib/libkernel32.a(dkffs00239.o)
 .bss           0x004063e8        0x0 c:/Program Files (x86)/mingw-w64/i686-4.9.2-posix-dwarf-rt_v3-rev0/mingw32/bin/../lib/gcc/i686-w64-mingw32/4.9.2/../../../../i686-w64-mingw32/lib/../lib/libkernel32.a(dkffs01161.o)
 .bss           0x004063e8        0x0 c:/Program Files (x86)/mingw-w64/i686-4.9.2-posix-dwarf-rt_v3-rev0/mingw32/bin/../lib/gcc/i686-w64-mingw32/4.9.2/../../../../i686-w64-mingw32/lib/../lib/libkernel32.a(dkffs00806.o)
 .bss           0x004063e8        0x0 c:/Program Files (x86)/mingw-w64/i686-4.9.2-posix-dwarf-rt_v3-rev0/mingw32/bin/../lib/gcc/i686-w64-mingw32/4.9.2/../../../../i686-w64-mingw32/lib/../lib/libkernel32.a(dkffs00212.o)
 .bss           0x004063e8        0x0 c:/Program Files (x86)/mingw-w64/i686-4.9.2-posix-dwarf-rt_v3-rev0/mingw32/bin/../lib/gcc/i686-w64-mingw32/4.9.2/../../../../i686-w64-mingw32/lib/../lib/libkernel32.a(dkffs00747.o)
 .bss           0x004063e8        0x0 c:/Program Files (x86)/mingw-w64/i686-4.9.2-posix-dwarf-rt_v3-rev0/mingw32/bin/../lib/gcc/i686-w64-mingw32/4.9.2/../../../../i686-w64-mingw32/lib/../lib/libkernel32.a(dkffh.o)
 .bss           0x004063e8        0x0 c:/Program Files (x86)/mingw-w64/i686-4.9.2-posix-dwarf-rt_v3-rev0/mingw32/bin/../lib/gcc/i686-w64-mingw32/4.9.2/../../../../i686-w64-mingw32/lib/../lib/libkernel32.a(dkfft.o)
 .bss           0x004063e8        0x0 c:/Program Files (x86)/mingw-w64/i686-4.9.2-posix-dwarf-rt_v3-rev0/mingw32/bin/../lib/gcc/i686-w64-mingw32/4.9.2/crtend.o
 *(COMMON)
 COMMON         0x004063e8        0x8 c:/Program Files (x86)/mingw-w64/i686-4.9.2-posix-dwarf-rt_v3-rev0/mingw32/bin/../lib/gcc/i686-w64-mingw32/4.9.2/../../../../i686-w64-mingw32/lib/../lib/crt2.o
                0x004063e8                __mingw_winmain_lpCmdLine
                0x004063ec                __mingw_winmain_hInstance
 COMMON         0x004063f0        0x4 c:/Program Files (x86)/mingw-w64/i686-4.9.2-posix-dwarf-rt_v3-rev0/mingw32/bin/../lib/gcc/i686-w64-mingw32/4.9.2/crtbegin.o
                0x004063f0                hmod_libgcc
 COMMON         0x004063f4        0x8 c:/Program Files (x86)/mingw-w64/i686-4.9.2-posix-dwarf-rt_v3-rev0/mingw32/bin/../lib/gcc/i686-w64-mingw32/4.9.2/../../../../i686-w64-mingw32/lib/../lib/libmingw32.a(lib32_libmingw32_a-atonexit.o)
                0x004063f4                __onexitend
                0x004063f8                __onexitbegin
 COMMON         0x004063fc        0x8 c:/Program Files (x86)/mingw-w64/i686-4.9.2-posix-dwarf-rt_v3-rev0/mingw32/bin/../lib/gcc/i686-w64-mingw32/4.9.2/../../../../i686-w64-mingw32/lib/../lib/libmingw32.a(lib32_libmingw32_a-natstart.o)
                0x004063fc                __native_startup_lock
                0x00406400                __native_startup_state
 COMMON         0x00406404       0x10 c:/Program Files (x86)/mingw-w64/i686-4.9.2-posix-dwarf-rt_v3-rev0/mingw32/bin/../lib/gcc/i686-w64-mingw32/4.9.2/libgcc.a(_ctors.o)
                0x00406414                __bss_end__ = .

.edata
 *(.edata)

/DISCARD/
 *(.debug$S)
 *(.debug$T)
 *(.debug$F)
 *(.drectve)
 *(.note.GNU-stack)
 *(.gnu.lto_*)

.idata          0x00407000      0x800
 SORT(*)(.idata$2)
 .idata$2       0x00407000       0x14 c:/Program Files (x86)/mingw-w64/i686-4.9.2-posix-dwarf-rt_v3-rev0/mingw32/bin/../lib/gcc/i686-w64-mingw32/4.9.2/../../../../i686-w64-mingw32/lib/../lib/libgcc_s.a(d000000.o)
                0x00407000                _head_libgcc_s_dw2_1_dll
 .idata$2       0x00407014       0x14 c:/Program Files (x86)/mingw-w64/i686-4.9.2-posix-dwarf-rt_v3-rev0/mingw32/bin/../lib/gcc/i686-w64-mingw32/4.9.2/../../../../i686-w64-mingw32/lib/../lib/libkernel32.a(dkffh.o)
                0x00407014                _head_lib32_libkernel32_a
 .idata$2       0x00407028       0x14 c:/Program Files (x86)/mingw-w64/i686-4.9.2-posix-dwarf-rt_v3-rev0/mingw32/bin/../lib/gcc/i686-w64-mingw32/4.9.2/../../../../i686-w64-mingw32/lib/../lib/libmsvcrt.a(dwfrbh.o)
                0x00407028                _head_lib32_libmsvcrt_a
 .idata$2       0x0040703c       0x14 c:/Program Files (x86)/mingw-w64/i686-4.9.2-posix-dwarf-rt_v3-rev0/mingw32/bin/../lib/gcc/i686-w64-mingw32/4.9.2/libstdc++.dll.a(d000000.o)
                0x0040703c                _head_libstdc___6_dll
 SORT(*)(.idata$3)
                0x00407050        0x4 LONG 0x0
                0x00407054        0x4 LONG 0x0
                0x00407058        0x4 LONG 0x0
                0x0040705c        0x4 LONG 0x0
                0x00407060        0x4 LONG 0x0
 SORT(*)(.idata$4)
 .idata$4       0x00407064        0x0 c:/Program Files (x86)/mingw-w64/i686-4.9.2-posix-dwarf-rt_v3-rev0/mingw32/bin/../lib/gcc/i686-w64-mingw32/4.9.2/../../../../i686-w64-mingw32/lib/../lib/libgcc_s.a(d000000.o)
 .idata$4       0x00407064        0x4 c:/Program Files (x86)/mingw-w64/i686-4.9.2-posix-dwarf-rt_v3-rev0/mingw32/bin/../lib/gcc/i686-w64-mingw32/4.9.2/../../../../i686-w64-mingw32/lib/../lib/libgcc_s.a(d000037.o)
 .idata$4       0x00407068        0x4 c:/Program Files (x86)/mingw-w64/i686-4.9.2-posix-dwarf-rt_v3-rev0/mingw32/bin/../lib/gcc/i686-w64-mingw32/4.9.2/../../../../i686-w64-mingw32/lib/../lib/libgcc_s.a(d000106.o)
 .idata$4       0x0040706c        0x4 c:/Program Files (x86)/mingw-w64/i686-4.9.2-posix-dwarf-rt_v3-rev0/mingw32/bin/../lib/gcc/i686-w64-mingw32/4.9.2/../../../../i686-w64-mingw32/lib/../lib/libgcc_s.a(d000122.o)
 .idata$4       0x00407070        0x0 c:/Program Files (x86)/mingw-w64/i686-4.9.2-posix-dwarf-rt_v3-rev0/mingw32/bin/../lib/gcc/i686-w64-mingw32/4.9.2/../../../../i686-w64-mingw32/lib/../lib/libkernel32.a(dkffh.o)
 .idata$4       0x00407070        0x4 c:/Program Files (x86)/mingw-w64/i686-4.9.2-posix-dwarf-rt_v3-rev0/mingw32/bin/../lib/gcc/i686-w64-mingw32/4.9.2/../../../../i686-w64-mingw32/lib/../lib/libkernel32.a(dkffs00212.o)
 .idata$4       0x00407074        0x4 c:/Program Files (x86)/mingw-w64/i686-4.9.2-posix-dwarf-rt_v3-rev0/mingw32/bin/../lib/gcc/i686-w64-mingw32/4.9.2/../../../../i686-w64-mingw32/lib/../lib/libkernel32.a(dkffs00239.o)
 .idata$4       0x00407078        0x4 c:/Program Files (x86)/mingw-w64/i686-4.9.2-posix-dwarf-rt_v3-rev0/mingw32/bin/../lib/gcc/i686-w64-mingw32/4.9.2/../../../../i686-w64-mingw32/lib/../lib/libkernel32.a(dkffs00356.o)
 .idata$4       0x0040707c        0x4 c:/Program Files (x86)/mingw-w64/i686-4.9.2-posix-dwarf-rt_v3-rev0/mingw32/bin/../lib/gcc/i686-w64-mingw32/4.9.2/../../../../i686-w64-mingw32/lib/../lib/libkernel32.a(dkffs00452.o)
 .idata$4       0x00407080        0x4 c:/Program Files (x86)/mingw-w64/i686-4.9.2-posix-dwarf-rt_v3-rev0/mingw32/bin/../lib/gcc/i686-w64-mingw32/4.9.2/../../../../i686-w64-mingw32/lib/../lib/libkernel32.a(dkffs00453.o)
 .idata$4       0x00407084        0x4 c:/Program Files (x86)/mingw-w64/i686-4.9.2-posix-dwarf-rt_v3-rev0/mingw32/bin/../lib/gcc/i686-w64-mingw32/4.9.2/../../../../i686-w64-mingw32/lib/../lib/libkernel32.a(dkffs00457.o)
 .idata$4       0x00407088        0x4 c:/Program Files (x86)/mingw-w64/i686-4.9.2-posix-dwarf-rt_v3-rev0/mingw32/bin/../lib/gcc/i686-w64-mingw32/4.9.2/../../../../i686-w64-mingw32/lib/../lib/libkernel32.a(dkffs00515.o)
 .idata$4       0x0040708c        0x4 c:/Program Files (x86)/mingw-w64/i686-4.9.2-posix-dwarf-rt_v3-rev0/mingw32/bin/../lib/gcc/i686-w64-mingw32/4.9.2/../../../../i686-w64-mingw32/lib/../lib/libkernel32.a(dkffs00533.o)
 .idata$4       0x00407090        0x4 c:/Program Files (x86)/mingw-w64/i686-4.9.2-posix-dwarf-rt_v3-rev0/mingw32/bin/../lib/gcc/i686-w64-mingw32/4.9.2/../../../../i686-w64-mingw32/lib/../lib/libkernel32.a(dkffs00581.o)
 .idata$4       0x00407094        0x4 c:/Program Files (x86)/mingw-w64/i686-4.9.2-posix-dwarf-rt_v3-rev0/mingw32/bin/../lib/gcc/i686-w64-mingw32/4.9.2/../../../../i686-w64-mingw32/lib/../lib/libkernel32.a(dkffs00612.o)
 .idata$4       0x00407098        0x4 c:/Program Files (x86)/mingw-w64/i686-4.9.2-posix-dwarf-rt_v3-rev0/mingw32/bin/../lib/gcc/i686-w64-mingw32/4.9.2/../../../../i686-w64-mingw32/lib/../lib/libkernel32.a(dkffs00635.o)
 .idata$4       0x0040709c        0x4 c:/Program Files (x86)/mingw-w64/i686-4.9.2-posix-dwarf-rt_v3-rev0/mingw32/bin/../lib/gcc/i686-w64-mingw32/4.9.2/../../../../i686-w64-mingw32/lib/../lib/libkernel32.a(dkffs00663.o)
 .idata$4       0x004070a0        0x4 c:/Program Files (x86)/mingw-w64/i686-4.9.2-posix-dwarf-rt_v3-rev0/mingw32/bin/../lib/gcc/i686-w64-mingw32/4.9.2/../../../../i686-w64-mingw32/lib/../lib/libkernel32.a(dkffs00747.o)
 .idata$4       0x004070a4        0x4 c:/Program Files (x86)/mingw-w64/i686-4.9.2-posix-dwarf-rt_v3-rev0/mingw32/bin/../lib/gcc/i686-w64-mingw32/4.9.2/../../../../i686-w64-mingw32/lib/../lib/libkernel32.a(dkffs00806.o)
 .idata$4       0x004070a8        0x4 c:/Program Files (x86)/mingw-w64/i686-4.9.2-posix-dwarf-rt_v3-rev0/mingw32/bin/../lib/gcc/i686-w64-mingw32/4.9.2/../../../../i686-w64-mingw32/lib/../lib/libkernel32.a(dkffs00809.o)
 .idata$4       0x004070ac        0x4 c:/Program Files (x86)/mingw-w64/i686-4.9.2-posix-dwarf-rt_v3-rev0/mingw32/bin/../lib/gcc/i686-w64-mingw32/4.9.2/../../../../i686-w64-mingw32/lib/../lib/libkernel32.a(dkffs00915.o)
 .idata$4       0x004070b0        0x4 c:/Program Files (x86)/mingw-w64/i686-4.9.2-posix-dwarf-rt_v3-rev0/mingw32/bin/../lib/gcc/i686-w64-mingw32/4.9.2/../../../../i686-w64-mingw32/lib/../lib/libkernel32.a(dkffs01127.o)
 .idata$4       0x004070b4        0x4 c:/Program Files (x86)/mingw-w64/i686-4.9.2-posix-dwarf-rt_v3-rev0/mingw32/bin/../lib/gcc/i686-w64-mingw32/4.9.2/../../../../i686-w64-mingw32/lib/../lib/libkernel32.a(dkffs01140.o)
 .idata$4       0x004070b8        0x4 c:/Program Files (x86)/mingw-w64/i686-4.9.2-posix-dwarf-rt_v3-rev0/mingw32/bin/../lib/gcc/i686-w64-mingw32/4.9.2/../../../../i686-w64-mingw32/lib/../lib/libkernel32.a(dkffs01154.o)
 .idata$4       0x004070bc        0x4 c:/Program Files (x86)/mingw-w64/i686-4.9.2-posix-dwarf-rt_v3-rev0/mingw32/bin/../lib/gcc/i686-w64-mingw32/4.9.2/../../../../i686-w64-mingw32/lib/../lib/libkernel32.a(dkffs01161.o)
 .idata$4       0x004070c0        0x4 c:/Program Files (x86)/mingw-w64/i686-4.9.2-posix-dwarf-rt_v3-rev0/mingw32/bin/../lib/gcc/i686-w64-mingw32/4.9.2/../../../../i686-w64-mingw32/lib/../lib/libkernel32.a(dkffs01174.o)
 .idata$4       0x004070c4        0x4 c:/Program Files (x86)/mingw-w64/i686-4.9.2-posix-dwarf-rt_v3-rev0/mingw32/bin/../lib/gcc/i686-w64-mingw32/4.9.2/../../../../i686-w64-mingw32/lib/../lib/libkernel32.a(dkffs01206.o)
 .idata$4       0x004070c8        0x4 c:/Program Files (x86)/mingw-w64/i686-4.9.2-posix-dwarf-rt_v3-rev0/mingw32/bin/../lib/gcc/i686-w64-mingw32/4.9.2/../../../../i686-w64-mingw32/lib/../lib/libkernel32.a(dkffs01209.o)
 .idata$4       0x004070cc        0x4 c:/Program Files (x86)/mingw-w64/i686-4.9.2-posix-dwarf-rt_v3-rev0/mingw32/bin/../lib/gcc/i686-w64-mingw32/4.9.2/../../../../i686-w64-mingw32/lib/../lib/libkernel32.a(dkfft.o)
 .idata$4       0x004070d0        0x0 c:/Program Files (x86)/mingw-w64/i686-4.9.2-posix-dwarf-rt_v3-rev0/mingw32/bin/../lib/gcc/i686-w64-mingw32/4.9.2/../../../../i686-w64-mingw32/lib/../lib/libmsvcrt.a(dwfrbh.o)
 .idata$4       0x004070d0        0x4 c:/Program Files (x86)/mingw-w64/i686-4.9.2-posix-dwarf-rt_v3-rev0/mingw32/bin/../lib/gcc/i686-w64-mingw32/4.9.2/../../../../i686-w64-mingw32/lib/../lib/libmsvcrt.a(dwfrbs00056.o)
 .idata$4       0x004070d4        0x4 c:/Program Files (x86)/mingw-w64/i686-4.9.2-posix-dwarf-rt_v3-rev0/mingw32/bin/../lib/gcc/i686-w64-mingw32/4.9.2/../../../../i686-w64-mingw32/lib/../lib/libmsvcrt.a(dwfrbs00059.o)
 .idata$4       0x004070d8        0x4 c:/Program Files (x86)/mingw-w64/i686-4.9.2-posix-dwarf-rt_v3-rev0/mingw32/bin/../lib/gcc/i686-w64-mingw32/4.9.2/../../../../i686-w64-mingw32/lib/../lib/libmsvcrt.a(dwfrbs00060.o)
 .idata$4       0x004070dc        0x4 c:/Program Files (x86)/mingw-w64/i686-4.9.2-posix-dwarf-rt_v3-rev0/mingw32/bin/../lib/gcc/i686-w64-mingw32/4.9.2/../../../../i686-w64-mingw32/lib/../lib/libmsvcrt.a(dwfrbs00069.o)
 .idata$4       0x004070e0        0x4 c:/Program Files (x86)/mingw-w64/i686-4.9.2-posix-dwarf-rt_v3-rev0/mingw32/bin/../lib/gcc/i686-w64-mingw32/4.9.2/../../../../i686-w64-mingw32/lib/../lib/libmsvcrt.a(dwfrbs00105.o)
 .idata$4       0x004070e4        0x4 c:/Program Files (x86)/mingw-w64/i686-4.9.2-posix-dwarf-rt_v3-rev0/mingw32/bin/../lib/gcc/i686-w64-mingw32/4.9.2/../../../../i686-w64-mingw32/lib/../lib/libmsvcrt.a(dwfrbs00108.o)
 .idata$4       0x004070e8        0x4 c:/Program Files (x86)/mingw-w64/i686-4.9.2-posix-dwarf-rt_v3-rev0/mingw32/bin/../lib/gcc/i686-w64-mingw32/4.9.2/../../../../i686-w64-mingw32/lib/../lib/libmsvcrt.a(dwfrbs00123.o)
 .idata$4       0x004070ec        0x4 c:/Program Files (x86)/mingw-w64/i686-4.9.2-posix-dwarf-rt_v3-rev0/mingw32/bin/../lib/gcc/i686-w64-mingw32/4.9.2/../../../../i686-w64-mingw32/lib/../lib/libmsvcrt.a(dwfrbs00145.o)
 .idata$4       0x004070f0        0x4 c:/Program Files (x86)/mingw-w64/i686-4.9.2-posix-dwarf-rt_v3-rev0/mingw32/bin/../lib/gcc/i686-w64-mingw32/4.9.2/../../../../i686-w64-mingw32/lib/../lib/libmsvcrt.a(dwfrbs00162.o)
 .idata$4       0x004070f4        0x4 c:/Program Files (x86)/mingw-w64/i686-4.9.2-posix-dwarf-rt_v3-rev0/mingw32/bin/../lib/gcc/i686-w64-mingw32/4.9.2/../../../../i686-w64-mingw32/lib/../lib/libmsvcrt.a(dwfrbs00274.o)
 .idata$4       0x004070f8        0x4 c:/Program Files (x86)/mingw-w64/i686-4.9.2-posix-dwarf-rt_v3-rev0/mingw32/bin/../lib/gcc/i686-w64-mingw32/4.9.2/../../../../i686-w64-mingw32/lib/../lib/libmsvcrt.a(dwfrbs00349.o)
 .idata$4       0x004070fc        0x4 c:/Program Files (x86)/mingw-w64/i686-4.9.2-posix-dwarf-rt_v3-rev0/mingw32/bin/../lib/gcc/i686-w64-mingw32/4.9.2/../../../../i686-w64-mingw32/lib/../lib/libmsvcrt.a(dwfrbs00353.o)
 .idata$4       0x00407100        0x4 c:/Program Files (x86)/mingw-w64/i686-4.9.2-posix-dwarf-rt_v3-rev0/mingw32/bin/../lib/gcc/i686-w64-mingw32/4.9.2/../../../../i686-w64-mingw32/lib/../lib/libmsvcrt.a(dwfrbs00458.o)
 .idata$4       0x00407104        0x4 c:/Program Files (x86)/mingw-w64/i686-4.9.2-posix-dwarf-rt_v3-rev0/mingw32/bin/../lib/gcc/i686-w64-mingw32/4.9.2/../../../../i686-w64-mingw32/lib/../lib/libmsvcrt.a(dwfrbs00624.o)
 .idata$4       0x00407108        0x4 c:/Program Files (x86)/mingw-w64/i686-4.9.2-posix-dwarf-rt_v3-rev0/mingw32/bin/../lib/gcc/i686-w64-mingw32/4.9.2/../../../../i686-w64-mingw32/lib/../lib/libmsvcrt.a(dwfrbs00839.o)
 .idata$4       0x0040710c        0x4 c:/Program Files (x86)/mingw-w64/i686-4.9.2-posix-dwarf-rt_v3-rev0/mingw32/bin/../lib/gcc/i686-w64-mingw32/4.9.2/../../../../i686-w64-mingw32/lib/../lib/libmsvcrt.a(dwfrbs01052.o)
 .idata$4       0x00407110        0x4 c:/Program Files (x86)/mingw-w64/i686-4.9.2-posix-dwarf-rt_v3-rev0/mingw32/bin/../lib/gcc/i686-w64-mingw32/4.9.2/../../../../i686-w64-mingw32/lib/../lib/libmsvcrt.a(dwfrbs01067.o)
 .idata$4       0x00407114        0x4 c:/Program Files (x86)/mingw-w64/i686-4.9.2-posix-dwarf-rt_v3-rev0/mingw32/bin/../lib/gcc/i686-w64-mingw32/4.9.2/../../../../i686-w64-mingw32/lib/../lib/libmsvcrt.a(dwfrbs01078.o)
 .idata$4       0x00407118        0x4 c:/Program Files (x86)/mingw-w64/i686-4.9.2-posix-dwarf-rt_v3-rev0/mingw32/bin/../lib/gcc/i686-w64-mingw32/4.9.2/../../../../i686-w64-mingw32/lib/../lib/libmsvcrt.a(dwfrbs01094.o)
 .idata$4       0x0040711c        0x4 c:/Program Files (x86)/mingw-w64/i686-4.9.2-posix-dwarf-rt_v3-rev0/mingw32/bin/../lib/gcc/i686-w64-mingw32/4.9.2/../../../../i686-w64-mingw32/lib/../lib/libmsvcrt.a(dwfrbs01101.o)
 .idata$4       0x00407120        0x4 c:/Program Files (x86)/mingw-w64/i686-4.9.2-posix-dwarf-rt_v3-rev0/mingw32/bin/../lib/gcc/i686-w64-mingw32/4.9.2/../../../../i686-w64-mingw32/lib/../lib/libmsvcrt.a(dwfrbs01112.o)
 .idata$4       0x00407124        0x4 c:/Program Files (x86)/mingw-w64/i686-4.9.2-posix-dwarf-rt_v3-rev0/mingw32/bin/../lib/gcc/i686-w64-mingw32/4.9.2/../../../../i686-w64-mingw32/lib/../lib/libmsvcrt.a(dwfrbs01159.o)
 .idata$4       0x00407128        0x4 c:/Program Files (x86)/mingw-w64/i686-4.9.2-posix-dwarf-rt_v3-rev0/mingw32/bin/../lib/gcc/i686-w64-mingw32/4.9.2/../../../../i686-w64-mingw32/lib/../lib/libmsvcrt.a(dwfrbs01168.o)
 .idata$4       0x0040712c        0x4 c:/Program Files (x86)/mingw-w64/i686-4.9.2-posix-dwarf-rt_v3-rev0/mingw32/bin/../lib/gcc/i686-w64-mingw32/4.9.2/../../../../i686-w64-mingw32/lib/../lib/libmsvcrt.a(dwfrbs01195.o)
 .idata$4       0x00407130        0x4 c:/Program Files (x86)/mingw-w64/i686-4.9.2-posix-dwarf-rt_v3-rev0/mingw32/bin/../lib/gcc/i686-w64-mingw32/4.9.2/../../../../i686-w64-mingw32/lib/../lib/libmsvcrt.a(dwfrbs01213.o)
 .idata$4       0x00407134        0x4 c:/Program Files (x86)/mingw-w64/i686-4.9.2-posix-dwarf-rt_v3-rev0/mingw32/bin/../lib/gcc/i686-w64-mingw32/4.9.2/../../../../i686-w64-mingw32/lib/../lib/libmsvcrt.a(dwfrbs01216.o)
 .idata$4       0x00407138        0x4 c:/Program Files (x86)/mingw-w64/i686-4.9.2-posix-dwarf-rt_v3-rev0/mingw32/bin/../lib/gcc/i686-w64-mingw32/4.9.2/../../../../i686-w64-mingw32/lib/../lib/libmsvcrt.a(dwfrbs01249.o)