Archive member included because of file (symbol)

c:/program files (x86)/gnu tools arm embedded/4.9 2014q4/bin/../lib/gcc/arm-none-eabi/4.9.3/armv6-m\libgcc.a(_divsi3.o)
                              sw-uart.o (__aeabi_idiv)
c:/program files (x86)/gnu tools arm embedded/4.9 2014q4/bin/../lib/gcc/arm-none-eabi/4.9.3/armv6-m\libgcc.a(_dvmd_tls.o)
                              c:/program files (x86)/gnu tools arm embedded/4.9 2014q4/bin/../lib/gcc/arm-none-eabi/4.9.3/armv6-m\libgcc.a(_divsi3.o) (__aeabi_idiv0)

Allocating common symbols
Common symbol       size              file

__dso_handle        0x4               bmptk_cortex.o
s                   0x43              main.o

Discarded input sections

 .text          0x00000000        0x0 main.o
 .data          0x00000000        0x0 main.o
 .bss           0x00000000        0x0 main.o
 .text          0x00000000        0x0 sw-uart.o
 .data          0x00000000        0x0 sw-uart.o
 .bss           0x00000000        0x0 sw-uart.o
 .text          0x00000000        0x0 timer.o
 .data          0x00000000        0x0 timer.o
 .bss           0x00000000        0x0 timer.o
 .text          0x00000000        0x0 bmptk_cortex.o
 .data          0x00000000        0x0 bmptk_cortex.o
 .bss           0x00000000        0x0 bmptk_cortex.o
 COMMON         0x00000000        0x4 bmptk_cortex.o
 .data          0x00000000        0x0 c:/program files (x86)/gnu tools arm embedded/4.9 2014q4/bin/../lib/gcc/arm-none-eabi/4.9.3/armv6-m\libgcc.a(_divsi3.o)
 .bss           0x00000000        0x0 c:/program files (x86)/gnu tools arm embedded/4.9 2014q4/bin/../lib/gcc/arm-none-eabi/4.9.3/armv6-m\libgcc.a(_divsi3.o)
 .data          0x00000000        0x0 c:/program files (x86)/gnu tools arm embedded/4.9 2014q4/bin/../lib/gcc/arm-none-eabi/4.9.3/armv6-m\libgcc.a(_dvmd_tls.o)
 .bss           0x00000000        0x0 c:/program files (x86)/gnu tools arm embedded/4.9 2014q4/bin/../lib/gcc/arm-none-eabi/4.9.3/armv6-m\libgcc.a(_dvmd_tls.o)

Memory Configuration

Name             Origin             Length             Attributes
rom              0x00000000         0x00008000         xr
ram              0x10000000         0x00001000         xrw
nul              0x20000000         0x00000000         xrw
*default*        0x00000000         0xffffffff

Linker script and memory map

LOAD main.o
LOAD sw-uart.o
LOAD timer.o
LOAD bmptk_cortex.o
START GROUP
LOAD c:/program files (x86)/gnu tools arm embedded/4.9 2014q4/bin/../lib/gcc/arm-none-eabi/4.9.3/armv6-m\libgcc.a
LOAD c:/program files (x86)/gnu tools arm embedded/4.9 2014q4/bin/../lib/gcc/arm-none-eabi/4.9.3/../../../../arm-none-eabi/lib/armv6-m\libc.a
END GROUP
                0x00000c00                __main_stack_size = 0xc00
                0x00000000                __process_stack_size = 0x0
                [0x00000c00]                PROVIDE (__main_stack_size, __main_stack_size)
                [0x00000000]                PROVIDE (__process_stack_size, __process_stack_size)
                0x00000000                __rom_start = ORIGIN (rom)
                0x00008000                __rom_size = 0x8000
                0x00008000                __rom_end = (__rom_start + __rom_size)
                0x10000000                __ram_start = ORIGIN (ram)
                0x00001000                __ram_size = 0x1000
                0x10001000                __ram_end = (__ram_start + __ram_size)
                [0x00000000]                PROVIDE (__rom_start, __rom_start)
                [0x00008000]                PROVIDE (__rom_size, __rom_size)
                [0x00008000]                PROVIDE (__rom_end, __rom_end)
                [0x10000000]                PROVIDE (__ram_start, __ram_start)
                [0x00001000]                PROVIDE (__ram_size, __ram_size)
                [0x10001000]                PROVIDE (__ram_end, __ram_end)

.text           0x00000000      0x940
                0x00000000                . = ALIGN (0x4)
                0x00000000                __text_start = .
                [0x00000000]                PROVIDE (__text_start, __text_start)
                0x00000000                . = ALIGN (0x4)
 *(.vectors)
 .vectors       0x00000000       0x20 bmptk_cortex.o
                0x00000000                __vectors
                0x00000020                . = ALIGN (0x4)
 *(.text .text.* .gnu.linkonce.t.*)
 .text.print_memmap_line
                0x00000020       0x3c main.o
                0x00000020                print_memmap_line
 .text.print_allocate
                0x0000005c       0x64 main.o
                0x0000005c                print_allocate
 .text.memmap_print
                0x000000c0      0x21c main.o
                0x000000c0                memmap_print
 .text.startup.main
                0x000002dc       0x2c main.o
                0x000002dc                main
 .text.txd_low  0x00000308       0x18 sw-uart.o
                0x00000308                txd_low
 .text.txd_high
                0x00000320       0x18 sw-uart.o
                0x00000320                txd_high
 .text.uart_init
                0x00000338       0x1c sw-uart.o
                0x00000338                uart_init
 .text.uart_put_char
                0x00000354       0x48 sw-uart.o
                0x00000354                uart_put_char
 .text.uart_put_string
                0x0000039c       0x14 sw-uart.o
                0x0000039c                uart_put_string
 .text.uart_put_int_decimal
                0x000003b0       0x34 sw-uart.o
                0x000003b0                uart_put_int_decimal
 .text.uart_put_int_hexadecimal_digit
                0x000003e4       0x16 sw-uart.o
                0x000003e4                uart_put_int_hexadecimal_digit
 .text.uart_put_int_hexadecimal
                0x000003fa       0x1c sw-uart.o
                0x000003fa                uart_put_int_hexadecimal
 *fill*         0x00000416        0x2 
 .text.timer_init
                0x00000418       0x28 timer.o
                0x00000418                timer_init
 .text.now      0x00000440        0xc timer.o
                0x00000440                now
 .text.await    0x0000044c       0x10 timer.o
                0x0000044c                await
 .text.__startup
                0x0000045c       0x58 bmptk_cortex.o
                0x0000045c                __startup
 .text.malloc   0x000004b4       0x28 bmptk_cortex.o
                0x000004b4                malloc
 .text          0x000004dc      0x1e0 c:/program files (x86)/gnu tools arm embedded/4.9 2014q4/bin/../lib/gcc/arm-none-eabi/4.9.3/armv6-m\libgcc.a(_divsi3.o)
                0x000004dc                __divsi3
                0x000004dc                __aeabi_idiv
                0x000006a8                __aeabi_idivmod
 .text          0x000006bc        0x4 c:/program files (x86)/gnu tools arm embedded/4.9 2014q4/bin/../lib/gcc/arm-none-eabi/4.9.3/armv6-m\libgcc.a(_dvmd_tls.o)
                0x000006bc                __aeabi_idiv0
                0x000006bc                __aeabi_ldiv0
                0x000006c0                . = ALIGN (0x4)
 *(.glue_7t .glue_7)
 .glue_7        0x00000000        0x0 linker stubs
 .glue_7t       0x00000000        0x0 linker stubs
                0x000006c0                . = ALIGN (0x4)
 *(.rodata .rodata.* .gnu.linkonce.r.*)
 .rodata.str1.1
                0x000006c0      0x27f main.o
                                0x281 (size before relaxing)
                0x00000940                . = ALIGN (0x4)
 *fill*         0x0000093f        0x1 
 *(.ARM.extab* .gnu.linkonce.armextab.*)
                0x00000940                . = ALIGN (0x4)
 *(.gcc_except_table)
                0x00000940                . = ALIGN (0x4)
 *(.eh_frame_hdr)
                0x00000940                . = ALIGN (0x4)
 *(.eh_frame)
                0x00000940                . = ALIGN (0x4)
                0x00000940                __text_end = .
                [0x00000940]                PROVIDE (__text_end, __text_end)

.vfp11_veneer   0x00000940        0x0
 .vfp11_veneer  0x00000000        0x0 linker stubs

.v4_bx          0x00000940        0x0
 .v4_bx         0x00000000        0x0 linker stubs

.iplt           0x00000940        0x0
 .iplt          0x00000000        0x0 main.o

.rel.dyn        0x00000940        0x0
 .rel.iplt      0x00000000        0x0 main.o

.IF_YOU_SEE_THIS_YOU_HAVE_ONE_OR_MORE_GLOBAL_OBJECT_CONSTRUCTORS
 *(.init)
 *(.preinit_array)
 *(SORT(.init_array.*))
 *(.init_array)
                0x00000940                . = ALIGN (0x4)
                0x00000940                __exidx_start = .
                [0x00000940]                PROVIDE (__exidx_start, __exidx_start)

.ARM.exidx
 *(.ARM.exidx* .gnu.linkonce.armexidx.*)
                0x00000940                . = ALIGN (0x4)
                0x00000940                __exidx_end = .
                [0x00000940]                PROVIDE (__exidx_end, __exidx_end)

.data           0x10000000       0x18 load address 0x00000940
                0x10000000                . = ALIGN (0x4)
                0x00000940                __data_init_start = LOADADDR (.data)
                [0x00000940]                PROVIDE (__data_init_start, __data_init_start)
                0x10000000                __data_start = .
                [0x10000000]                PROVIDE (__data_start, __data_start)
                0x10000000                . = ALIGN (0x4)
 *(.data .data.* .gnu.linkonce.d.*)
 .data.title    0x10000000       0x11 main.o
                0x10000000                title
 *fill*         0x10000011        0x3 
 .data.heap_free
                0x10000014        0x4 bmptk_cortex.o
                0x10000014                heap_free
                0x10000018                . = ALIGN (0x4)
                0x10000018                __data_end = .
                [0x10000018]                PROVIDE (__data_end, __data_end)

.igot.plt       0x10000018        0x0 load address 0x00000958
 .igot.plt      0x00000000        0x0 main.o
                0x10000018                . = ALIGN (0x4)
                0x10000018                __data_end = .
                [0x10000018]                PROVIDE (__data_end, __data_end)
                0x00000018                PROVIDE (__data_size, (__data_end - __data_start))
                0x00000958                PROVIDE (__data_init_end, (__data_init_start + __data_size))
                0x00000018                PROVIDE (__data_init_size, __data_size)

.bss            0x10000018       0x48
                0x10000018                . = ALIGN (0x4)
                0x10000018                __bss_start = .
                [0x10000018]                PROVIDE (__bss_start, __bss_start)
                0x10000018                . = ALIGN (0x4)
 *(.bss .bss.* .gnu.linkonce.b.*)
 .bss.total     0x10000018        0x4 main.o
                0x10000018                total
                0x1000001c                . = ALIGN (0x4)
 *(COMMON)
 COMMON         0x1000001c       0x43 main.o
                0x1000001c                s
                0x10000060                . = ALIGN (0x4)
 *fill*         0x1000005f        0x1 
                0x10000060                __bss_end = .
                [0x10000060]                PROVIDE (__bss_end, __bss_end)
                0x10000060                . = ALIGN (0x4)
                0x10000060                __bss_end = .
                [0x10000060]                PROVIDE (__bss_end, __bss_end)
                0x00000048                PROVIDE (__bss_size, (__bss_end - __bss_start))

.stack          0x10000060      0xc00
                0x10000060                . = ALIGN (0x8)
                0x10000060                __stack_start = .
                [0x10000060]                PROVIDE (__stack_start, __stack_start)
                0x10000060                . = ALIGN (0x8)
                0x10000060                __main_stack_start = .
                [0x10000060]                PROVIDE (__main_stack_start, __main_stack_start)
                0x10000c60                . = (. + __main_stack_size)
 *fill*         0x10000060      0xc00 
                0x10000c60                . = ALIGN (0x8)
                0x10000c60                __main_stack_end = .
                [0x10000c60]                PROVIDE (__main_stack_end, __main_stack_end)
                0x10000c60                . = ALIGN (0x8)
                0x10000c60                __process_stack_start = .
                [0x10000c60]                PROVIDE (__process_stack_start, __process_stack_start)
                0x10000c60                . = (. + __process_stack_size)
                0x10000c60                . = ALIGN (0x8)
                0x10000c60                __process_stack_end = .
                [0x10000c60]                PROVIDE (__process_stack_end, __process_stack_end)
                0x10000c60                . = ALIGN (0x8)
                0x10000c60                __stack_end = .
                [0x10000c60]                PROVIDE (__stack_end, __stack_end)
                0x10000c60                . = ALIGN (0x4)
                0x10000c60                __heap_start = .
                [0x10000c60]                PROVIDE (__heap_start, __heap_start)
                0x10000c60                . = ALIGN (0x4)
                0x10001000                __heap_end = __ram_end
                [0x10001000]                PROVIDE (__heap_end, __heap_end)

.stab
 *(.stab)

.stabstr
 *(.stabstr)

.debug
 *(.debug)

.line
 *(.line)

.debug_srcinfo
 *(.debug_srcinfo)

.debug_sfnames
 *(.debug_sfnames)

.debug_aranges
 *(.debug_aranges)

.debug_pubnames
 *(.debug_pubnames)

.debug_info
 *(.debug_info .gnu.linkonce.wi.*)

.debug_abbrev
 *(.debug_abbrev)

.debug_line
 *(.debug_line)

.debug_frame    0x00000000       0x20
 *(.debug_frame)
 .debug_frame   0x00000000       0x20 c:/program files (x86)/gnu tools arm embedded/4.9 2014q4/bin/../lib/gcc/arm-none-eabi/4.9.3/armv6-m\libgcc.a(_divsi3.o)

.comment        0x00000000       0x70
 .comment       0x00000000       0x70 main.o
                                 0x71 (size before relaxing)
 .comment       0x00000000       0x71 sw-uart.o
 .comment       0x00000000       0x71 timer.o
 .comment       0x00000000       0x71 bmptk_cortex.o

.debug_str
 *(.debug_str)

.debug_loc
 *(.debug_loc)

.debug_macinfo
 *(.debug_macinfo)

.debug_weaknames
 *(.debug_weaknames)

.debug_funcnames
 *(.debug_funcnames)

.debug_typenames
 *(.debug_typenames)

.debug_varnames
 *(.debug_varnames)

.note.gnu.arm.ident
 *(.note.gnu.arm.ident)

.ARM.attributes
                0x00000000       0x31
 *(.ARM.attributes)
 .ARM.attributes
                0x00000000       0x31 main.o
 .ARM.attributes
                0x00000031       0x31 sw-uart.o
 .ARM.attributes
                0x00000062       0x31 timer.o
 .ARM.attributes
                0x00000093       0x31 bmptk_cortex.o
 .ARM.attributes
                0x000000c4       0x1e c:/program files (x86)/gnu tools arm embedded/4.9 2014q4/bin/../lib/gcc/arm-none-eabi/4.9.3/armv6-m\libgcc.a(_divsi3.o)
 .ARM.attributes
                0x000000e2       0x1e c:/program files (x86)/gnu tools arm embedded/4.9 2014q4/bin/../lib/gcc/arm-none-eabi/4.9.3/armv6-m\libgcc.a(_dvmd_tls.o)

/DISCARD/
 *(.note.GNU-stack)
                0x00000940                PROVIDE (__text_size, (__text_end - __text_start))
                0x00000000                PROVIDE (__exidx_size, (__exidx_end - __exidx_start))
                0x00000018                PROVIDE (__data_size, (__data_end - __data_start))
                0x00000048                PROVIDE (__bss_size, (__bss_end - __bss_start))
                0x00000c00                PROVIDE (__stack_size, (__stack_end - __stack_start))
                0x000003a0                PROVIDE (__heap_size, (__heap_end - __heap_start))
OUTPUT(main.elf elf32-littlearm)
